#
# There is insufficient memory for the Java Runtime Environment to continue.
# Native memory allocation (malloc) failed to allocate 32744 bytes. Error detail: Chunk::new
# Possible reasons:
#   The system is out of physical RAM or swap space
#   This process is running with CompressedOops enabled, and the Java Heap may be blocking the growth of the native heap
# Possible solutions:
#   Reduce memory load on the system
#   Increase physical memory or swap space
#   Check if swap backing store is full
#   Decrease Java heap size (-Xmx/-Xms)
#   Decrease number of Java threads
#   Decrease Java thread stack sizes (-Xss)
#   Set larger code cache with -XX:ReservedCodeCacheSize=
#   JVM is running with Unscaled Compressed Oops mode in which the Java heap is
#     placed in the first 4GB address space. The Java Heap base address is the
#     maximum limit for the native heap growth. Please use -XX:HeapBaseMinAddress
#     to set the Java Heap base and to place the Java Heap above 4GB virtual address.
# This output file may be truncated or incomplete.
#
#  Out of Memory Error (arena.cpp:168), pid=18836, tid=4364
#
# JRE version: OpenJDK Runtime Environment Temurin-21.0.12.1+1 (21.0.12.1+1) (build 21.0.12.1+1-LTS)
# Java VM: OpenJDK 64-Bit Server VM Temurin-21.0.12.1+1 (21.0.12.1+1-LTS, mixed mode, sharing, tiered, compressed oops, compressed class ptrs, parallel gc, windows-amd64)
# No core dump will be written. Minidumps are not enabled by default on client versions of Windows
#

---------------  S U M M A R Y ------------

Command Line: --add-modules=ALL-SYSTEM --add-opens=java.base/java.util=ALL-UNNAMED --add-opens=java.base/java.lang=ALL-UNNAMED --add-opens=java.base/sun.nio.fs=ALL-UNNAMED -Declipse.application=org.eclipse.jdt.ls.core.id1 -Dosgi.bundles.defaultStartLevel=4 -Declipse.product=org.eclipse.jdt.ls.core.product -Djava.import.generatesMetadataFilesAtProjectRoot=false -Dm2e.project.cache.size=50 -DDetectVMInstallationsJob.disabled=true -Dfile.encoding=utf8 -XX:+UseParallelGC -XX:GCTimeRatio=4 -XX:AdaptiveSizePolicyWeight=90 -Dsun.zip.disableMemoryMapping=true -Xmx2G -Xms100m -Xlog:disable -javaagent:c:\Users\User\.antigravity-ide\extensions\redhat.java-1.56.0-win32-x64\lombok\lombok-1.18.39-4050.jar -XX:+HeapDumpOnOutOfMemoryError -XX:HeapDumpPath=c:\Users\User\AppData\Roaming\Antigravity IDE\User\workspaceStorage\2d7ac5d3307a55c8985de7f30235a0eb\redhat.java -Daether.dependencyCollector.impl=bf c:\Users\User\.antigravity-ide\extensions\redhat.java-1.56.0-win32-x64\server\plugins\org.eclipse.equinox.launcher_1.8.0.v20260804-1928.jar -configuration c:\Users\User\AppData\Roaming\Antigravity IDE\User\globalStorage\redhat.java\1.56.0\config_win -data c:\Users\User\AppData\Roaming\Antigravity IDE\User\workspaceStorage\2d7ac5d3307a55c8985de7f30235a0eb\redhat.java\jdt_ws --pipe=\\.\pipe\lsp-d482834a42ed2185efecbb7d00a3c833-sock

Host: Intel(R) Core(TM) i5-10210U CPU @ 1.60GHz, 8 cores, 15G,  Windows 11 , 64 bit Build 26100 (10.0.26100.9444)
Time: Tue Oct  6 14:10:25 2026 India Standard Time elapsed time: 21.962530 seconds (0d 0h 0m 21s)

---------------  T H R E A D  ---------------

Current thread (0x000002026e6977d0):  JavaThread "C1 CompilerThread0" daemon [_thread_in_native, id=4364, stack(0x0000000649b00000,0x0000000649c00000) (1024K)]


Current CompileTask:
C1:21962 2327       3       java.lang.ref.ReferenceQueue::poll0 (65 bytes)

Stack: [0x0000000649b00000,0x0000000649c00000]
Native frames: (J=compiled Java code, j=interpreted, Vv=VM code, C=native code)
V  [jvm.dll+0x6d83e9]
V  [jvm.dll+0x8b5736]
V  [jvm.dll+0x8b7cee]
V  [jvm.dll+0x8b83d3]
V  [jvm.dll+0x284596]
V  [jvm.dll+0xc685d]
V  [jvm.dll+0xc6da1]
V  [jvm.dll+0x696fcd]
V  [jvm.dll+0x696a60]
V  [jvm.dll+0x1f599d]
V  [jvm.dll+0x166c65]
V  [jvm.dll+0x15abe4]
V  [jvm.dll+0x166826]
V  [jvm.dll+0x169859]
V  [jvm.dll+0x169246]
V  [jvm.dll+0x160e10]
V  [jvm.dll+0x1630ad]
V  [jvm.dll+0x1616b6]
V  [jvm.dll+0x15b3f7]
V  [jvm.dll+0x16aec8]
V  [jvm.dll+0x1569e5]
V  [jvm.dll+0x156d32]
V  [jvm.dll+0x156fe4]
V  [jvm.dll+0x1563fc]
V  [jvm.dll+0x15818d]
V  [jvm.dll+0x25baad]
V  [jvm.dll+0x25a03a]
V  [jvm.dll+0x3f8aae]
V  [jvm.dll+0x8600cd]
V  [jvm.dll+0x6d6c1d]
C  [ucrtbase.dll+0x2cd30]
C  [KERNEL32.DLL+0x2cd87]
C  [ntdll.dll+0xacaec]


---------------  P R O C E S S  ---------------

Threads class SMR info:
_java_thread_list=0x00000202733c7a20, length=16, elements={
0x000002021524ddb0, 0x000002022bcbe110, 0x000002022bcc3410, 0x000002022bcc5af0,
0x000002022bcc68b0, 0x000002022bcc7310, 0x000002022bcc7d70, 0x000002022bccabc0,
0x000002026e6977d0, 0x000002026e883ee0, 0x000002026e844560, 0x0000020273611ec0,
0x000002026ea27ec0, 0x00000202736f3020, 0x00000202736f3690, 0x00000202730697e0
}

Java Threads: ( => current thread )
  0x000002021524ddb0 JavaThread "main"                              [_thread_blocked, id=17644, stack(0x0000000649000000,0x0000000649100000) (1024K)]
  0x000002022bcbe110 JavaThread "Reference Handler"          daemon [_thread_blocked, id=27668, stack(0x0000000649400000,0x0000000649500000) (1024K)]
  0x000002022bcc3410 JavaThread "Finalizer"                  daemon [_thread_blocked, id=4460, stack(0x0000000649500000,0x0000000649600000) (1024K)]
  0x000002022bcc5af0 JavaThread "Signal Dispatcher"          daemon [_thread_blocked, id=9172, stack(0x0000000649600000,0x0000000649700000) (1024K)]
  0x000002022bcc68b0 JavaThread "Attach Listener"            daemon [_thread_blocked, id=29404, stack(0x0000000649700000,0x0000000649800000) (1024K)]
  0x000002022bcc7310 JavaThread "Service Thread"             daemon [_thread_blocked, id=11020, stack(0x0000000649800000,0x0000000649900000) (1024K)]
  0x000002022bcc7d70 JavaThread "Monitor Deflation Thread"   daemon [_thread_blocked, id=16316, stack(0x0000000649900000,0x0000000649a00000) (1024K)]
  0x000002022bccabc0 JavaThread "C2 CompilerThread0"         daemon [_thread_in_native, id=22672, stack(0x0000000649a00000,0x0000000649b00000) (1024K)]
=>0x000002026e6977d0 JavaThread "C1 CompilerThread0"         daemon [_thread_in_native, id=4364, stack(0x0000000649b00000,0x0000000649c00000) (1024K)]
  0x000002026e883ee0 JavaThread "Common-Cleaner"             daemon [_thread_blocked, id=5248, stack(0x0000000649c00000,0x0000000649d00000) (1024K)]
  0x000002026e844560 JavaThread "Notification Thread"        daemon [_thread_blocked, id=22744, stack(0x0000000649d00000,0x0000000649e00000) (1024K)]
  0x0000020273611ec0 JavaThread "Active Thread: Equinox Container: 87ec9b57-cdec-40a5-964d-afea8f760855"        [_thread_blocked, id=6652, stack(0x0000000649e00000,0x0000000649f00000) (1024K)]
  0x000002026ea27ec0 JavaThread "Refresh Thread: Equinox Container: 87ec9b57-cdec-40a5-964d-afea8f760855" daemon [_thread_blocked, id=25936, stack(0x000000064a600000,0x000000064a700000) (1024K)]
  0x00000202736f3020 JavaThread "Framework Event Dispatcher: Equinox Container: 87ec9b57-cdec-40a5-964d-afea8f760855" daemon [_thread_in_vm, id=19732, stack(0x000000064a700000,0x000000064a800000) (1024K)]
  0x00000202736f3690 JavaThread "Start Level: Equinox Container: 87ec9b57-cdec-40a5-964d-afea8f760855" daemon [_thread_in_vm, id=22976, stack(0x000000064a800000,0x000000064a900000) (1024K)]
  0x00000202730697e0 JavaThread "Bundle File Closer"         daemon [_thread_blocked, id=24388, stack(0x000000064aa00000,0x000000064ab00000) (1024K)]
Total: 16

Other Threads:
  0x000002022bca28c0 VMThread "VM Thread"                           [id=5284, stack(0x0000000649300000,0x0000000649400000) (1024K)]
  0x00000202152b9920 WatcherThread "VM Periodic Task Thread"        [id=26020, stack(0x0000000649200000,0x0000000649300000) (1024K)]
  0x000002021526c170 WorkerThread "GC Thread#0"                     [id=28892, stack(0x0000000649100000,0x0000000649200000) (1024K)]
  0x000002026e9bc810 WorkerThread "GC Thread#1"                     [id=25696, stack(0x0000000649f00000,0x000000064a000000) (1024K)]
  0x000002026e9bcbc0 WorkerThread "GC Thread#2"                     [id=23012, stack(0x000000064a000000,0x000000064a100000) (1024K)]
  0x0000020273368750 WorkerThread "GC Thread#3"                     [id=13648, stack(0x000000064a100000,0x000000064a200000) (1024K)]
  0x0000020273368b00 WorkerThread "GC Thread#4"                     [id=8248, stack(0x000000064a200000,0x000000064a300000) (1024K)]
  0x0000020273368eb0 WorkerThread "GC Thread#5"                     [id=28736, stack(0x000000064a300000,0x000000064a400000) (1024K)]
  0x0000020273057370 WorkerThread "GC Thread#6"                     [id=28264, stack(0x000000064a400000,0x000000064a500000) (1024K)]
  0x000002022bccd0e0 WorkerThread "GC Thread#7"                     [id=21176, stack(0x000000064a500000,0x000000064a600000) (1024K)]
Total: 10

Threads with active compile tasks:
C2 CompilerThread0  22014 2331 % !   4       java.util.concurrent.ConcurrentHashMap::transfer @ 96 (849 bytes)
C1 CompilerThread0  22022 2327       3       java.lang.ref.ReferenceQueue::poll0 (65 bytes)
Total: 2

VM state: not at safepoint (normal execution)

VM Mutex/Monitor currently owned by a thread: None

OutOfMemory and StackOverflow Exception counts:
OutOfMemoryError java_heap_errors=1
LinkageErrors=32

Heap address: 0x0000000080000000, size: 2048 MB, Compressed Oops mode: 32-bit

CDS archive(s) mapped at: [0x000002022c000000-0x000002022cba0000-0x000002022cba0000), size 12189696, SharedBaseAddress: 0x000002022c000000, ArchiveRelocationMode: 1.
Compressed class space mapped at: 0x000002022d000000-0x000002026d000000, reserved size: 1073741824
Narrow klass base: 0x000002022c000000, Narrow klass shift: 0, Narrow klass range: 0x100000000

GC Precious Log:
 CardTable entry size: 512
 CPUs: 8 total, 8 available
 Memory: 15782M
 Large Page Support: Disabled
 NUMA Support: Disabled
 Compressed Oops: Enabled (32-bit)
 Alignments: Space 512K, Generation 512K, Heap 2M
 Heap Min Capacity: 100M
 Heap Initial Capacity: 100M
 Heap Max Capacity: 2G
 Pre-touch: Disabled
 Parallel Workers: 8

Heap:
 PSYoungGen      total 29696K, used 17966K [0x00000000d5580000, 0x00000000d7680000, 0x0000000100000000)
  eden space 25600K, 54% used [0x00000000d5580000,0x00000000d630e2f8,0x00000000d6e80000)
  from space 4096K, 99% used [0x00000000d6e80000,0x00000000d727d758,0x00000000d7280000)
  to   space 4096K, 0% used [0x00000000d7280000,0x00000000d7280000,0x00000000d7680000)
 ParOldGen       total 68608K, used 4651K [0x0000000080000000, 0x0000000084300000, 0x00000000d5580000)
  object space 68608K, 6% used [0x0000000080000000,0x000000008048afb0,0x0000000084300000)
 Metaspace       used 9762K, committed 10048K, reserved 1114112K
  class space    used 1035K, committed 1152K, reserved 1048576K

Card table byte_map: [0x0000020214c00000,0x0000020215010000] _byte_map_base: 0x0000020214800000

Marking Bits: (ParMarkBitMap*) 0x00007ffb9c8644a0
 Begin Bits: [0x0000020227700000, 0x0000020229700000)
 End Bits:   [0x0000020229700000, 0x000002022b700000)

Polling page: 0x00000202134c0000

Metaspace:

Usage:
  Non-class:      8.52 MB used.
      Class:      1.01 MB used.
       Both:      9.53 MB used.

Virtual space:
  Non-class space:       64.00 MB reserved,       8.69 MB ( 14%) committed,  1 nodes.
      Class space:        1.00 GB reserved,       1.12 MB ( <1%) committed,  1 nodes.
             Both:        1.06 GB reserved,       9.81 MB ( <1%) committed. 

Chunk freelists:
   Non-Class:  6.50 MB
       Class:  14.76 MB
        Both:  21.26 MB

MaxMetaspaceSize: unlimited
CompressedClassSpaceSize: 1.00 GB
Initial GC threshold: 21.00 MB
Current GC threshold: 21.00 MB
CDS: on
 - commit_granule_bytes: 65536.
 - commit_granule_words: 8192.
 - virtual_space_node_default_size: 8388608.
 - enlarge_chunks_in_place: 1.
 - use_allocation_guard: 0.


Internal statistics:

num_allocs_failed_limit: 0.
num_arena_births: 266.
num_arena_deaths: 0.
num_vsnodes_births: 2.
num_vsnodes_deaths: 0.
num_space_committed: 157.
num_space_uncommitted: 0.
num_chunks_returned_to_freelist: 0.
num_chunks_taken_from_freelist: 534.
num_chunk_merges: 0.
num_chunk_splits: 340.
num_chunks_enlarged: 223.
num_inconsistent_stats: 0.

CodeHeap 'non-profiled nmethods': size=120000Kb used=1115Kb max_used=1115Kb free=118884Kb
 bounds [0x000002021ff20000, 0x0000020220190000, 0x0000020227450000]
CodeHeap 'profiled nmethods': size=120000Kb used=4326Kb max_used=4326Kb free=115673Kb
 bounds [0x0000020218450000, 0x0000020218890000, 0x000002021f980000]
CodeHeap 'non-nmethods': size=5760Kb used=1234Kb max_used=1262Kb free=4525Kb
 bounds [0x000002021f980000, 0x000002021fbf0000, 0x000002021ff20000]
CodeCache: size=245760Kb, used=6675Kb, max_used=6703Kb, free=239082Kb
 total_blobs=2824, nmethods=2326, adapters=404, full_count=0
Compilation: enabled, stopped_count=0, restarted_count=0

Compilation events (20 events):
Event: 21.485 Thread 0x000002026e6977d0 2318       3       java.io.BufferedInputStream::fill (204 bytes)
Event: 21.486 Thread 0x000002026e6977d0 nmethod 2318 0x0000020218884610 code [0x0000020218884880, 0x0000020218885350]
Event: 21.486 Thread 0x000002026e6977d0 2319       3       java.io.BufferedInputStream::getInIfOpen (21 bytes)
Event: 21.486 Thread 0x000002026e6977d0 nmethod 2319 0x0000020218885690 code [0x0000020218885840, 0x0000020218885a48]
Event: 21.488 Thread 0x000002026e6977d0 2320       3       aQute.libg.qtokens.QuotedTokenizer::quotedString (152 bytes)
Event: 21.490 Thread 0x000002026e6977d0 nmethod 2320 0x0000020218885b10 code [0x0000020218885e20, 0x0000020218887020]
Event: 21.492 Thread 0x000002026e6977d0 2321       3       java.util.regex.Matcher::search (154 bytes)
Event: 21.493 Thread 0x000002026e6977d0 nmethod 2321 0x0000020218887790 code [0x00000202188879a0, 0x0000020218887f20]
Event: 21.493 Thread 0x000002026e6977d0 2322       3       java.util.zip.ZipFile$Source$Key::hashCode (46 bytes)
Event: 21.494 Thread 0x000002026e880870 nmethod 2309 0x0000020220034290 code [0x0000020220034620, 0x00000202200353c8]
Event: 21.494 Thread 0x000002026e6977d0 nmethod 2322 0x0000020218888110 code [0x0000020218888320, 0x0000020218888770]
Event: 21.494 Thread 0x000002026e6977d0 2323       3       java.nio.file.attribute.FileTime::toMillis (98 bytes)
Event: 21.494 Thread 0x000002026e6977d0 nmethod 2323 0x0000020218888a10 code [0x0000020218888c00, 0x0000020218889060]
Event: 21.495 Thread 0x000002026e6977d0 2324       3       java.util.HashMap::afterNodeRemoval (1 bytes)
Event: 21.495 Thread 0x000002026e6977d0 nmethod 2324 0x0000020218889210 code [0x00000202188893a0, 0x00000202188894a8]
Event: 21.500 Thread 0x000002026e6977d0 2325       1       org.eclipse.osgi.internal.loader.BundleLoader::getWiring (5 bytes)
Event: 21.501 Thread 0x000002026e6977d0 nmethod 2325 0x0000020220035c10 code [0x0000020220035da0, 0x0000020220035e68]
Event: 21.504 Thread 0x000002026e6977d0 2326       3       java.util.AbstractList$Itr::hasNext (20 bytes)
Event: 21.504 Thread 0x000002026e6977d0 nmethod 2326 0x0000020218889510 code [0x00000202188896c0, 0x00000202188898f0]
Event: 21.960 Thread 0x000002026e6977d0 2327       3       java.lang.ref.ReferenceQueue::poll0 (65 bytes)

GC Heap History (6 events):
Event: 2.806 GC heap before
{Heap before GC invocations=1 (full 0):
 PSYoungGen      total 29696K, used 25600K [0x00000000d5580000, 0x00000000d7680000, 0x0000000100000000)
  eden space 25600K, 100% used [0x00000000d5580000,0x00000000d6e80000,0x00000000d6e80000)
  from space 4096K, 0% used [0x00000000d7280000,0x00000000d7280000,0x00000000d7680000)
  to   space 4096K, 0% used [0x00000000d6e80000,0x00000000d6e80000,0x00000000d7280000)
 ParOldGen       total 68608K, used 0K [0x0000000080000000, 0x0000000084300000, 0x00000000d5580000)
  object space 68608K, 0% used [0x0000000080000000,0x0000000080000000,0x0000000084300000)
 Metaspace       used 4345K, committed 4608K, reserved 1114112K
  class space    used 475K, committed 576K, reserved 1048576K
}
Event: 2.818 GC heap after
{Heap after GC invocations=1 (full 0):
 PSYoungGen      total 29696K, used 3303K [0x00000000d5580000, 0x00000000d7680000, 0x0000000100000000)
  eden space 25600K, 0% used [0x00000000d5580000,0x00000000d5580000,0x00000000d6e80000)
  from space 4096K, 80% used [0x00000000d6e80000,0x00000000d71b9e98,0x00000000d7280000)
  to   space 4096K, 0% used [0x00000000d7280000,0x00000000d7280000,0x00000000d7680000)
 ParOldGen       total 68608K, used 8K [0x0000000080000000, 0x0000000084300000, 0x00000000d5580000)
  object space 68608K, 0% used [0x0000000080000000,0x0000000080002000,0x0000000084300000)
 Metaspace       used 4345K, committed 4608K, reserved 1114112K
  class space    used 475K, committed 576K, reserved 1048576K
}
Event: 11.063 GC heap before
{Heap before GC invocations=2 (full 0):
 PSYoungGen      total 29696K, used 28903K [0x00000000d5580000, 0x00000000d7680000, 0x0000000100000000)
  eden space 25600K, 100% used [0x00000000d5580000,0x00000000d6e80000,0x00000000d6e80000)
  from space 4096K, 80% used [0x00000000d6e80000,0x00000000d71b9e98,0x00000000d7280000)
  to   space 4096K, 0% used [0x00000000d7280000,0x00000000d7280000,0x00000000d7680000)
 ParOldGen       total 68608K, used 8K [0x0000000080000000, 0x0000000084300000, 0x00000000d5580000)
  object space 68608K, 0% used [0x0000000080000000,0x0000000080002000,0x0000000084300000)
 Metaspace       used 8027K, committed 8256K, reserved 1114112K
  class space    used 833K, committed 960K, reserved 1048576K
}
Event: 11.072 GC heap after
{Heap after GC invocations=2 (full 0):
 PSYoungGen      total 29696K, used 4070K [0x00000000d5580000, 0x00000000d7680000, 0x0000000100000000)
  eden space 25600K, 0% used [0x00000000d5580000,0x00000000d5580000,0x00000000d6e80000)
  from space 4096K, 99% used [0x00000000d7280000,0x00000000d7679800,0x00000000d7680000)
  to   space 4096K, 0% used [0x00000000d6e80000,0x00000000d6e80000,0x00000000d7280000)
 ParOldGen       total 68608K, used 1968K [0x0000000080000000, 0x0000000084300000, 0x00000000d5580000)
  object space 68608K, 2% used [0x0000000080000000,0x00000000801ec318,0x0000000084300000)
 Metaspace       used 8027K, committed 8256K, reserved 1114112K
  class space    used 833K, committed 960K, reserved 1048576K
}
Event: 21.140 GC heap before
{Heap before GC invocations=3 (full 0):
 PSYoungGen      total 29696K, used 29529K [0x00000000d5580000, 0x00000000d7680000, 0x0000000100000000)
  eden space 25600K, 99% used [0x00000000d5580000,0x00000000d6e5cda0,0x00000000d6e80000)
  from space 4096K, 99% used [0x00000000d7280000,0x00000000d7679800,0x00000000d7680000)
  to   space 4096K, 0% used [0x00000000d6e80000,0x00000000d6e80000,0x00000000d7280000)
 ParOldGen       total 68608K, used 1968K [0x0000000080000000, 0x0000000084300000, 0x00000000d5580000)
  object space 68608K, 2% used [0x0000000080000000,0x00000000801ec318,0x0000000084300000)
 Metaspace       used 9493K, committed 9856K, reserved 1114112K
  class space    used 1011K, committed 1152K, reserved 1048576K
}
Event: 21.148 GC heap after
{Heap after GC invocations=3 (full 0):
 PSYoungGen      total 29696K, used 4085K [0x00000000d5580000, 0x00000000d7680000, 0x0000000100000000)
  eden space 25600K, 0% used [0x00000000d5580000,0x00000000d5580000,0x00000000d6e80000)
  from space 4096K, 99% used [0x00000000d6e80000,0x00000000d727d758,0x00000000d7280000)
  to   space 4096K, 0% used [0x00000000d7280000,0x00000000d7280000,0x00000000d7680000)
 ParOldGen       total 68608K, used 4651K [0x0000000080000000, 0x0000000084300000, 0x00000000d5580000)
  object space 68608K, 6% used [0x0000000080000000,0x000000008048afb0,0x0000000084300000)
 Metaspace       used 9493K, committed 9856K, reserved 1114112K
  class space    used 1011K, committed 1152K, reserved 1048576K
}

Dll operation events (18 events):
Event: 0.080 Attempting to load shared library c:\Users\User\.antigravity-ide\extensions\redhat.java-1.56.0-win32-x64\jre\21.0.12.1-win32-x86_64\bin\java.dll
Event: 0.080 Loaded shared library c:\Users\User\.antigravity-ide\extensions\redhat.java-1.56.0-win32-x64\jre\21.0.12.1-win32-x86_64\bin\java.dll
Event: 0.233 Attempting to load shared library c:\Users\User\.antigravity-ide\extensions\redhat.java-1.56.0-win32-x64\jre\21.0.12.1-win32-x86_64\bin\zip.dll
Event: 0.234 Loaded shared library c:\Users\User\.antigravity-ide\extensions\redhat.java-1.56.0-win32-x64\jre\21.0.12.1-win32-x86_64\bin\zip.dll
Event: 0.289 Attempting to load shared library C:\Users\User\.antigravity-ide\extensions\redhat.java-1.56.0-win32-x64\jre\21.0.12.1-win32-x86_64\bin\instrument.dll
Event: 0.289 Loaded shared library C:\Users\User\.antigravity-ide\extensions\redhat.java-1.56.0-win32-x64\jre\21.0.12.1-win32-x86_64\bin\instrument.dll
Event: 0.317 Attempting to load shared library C:\Users\User\.antigravity-ide\extensions\redhat.java-1.56.0-win32-x64\jre\21.0.12.1-win32-x86_64\bin\net.dll
Event: 0.323 Loaded shared library C:\Users\User\.antigravity-ide\extensions\redhat.java-1.56.0-win32-x64\jre\21.0.12.1-win32-x86_64\bin\net.dll
Event: 0.327 Attempting to load shared library C:\Users\User\.antigravity-ide\extensions\redhat.java-1.56.0-win32-x64\jre\21.0.12.1-win32-x86_64\bin\nio.dll
Event: 0.328 Loaded shared library C:\Users\User\.antigravity-ide\extensions\redhat.java-1.56.0-win32-x64\jre\21.0.12.1-win32-x86_64\bin\nio.dll
Event: 0.336 Attempting to load shared library C:\Users\User\.antigravity-ide\extensions\redhat.java-1.56.0-win32-x64\jre\21.0.12.1-win32-x86_64\bin\zip.dll
Event: 0.336 Loaded shared library C:\Users\User\.antigravity-ide\extensions\redhat.java-1.56.0-win32-x64\jre\21.0.12.1-win32-x86_64\bin\zip.dll
Event: 0.423 Attempting to load shared library C:\Users\User\.antigravity-ide\extensions\redhat.java-1.56.0-win32-x64\jre\21.0.12.1-win32-x86_64\bin\jimage.dll
Event: 0.423 Loaded shared library C:\Users\User\.antigravity-ide\extensions\redhat.java-1.56.0-win32-x64\jre\21.0.12.1-win32-x86_64\bin\jimage.dll
Event: 0.711 Attempting to load shared library c:\Users\User\.antigravity-ide\extensions\redhat.java-1.56.0-win32-x64\jre\21.0.12.1-win32-x86_64\bin\verify.dll
Event: 0.712 Loaded shared library c:\Users\User\.antigravity-ide\extensions\redhat.java-1.56.0-win32-x64\jre\21.0.12.1-win32-x86_64\bin\verify.dll
Event: 16.683 Attempting to load shared library C:\Users\User\AppData\Roaming\Antigravity IDE\User\globalStorage\redhat.java\1.56.0\config_win\org.eclipse.equinox.launcher\org.eclipse.equinox.launcher.win32.win32.x86_64_1.3.100.v20260804-1928\eclipse_11924.dll
Event: 16.686 Loaded shared library C:\Users\User\AppData\Roaming\Antigravity IDE\User\globalStorage\redhat.java\1.56.0\config_win\org.eclipse.equinox.launcher\org.eclipse.equinox.launcher.win32.win32.x86_64_1.3.100.v20260804-1928\eclipse_11924.dll

Deoptimization events (20 events):
Event: 21.315 Thread 0x00000202736f3690 Uncommon trap: trap_request=0xffffff45 fr.pc=0x000002021ff37d54 relative=0x0000000000000134
Event: 21.315 Thread 0x00000202736f3690 Uncommon trap: reason=unstable_if action=reinterpret pc=0x000002021ff37d54 method=java.lang.StringCoding.countPositives([BII)I @ 17 c2
Event: 21.315 Thread 0x00000202736f3690 DEOPT PACKING pc=0x000002021ff37d54 sp=0x000000064a8fcf80
Event: 21.315 Thread 0x00000202736f3690 DEOPT UNPACKING pc=0x000002021f9d3aa2 sp=0x000000064a8fcf08 mode 2
Event: 21.321 Thread 0x00000202736f3690 DEOPT PACKING pc=0x000002021885edc9 sp=0x000000064a8fcf90
Event: 21.321 Thread 0x00000202736f3690 DEOPT UNPACKING pc=0x000002021f9d4242 sp=0x000000064a8fc400 mode 0
Event: 21.326 Thread 0x00000202736f3690 DEOPT PACKING pc=0x000002021885edc9 sp=0x000000064a8fcf90
Event: 21.326 Thread 0x00000202736f3690 DEOPT UNPACKING pc=0x000002021f9d4242 sp=0x000000064a8fc400 mode 0
Event: 21.348 Thread 0x00000202736f3690 DEOPT PACKING pc=0x000002021885edc9 sp=0x000000064a8fd050
Event: 21.348 Thread 0x00000202736f3690 DEOPT UNPACKING pc=0x000002021f9d4242 sp=0x000000064a8fc4c0 mode 0
Event: 21.356 Thread 0x00000202736f3690 DEOPT PACKING pc=0x000002021885edc9 sp=0x000000064a8fcf90
Event: 21.357 Thread 0x00000202736f3690 DEOPT UNPACKING pc=0x000002021f9d4242 sp=0x000000064a8fc400 mode 0
Event: 21.378 Thread 0x00000202736f3690 DEOPT PACKING pc=0x000002021885edc9 sp=0x000000064a8fcf90
Event: 21.378 Thread 0x00000202736f3690 DEOPT UNPACKING pc=0x000002021f9d4242 sp=0x000000064a8fc400 mode 0
Event: 21.406 Thread 0x00000202736f3690 Uncommon trap: trap_request=0xffffff45 fr.pc=0x000002021ff9396c relative=0x00000000000001ac
Event: 21.406 Thread 0x00000202736f3690 Uncommon trap: reason=unstable_if action=reinterpret pc=0x000002021ff9396c method=java.lang.String.startsWith(Ljava/lang/String;I)Z @ 50 c2
Event: 21.406 Thread 0x00000202736f3690 DEOPT PACKING pc=0x000002021ff9396c sp=0x000000064a8fdfa0
Event: 21.406 Thread 0x00000202736f3690 DEOPT UNPACKING pc=0x000002021f9d3aa2 sp=0x000000064a8fded0 mode 2
Event: 21.407 Thread 0x00000202736f3690 DEOPT PACKING pc=0x000002021885edc9 sp=0x000000064a8fd920
Event: 21.407 Thread 0x00000202736f3690 DEOPT UNPACKING pc=0x000002021f9d4242 sp=0x000000064a8fcd90 mode 0

Classes loaded (20 events):
Event: 16.939 Loading class java/util/Formatter$DateTime
Event: 16.940 Loading class java/util/Formatter$DateTime done
Event: 16.940 Loading class java/util/Formatter$FixedString
Event: 16.940 Loading class java/util/Formatter$FixedString done
Event: 16.941 Loading class java/time/ZonedDateTime$1
Event: 16.942 Loading class java/time/ZonedDateTime$1 done
Event: 16.948 Loading class jdk/internal/module/ModulePatcher$PatchedModuleReader
Event: 16.948 Loading class jdk/internal/module/ModulePatcher$PatchedModuleReader done
Event: 16.957 Loading class sun/util/resources/LocaleData$CommonResourceBundleProvider
Event: 16.957 Loading class sun/util/resources/LocaleData$LocaleDataResourceBundleProvider
Event: 16.958 Loading class java/util/spi/ResourceBundleProvider
Event: 16.958 Loading class java/util/spi/ResourceBundleProvider done
Event: 16.958 Loading class sun/util/resources/LocaleData$LocaleDataResourceBundleProvider done
Event: 16.958 Loading class sun/util/resources/LocaleData$CommonResourceBundleProvider done
Event: 16.960 Loading class sun/text/resources/cldr/FormatData_en
Event: 16.961 Loading class sun/text/resources/cldr/FormatData_en done
Event: 16.961 Loading class sun/util/resources/Bundles$2
Event: 16.961 Loading class sun/util/resources/Bundles$2 done
Event: 21.957 Loading class java/util/zip/DataFormatException
Event: 21.957 Loading class java/util/zip/DataFormatException done

Classes unloaded (0 events):
No events

Classes redefined (0 events):
No events

Internal exceptions (20 events):
Event: 3.214 Thread 0x000002021524ddb0 Implicit null exception at 0x000002021ff8491a to 0x000002021ff84b34
Event: 3.215 Thread 0x000002021524ddb0 Exception <a 'java/lang/NoSuchMethodError'{0x00000000d571e658}: 'void java.lang.invoke.DirectMethodHandle$Holder.invokeStatic(java.lang.Object, java.lang.Object, java.lang.Object, java.lang.Object)'> (0x00000000d571e658) 
thrown [s\src\hotspot\share\interpreter\linkResolver.cpp, line 773]
Event: 3.219 Thread 0x000002021524ddb0 Implicit null exception at 0x000002021ff8c91a to 0x000002021ff8cb3c
Event: 3.229 Thread 0x000002021524ddb0 Implicit null exception at 0x000002021ff819c0 to 0x000002021ff81a45
Event: 3.603 Thread 0x000002021524ddb0 Exception <a 'java/lang/NoSuchMethodError'{0x00000000d5a05b10}: 'void java.lang.invoke.DirectMethodHandle$Holder.invokeSpecial(java.lang.Object, java.lang.Object, java.lang.Object)'> (0x00000000d5a05b10) 
thrown [s\src\hotspot\share\interpreter\linkResolver.cpp, line 773]
Event: 4.563 Thread 0x000002021524ddb0 Exception <a 'java/lang/NoSuchMethodError'{0x00000000d6469190}: 'int java.lang.invoke.DirectMethodHandle$Holder.invokeVirtual(java.lang.Object, java.lang.Object)'> (0x00000000d6469190) 
thrown [s\src\hotspot\share\interpreter\linkResolver.cpp, line 773]
Event: 4.907 Thread 0x000002021524ddb0 Exception <a 'java/lang/NoSuchMethodError'{0x00000000d65f2868}: 'int java.lang.invoke.DirectMethodHandle$Holder.invokeStaticInit(java.lang.Object, java.lang.Object, java.lang.Object, java.lang.Object)'> (0x00000000d65f2868) 
thrown [s\src\hotspot\share\interpreter\linkResolver.cpp, line 773]
Event: 4.910 Thread 0x000002021524ddb0 Exception <a 'java/lang/IncompatibleClassChangeError'{0x00000000d65fb1a0}: Found class java.lang.Object, but interface was expected> (0x00000000d65fb1a0) 
thrown [s\src\hotspot\share\interpreter\linkResolver.cpp, line 840]
Event: 4.911 Thread 0x000002021524ddb0 Exception <a 'java/lang/NoSuchMethodError'{0x00000000d6602050}: 'void java.lang.invoke.DirectMethodHandle$Holder.invokeStaticInit(java.lang.Object, java.lang.Object)'> (0x00000000d6602050) 
thrown [s\src\hotspot\share\interpreter\linkResolver.cpp, line 773]
Event: 4.912 Thread 0x000002021524ddb0 Exception <a 'java/lang/NoSuchMethodError'{0x00000000d660bba8}: 'int java.lang.invoke.DirectMethodHandle$Holder.invokeStaticInit(java.lang.Object, java.lang.Object)'> (0x00000000d660bba8) 
thrown [s\src\hotspot\share\interpreter\linkResolver.cpp, line 773]
Event: 5.113 Thread 0x000002021524ddb0 Exception <a 'java/lang/NoSuchMethodError'{0x00000000d6871bd8}: 'java.lang.Object java.lang.invoke.DirectMethodHandle$Holder.newInvokeSpecial(java.lang.Object, int, java.lang.Object)'> (0x00000000d6871bd8) 
thrown [s\src\hotspot\share\interpreter\linkResolver.cpp, line 773]
Event: 5.239 Thread 0x000002021524ddb0 Exception <a 'java/lang/ClassNotFoundException'{0x00000000d6a92be8}: sun/net/www/protocol/plurl/Handler> (0x00000000d6a92be8) 
thrown [s\src\hotspot\share\classfile\systemDictionary.cpp, line 313]
Event: 5.240 Thread 0x000002021524ddb0 Exception <a 'java/lang/ClassNotFoundException'{0x00000000d6a93a68}: sun/net/www/protocol/plurl/Handler> (0x00000000d6a93a68) 
thrown [s\src\hotspot\share\classfile\systemDictionary.cpp, line 313]
Event: 16.680 Thread 0x000002021524ddb0 Exception <a 'java/lang/UnsatisfiedLinkError'{0x00000000d5624b90}: 'void org.eclipse.equinox.launcher.JNIBridge._update_splash()'> (0x00000000d5624b90) 
thrown [s\src\hotspot\share\prims\nativeLookup.cpp, line 415]
Event: 16.739 Thread 0x000002026ea27ec0 Exception <a 'java/lang/NoSuchMethodError'{0x00000000d58e4ff0}: 'void java.lang.invoke.DirectMethodHandle$Holder.invokeInterface(java.lang.Object, java.lang.Object, java.lang.Object)'> (0x00000000d58e4ff0) 
thrown [s\src\hotspot\share\interpreter\linkResolver.cpp, line 773]
Event: 16.860 Thread 0x00000202736f3690 Exception <a 'java/lang/NoSuchMethodError'{0x00000000d5ca9eb8}: 'java.lang.Object java.lang.invoke.DirectMethodHandle$Holder.newInvokeSpecial(java.lang.Object, java.lang.Object, int, java.lang.Object)'> (0x00000000d5ca9eb8) 
thrown [s\src\hotspot\share\interpreter\linkResolver.cpp, line 773]
Event: 16.861 Thread 0x00000202736f3690 Exception <a 'java/lang/NoSuchMethodError'{0x00000000d5cadce8}: 'java.lang.Object java.lang.invoke.DirectMethodHandle$Holder.invokeSpecial(java.lang.Object, java.lang.Object, java.lang.Object, int, java.lang.Object)'> (0x00000000d5cadce8) 
thrown [s\src\hotspot\share\interpreter\linkResolver.cpp, line 773]
Event: 16.884 Thread 0x00000202736f3690 Exception <a 'java/lang/NoClassDefFoundError'{0x00000000d5d53da0}: jakarta/servlet/ServletContainerInitializer> (0x00000000d5d53da0) 
thrown [s\src\hotspot\share\classfile\systemDictionary.cpp, line 302]
Event: 16.930 Thread 0x00000202736f3690 Exception <a 'java/lang/ClassNotFoundException'{0x00000000d5ea8868}: sun/util/logging/resources/spi/loggingProvider> (0x00000000d5ea8868) 
thrown [s\src\hotspot\share\classfile\systemDictionary.cpp, line 313]
Event: 21.957 Thread 0x00000202736f3690 Exception <a 'java/lang/OutOfMemoryError'{0x00000000d611b080}> (0x00000000d611b080) 
thrown [s\src\hotspot\share\prims\jni.cpp, line 539]

ZGC Phase Switch (0 events):
No events

VM Operations (20 events):
Event: 11.062 Executing safepoint VM operation: ParallelGCFailedAllocation (Allocation Failure)
Event: 11.072 Executing safepoint VM operation: ParallelGCFailedAllocation (Allocation Failure) done
Event: 16.911 Executing non-safepoint VM operation: HandshakeAllThreads (Deoptimize)
Event: 16.911 Executing non-safepoint VM operation: HandshakeAllThreads (Deoptimize) done
Event: 16.911 Executing safepoint VM operation: Cleanup
Event: 16.911 Executing safepoint VM operation: Cleanup done
Event: 16.949 Executing non-safepoint VM operation: HandshakeAllThreads (Deoptimize)
Event: 16.949 Executing non-safepoint VM operation: HandshakeAllThreads (Deoptimize) done
Event: 16.970 Executing non-safepoint VM operation: HandshakeAllThreads (Deoptimize)
Event: 16.970 Executing non-safepoint VM operation: HandshakeAllThreads (Deoptimize) done
Event: 16.985 Executing non-safepoint VM operation: HandshakeAllThreads (Deoptimize)
Event: 16.985 Executing non-safepoint VM operation: HandshakeAllThreads (Deoptimize) done
Event: 17.994 Executing safepoint VM operation: Cleanup
Event: 17.994 Executing safepoint VM operation: Cleanup done
Event: 21.012 Executing safepoint VM operation: Cleanup
Event: 21.027 Executing safepoint VM operation: Cleanup done
Event: 21.140 Executing safepoint VM operation: ParallelGCFailedAllocation (Allocation Failure)
Event: 21.148 Executing safepoint VM operation: ParallelGCFailedAllocation (Allocation Failure) done
Event: 21.282 Executing non-safepoint VM operation: HandshakeAllThreads (Deoptimize)
Event: 21.282 Executing non-safepoint VM operation: HandshakeAllThreads (Deoptimize) done

Memory protections (0 events):
No events

Nmethod flushes (0 events):
No events

Events (20 events):
Event: 2.967 Thread 0x000002026ea00f20 Thread exited: 0x000002026ea00f20
Event: 3.600 Thread 0x000002026e6977d0 Thread added: 0x000002026e989e90
Event: 3.746 Thread 0x000002026e989e90 Thread exited: 0x000002026e989e90
Event: 3.816 Thread 0x000002026e6977d0 Thread added: 0x00000202734c2c60
Event: 3.821 Thread 0x00000202734c2c60 Thread added: 0x00000202734dd940
Event: 4.163 Thread 0x00000202734dd940 Thread exited: 0x00000202734dd940
Event: 4.731 Thread 0x00000202734c2c60 Thread exited: 0x00000202734c2c60
Event: 4.994 Thread 0x000002021524ddb0 Thread added: 0x0000020273611ec0
Event: 5.195 Thread 0x000002026e6977d0 Thread added: 0x0000020273736860
Event: 6.204 Thread 0x0000020273736860 Thread exited: 0x0000020273736860
Event: 16.677 Thread 0x000002021524ddb0 Thread added: 0x000002026ea27ec0
Event: 16.743 Thread 0x000002026ea27ec0 Thread added: 0x00000202736f3020
Event: 16.748 Thread 0x000002021524ddb0 Thread added: 0x00000202736f3690
Event: 16.995 Thread 0x000002026e6977d0 Thread added: 0x000002026e880530
Event: 17.008 Thread 0x000002026e880530 Thread added: 0x000002026e880be0
Event: 17.175 Thread 0x000002026e880be0 Thread exited: 0x000002026e880be0
Event: 17.175 Thread 0x000002026e880530 Thread exited: 0x000002026e880530
Event: 21.009 Thread 0x000002026e6977d0 Thread added: 0x000002026e880870
Event: 21.269 Thread 0x00000202736f3690 Thread added: 0x00000202730697e0
Event: 21.960 Thread 0x000002026e880870 Thread exited: 0x000002026e880870


Dynamic libraries:
0x00007ff70c440000 - 0x00007ff70c44e000 	c:\Users\User\.antigravity-ide\extensions\redhat.java-1.56.0-win32-x64\jre\21.0.12.1-win32-x86_64\bin\java.exe
0x00007ffc6c520000 - 0x00007ffc6c787000 	C:\WINDOWS\SYSTEM32\ntdll.dll
0x00007ffc6bcf0000 - 0x00007ffc6bdbb000 	C:\WINDOWS\System32\KERNEL32.DLL
0x00007ffc69a00000 - 0x00007ffc69e02000 	C:\WINDOWS\System32\KERNELBASE.dll
0x00007ffc698a0000 - 0x00007ffc699ec000 	C:\WINDOWS\System32\ucrtbase.dll
0x00007ffc61b80000 - 0x00007ffc61b98000 	c:\Users\User\.antigravity-ide\extensions\redhat.java-1.56.0-win32-x64\jre\21.0.12.1-win32-x86_64\bin\jli.dll
0x00007ffc6b290000 - 0x00007ffc6b45f000 	C:\WINDOWS\System32\USER32.dll
0x00007ffc69720000 - 0x00007ffc69747000 	C:\WINDOWS\System32\win32u.dll
0x00007ffc6a730000 - 0x00007ffc6a75b000 	C:\WINDOWS\System32\GDI32.dll
0x00007ffc61be0000 - 0x00007ffc61bfe000 	c:\Users\User\.antigravity-ide\extensions\redhat.java-1.56.0-win32-x64\jre\21.0.12.1-win32-x86_64\bin\VCRUNTIME140.dll
0x00007ffc69e10000 - 0x00007ffc69f39000 	C:\WINDOWS\System32\gdi32full.dll
0x00007ffc47b50000 - 0x00007ffc47de0000 	C:\WINDOWS\WinSxS\amd64_microsoft.windows.common-controls_6595b64144ccf1df_6.0.26100.9278_none_3e0d1ba8e3303201\COMCTL32.dll
0x00007ffc6a000000 - 0x00007ffc6a0a3000 	C:\WINDOWS\System32\msvcp_win.dll
0x00007ffc6c430000 - 0x00007ffc6c4d9000 	C:\WINDOWS\System32\msvcrt.dll
0x00007ffc6b470000 - 0x00007ffc6b4a1000 	C:\WINDOWS\System32\IMM32.DLL
0x00007ffc63d80000 - 0x00007ffc63d8c000 	c:\Users\User\.antigravity-ide\extensions\redhat.java-1.56.0-win32-x64\jre\21.0.12.1-win32-x86_64\bin\vcruntime140_1.dll
0x00007ffc38ab0000 - 0x00007ffc38b3d000 	c:\Users\User\.antigravity-ide\extensions\redhat.java-1.56.0-win32-x64\jre\21.0.12.1-win32-x86_64\bin\msvcp140.dll
0x00007ffb9bba0000 - 0x00007ffb9c942000 	c:\Users\User\.antigravity-ide\extensions\redhat.java-1.56.0-win32-x64\jre\21.0.12.1-win32-x86_64\bin\server\jvm.dll
0x00007ffc6a240000 - 0x00007ffc6a2fc000 	C:\WINDOWS\System32\ADVAPI32.dll
0x00007ffc6c1c0000 - 0x00007ffc6c269000 	C:\WINDOWS\System32\sechost.dll
0x00007ffc6bf40000 - 0x00007ffc6c058000 	C:\WINDOWS\System32\RPCRT4.dll
0x00007ffc6bdc0000 - 0x00007ffc6be40000 	C:\WINDOWS\System32\WS2_32.dll
0x00007ffc69580000 - 0x00007ffc695de000 	C:\WINDOWS\SYSTEM32\POWRPROF.dll
0x00007ffc52840000 - 0x00007ffc52876000 	C:\WINDOWS\SYSTEM32\WINMM.dll
0x00007ffc60a20000 - 0x00007ffc60a2b000 	C:\WINDOWS\SYSTEM32\VERSION.dll
0x00007ffc69560000 - 0x00007ffc69575000 	C:\WINDOWS\SYSTEM32\UMPDC.dll
0x00007ffc683b0000 - 0x00007ffc683cb000 	C:\WINDOWS\SYSTEM32\kernel.appcore.dll
0x00007ffc61bd0000 - 0x00007ffc61bda000 	c:\Users\User\.antigravity-ide\extensions\redhat.java-1.56.0-win32-x64\jre\21.0.12.1-win32-x86_64\bin\jimage.dll
0x00007ffc66930000 - 0x00007ffc66b7c000 	C:\WINDOWS\SYSTEM32\DBGHELP.DLL
0x00007ffc6af00000 - 0x00007ffc6b285000 	C:\WINDOWS\System32\combase.dll
0x00007ffc6c0e0000 - 0x00007ffc6c1b9000 	C:\WINDOWS\System32\OLEAUT32.dll
0x00007ffc4a050000 - 0x00007ffc4a08b000 	C:\WINDOWS\SYSTEM32\dbgcore.DLL
0x00007ffc697e0000 - 0x00007ffc6988c000 	C:\WINDOWS\System32\bcryptPrimitives.dll
0x00007ffc619f0000 - 0x00007ffc619ff000 	c:\Users\User\.antigravity-ide\extensions\redhat.java-1.56.0-win32-x64\jre\21.0.12.1-win32-x86_64\bin\instrument.dll
0x00007ffc61500000 - 0x00007ffc61520000 	c:\Users\User\.antigravity-ide\extensions\redhat.java-1.56.0-win32-x64\jre\21.0.12.1-win32-x86_64\bin\java.dll
0x00007ffc6a760000 - 0x00007ffc6aef8000 	C:\WINDOWS\System32\SHELL32.dll
0x00007ffc67160000 - 0x00007ffc67a0e000 	C:\WINDOWS\SYSTEM32\windows.storage.dll
0x00007ffc6b500000 - 0x00007ffc6b5fb000 	C:\WINDOWS\System32\SHCORE.dll
0x00007ffc6a500000 - 0x00007ffc6a566000 	C:\WINDOWS\System32\shlwapi.dll
0x00007ffc69640000 - 0x00007ffc69669000 	C:\WINDOWS\SYSTEM32\profapi.dll
0x00007ffc5c160000 - 0x00007ffc5c178000 	c:\Users\User\.antigravity-ide\extensions\redhat.java-1.56.0-win32-x64\jre\21.0.12.1-win32-x86_64\bin\zip.dll
0x00007ffc5c150000 - 0x00007ffc5c160000 	C:\Users\User\.antigravity-ide\extensions\redhat.java-1.56.0-win32-x64\jre\21.0.12.1-win32-x86_64\bin\net.dll
0x00007ffc5fd00000 - 0x00007ffc5fe2a000 	C:\WINDOWS\SYSTEM32\WINHTTP.dll
0x00007ffc68950000 - 0x00007ffc689bc000 	C:\WINDOWS\system32\mswsock.dll
0x00007ffc5bc00000 - 0x00007ffc5bc16000 	C:\Users\User\.antigravity-ide\extensions\redhat.java-1.56.0-win32-x64\jre\21.0.12.1-win32-x86_64\bin\nio.dll
0x00007ffc5ae40000 - 0x00007ffc5ae50000 	c:\Users\User\.antigravity-ide\extensions\redhat.java-1.56.0-win32-x64\jre\21.0.12.1-win32-x86_64\bin\verify.dll
0x00007ffc30280000 - 0x00007ffc302c5000 	C:\Users\User\AppData\Roaming\Antigravity IDE\User\globalStorage\redhat.java\1.56.0\config_win\org.eclipse.equinox.launcher\org.eclipse.equinox.launcher.win32.win32.x86_64_1.3.100.v20260804-1928\eclipse_11924.dll
0x00007ffc6a570000 - 0x00007ffc6a70a000 	C:\WINDOWS\System32\ole32.dll

JVMTI agents:
c:\Users\User\.antigravity-ide\extensions\redhat.java-1.56.0-win32-x64\lombok\lombok-1.18.39-4050.jar path:c:\Users\User\.antigravity-ide\extensions\redhat.java-1.56.0-win32-x64\jre\21.0.12.1-win32-x86_64\bin\instrument.dll, loaded, initialized, instrumentlib options:none

dbghelp: loaded successfully - version: 4.0.5 - missing functions: none
symbol engine: initialized successfully - sym options: 0x614 - pdb path: .;c:\Users\User\.antigravity-ide\extensions\redhat.java-1.56.0-win32-x64\jre\21.0.12.1-win32-x86_64\bin;C:\WINDOWS\SYSTEM32;C:\WINDOWS\WinSxS\amd64_microsoft.windows.common-controls_6595b64144ccf1df_6.0.26100.9278_none_3e0d1ba8e3303201;c:\Users\User\.antigravity-ide\extensions\redhat.java-1.56.0-win32-x64\jre\21.0.12.1-win32-x86_64\bin\server;C:\Users\User\AppData\Roaming\Antigravity IDE\User\globalStorage\redhat.java\1.56.0\config_win\org.eclipse.equinox.launcher\org.eclipse.equinox.launcher.win32.win32.x86_64_1.3.100.v20260804-1928

VM Arguments:
jvm_args: --add-modules=ALL-SYSTEM --add-opens=java.base/java.util=ALL-UNNAMED --add-opens=java.base/java.lang=ALL-UNNAMED --add-opens=java.base/sun.nio.fs=ALL-UNNAMED -Declipse.application=org.eclipse.jdt.ls.core.id1 -Dosgi.bundles.defaultStartLevel=4 -Declipse.product=org.eclipse.jdt.ls.core.product -Djava.import.generatesMetadataFilesAtProjectRoot=false -Dm2e.project.cache.size=50 -DDetectVMInstallationsJob.disabled=true -Dfile.encoding=utf8 -XX:+UseParallelGC -XX:GCTimeRatio=4 -XX:AdaptiveSizePolicyWeight=90 -Dsun.zip.disableMemoryMapping=true -Xmx2G -Xms100m -Xlog:disable -javaagent:c:\Users\User\.antigravity-ide\extensions\redhat.java-1.56.0-win32-x64\lombok\lombok-1.18.39-4050.jar -XX:+HeapDumpOnOutOfMemoryError -XX:HeapDumpPath=c:\Users\User\AppData\Roaming\Antigravity IDE\User\workspaceStorage\2d7ac5d3307a55c8985de7f30235a0eb\redhat.java -Daether.dependencyCollector.impl=bf 
java_command: c:\Users\User\.antigravity-ide\extensions\redhat.java-1.56.0-win32-x64\server\plugins\org.eclipse.equinox.launcher_1.8.0.v20260804-1928.jar -configuration c:\Users\User\AppData\Roaming\Antigravity IDE\User\globalStorage\redhat.java\1.56.0\config_win -data c:\Users\User\AppData\Roaming\Antigravity IDE\User\workspaceStorage\2d7ac5d3307a55c8985de7f30235a0eb\redhat.java\jdt_ws --pipe=\\.\pipe\lsp-d482834a42ed2185efecbb7d00a3c833-sock
java_class_path (initial): c:\Users\User\.antigravity-ide\extensions\redhat.java-1.56.0-win32-x64\server\plugins\org.eclipse.equinox.launcher_1.8.0.v20260804-1928.jar
Launcher Type: SUN_STANDARD

[Global flags]
    uintx AdaptiveSizePolicyWeight                 = 90                                        {product} {command line}
     intx CICompilerCount                          = 4                                         {product} {ergonomic}
    uintx GCTimeRatio                              = 4                                         {product} {command line}
     bool HeapDumpOnOutOfMemoryError               = true                                   {manageable} {command line}
    ccstr HeapDumpPath                             = c:\Users\User\AppData\Roaming\Antigravity IDE\User\workspaceStorage\2d7ac5d3307a55c8985de7f30235a0eb\redhat.java         {manageable} {command line}
   size_t InitialHeapSize                          = 104857600                                 {product} {command line}
   size_t MaxHeapSize                              = 2147483648                                {product} {command line}
   size_t MaxNewSize                               = 715653120                                 {product} {ergonomic}
   size_t MinHeapDeltaBytes                        = 524288                                    {product} {ergonomic}
   size_t MinHeapSize                              = 104857600                                 {product} {command line}
   size_t NewSize                                  = 34603008                                  {product} {ergonomic}
    uintx NonNMethodCodeHeapSize                   = 5839372                                {pd product} {ergonomic}
    uintx NonProfiledCodeHeapSize                  = 122909434                              {pd product} {ergonomic}
   size_t OldSize                                  = 70254592                                  {product} {ergonomic}
    uintx ProfiledCodeHeapSize                     = 122909434                              {pd product} {ergonomic}
    uintx ReservedCodeCacheSize                    = 251658240                              {pd product} {ergonomic}
     bool SegmentedCodeCache                       = true                                      {product} {ergonomic}
   size_t SoftMaxHeapSize                          = 2147483648                             {manageable} {ergonomic}
     bool UseCompressedOops                        = true                           {product lp64_product} {ergonomic}
     bool UseLargePagesIndividualAllocation        = false                                  {pd product} {ergonomic}
     bool UseParallelGC                            = true                                      {product} {command line}

Logging:
Log output configuration:
 #0: stdout all=off uptime,level,tags foldmultilines=false
 #1: stderr all=off uptime,level,tags foldmultilines=false

Release file:
JAVA_VERSION="21.0.12.1" 
MODULES="java.base java.compiler java.datatransfer java.xml java.prefs java.desktop java.instrument java.logging java.management java.security.sasl java.naming java.rmi java.management.rmi java.net.http java.scripting java.security.jgss java.transaction.xa java.sql java.sql.rowset java.xml.crypto java.se java.smartcardio jdk.accessibility jdk.internal.jvmstat jdk.attach jdk.charsets jdk.internal.opt jdk.zipfs jdk.compiler jdk.crypto.ec jdk.crypto.cryptoki jdk.crypto.mscapi jdk.dynalink jdk.internal.ed jdk.editpad jdk.hotspot.agent jdk.httpserver jdk.internal.le jdk.internal.vm.ci jdk.internal.vm.compiler jdk.internal.vm.compiler.management jdk.jartool jdk.javadoc jdk.jcmd jdk.management jdk.management.agent jdk.jconsole jdk.jdeps jdk.jdwp.agent jdk.jdi jdk.jfr jdk.jshell jdk.jsobject jdk.jstatd jdk.localedata jdk.management.jfr jdk.naming.dns jdk.naming.rmi jdk.net jdk.nio.mapmode jdk.random jdk.sctp jdk.security.auth jdk.security.jgss jdk.unsupported jdk.unsupported.desktop jdk.xml.dom" 

Environment Variables:
PATH=C:\Program Files\Eclipse Adoptium\jdk-17.0.18.8-hotspot\bin;C:\WINDOWS\system32;C:\WINDOWS;C:\WINDOWS\System32\Wbem;C:\WINDOWS\System32\WindowsPowerShell\v1.0\;C:\WINDOWS\System32\OpenSSH\;C:\Program Files\nodejs\;C:\Program Files\Git\cmd;C:\Program Files\GitHub CLI\;C:\Program Files\Docker\Docker\resources\bin;C:\Program Files (x86)\Microsoft SQL Server\160\Tools\Binn\;C:\Program Files\Microsoft SQL Server\160\Tools\Binn\;C:\Program Files\Microsoft SQL Server\Client SDK\ODBC\170\Tools\Binn\;C:\Program Files\Microsoft SQL Server\160\DTS\Binn\;C:\Users\User\AppData\Local\Android\Sdk\platform-tools;C:\Program Files\MySQL\MySQL Shell 8.0\bin\;C:\Users\User\AppData\Local\Microsoft\WindowsApps;C:\Users\User\AppData\Local\Programs\Microsoft VS Code\bin;C:\Users\User\AppData\Roaming\npm;C:\Users\User\AppData\Local\Programs\Antigravity\bin;C:\Users\User\AppData\Local\Programs\cursor\resources\app\bin;C:\Users\User\AppData\Local\Programs\Antigravity IDE\bin
USERNAME=Javith
OS=Windows_NT
PROCESSOR_IDENTIFIER=Intel64 Family 6 Model 142 Stepping 12, GenuineIntel
TMP=C:\Users\User\AppData\Local\Temp
TEMP=C:\Users\User\AppData\Local\Temp




Periodic native trim disabled

---------------  S Y S T E M  ---------------

OS:
 Windows 11 , 64 bit Build 26100 (10.0.26100.9444)
OS uptime: 0 days 4:53 hours
Hyper-V role detected

CPU: total 8 (initial active 8) (4 cores per cpu, 2 threads per core) family 6 model 142 stepping 12 microcode 0x100, cx8, cmov, fxsr, ht, mmx, 3dnowpref, sse, sse2, sse3, ssse3, sse4.1, sse4.2, popcnt, lzcnt, tsc, tscinvbit, avx, avx2, aes, erms, clmul, bmi1, bmi2, adx, fma, vzeroupper, clflush, clflushopt, hv, rdtscp, f16c
Processor Information for the first 8 processors :
  Max Mhz: 2112, Current Mhz: 1609, Mhz Limit: 1605

Memory: 4k page, system-wide physical 15782M (702M free)
TotalPageFile size 26736M (AvailPageFile size 289M)
current process WorkingSet (physical memory assigned to process): 106M, peak: 110M
current process commit charge ("private bytes"): 248M, peak: 252M

vm_info: OpenJDK 64-Bit Server VM (21.0.12.1+1-LTS) for windows-amd64 JRE (21.0.12.1+1-LTS), built on 2026-08-18T00:00:00Z by "admin" with MS VC++ 17.12 (VS2022)

END.
