#
# There is insufficient memory for the Java Runtime Environment to continue.
# Native memory allocation (malloc) failed to allocate 131088 bytes. Error detail: Chunk::new
# Possible reasons:
#   The system is out of physical RAM or swap space
#   This process is running with CompressedOops enabled, and the Java Heap may be blocking the growth of the native heap
# Possible solutions:
#   Reduce memory load on the system
#   Increase physical memory or swap space
#   Check if swap backing store is full
#   Decrease Java heap size (-Xmx/-Xms)
#   Decrease number of Java threads
#   Decrease Java thread stack sizes (-Xss)
#   Set larger code cache with -XX:ReservedCodeCacheSize=
#   JVM is running with Unscaled Compressed Oops mode in which the Java heap is
#     placed in the first 4GB address space. The Java Heap base address is the
#     maximum limit for the native heap growth. Please use -XX:HeapBaseMinAddress
#     to set the Java Heap base and to place the Java Heap above 4GB virtual address.
# This output file may be truncated or incomplete.
#
#  Out of Memory Error (arena.cpp:168), pid=22116, tid=23760
#
# JRE version: OpenJDK Runtime Environment Temurin-21.0.12.1+1 (21.0.12.1+1) (build 21.0.12.1+1-LTS)
# Java VM: OpenJDK 64-Bit Server VM Temurin-21.0.12.1+1 (21.0.12.1+1-LTS, mixed mode, sharing, tiered, compressed oops, compressed class ptrs, parallel gc, windows-amd64)
# No core dump will be written. Minidumps are not enabled by default on client versions of Windows
#

---------------  S U M M A R Y ------------

Command Line: --add-modules=ALL-SYSTEM --add-opens=java.base/java.util=ALL-UNNAMED --add-opens=java.base/java.lang=ALL-UNNAMED --add-opens=java.base/sun.nio.fs=ALL-UNNAMED -Declipse.application=org.eclipse.jdt.ls.core.id1 -Dosgi.bundles.defaultStartLevel=4 -Declipse.product=org.eclipse.jdt.ls.core.product -Djava.import.generatesMetadataFilesAtProjectRoot=false -Dm2e.project.cache.size=50 -DDetectVMInstallationsJob.disabled=true -Dfile.encoding=utf8 -XX:+UseParallelGC -XX:GCTimeRatio=4 -XX:AdaptiveSizePolicyWeight=90 -Dsun.zip.disableMemoryMapping=true -Xmx2G -Xms100m -Xlog:disable -javaagent:c:\Users\User\.antigravity-ide\extensions\redhat.java-1.56.0-win32-x64\lombok\lombok-1.18.39-4050.jar -XX:+HeapDumpOnOutOfMemoryError -XX:HeapDumpPath=c:\Users\User\AppData\Roaming\Antigravity IDE\User\workspaceStorage\2d7ac5d3307a55c8985de7f30235a0eb\redhat.java -Daether.dependencyCollector.impl=bf c:\Users\User\.antigravity-ide\extensions\redhat.java-1.56.0-win32-x64\server\plugins\org.eclipse.equinox.launcher_1.8.0.v20260804-1928.jar -configuration c:\Users\User\AppData\Roaming\Antigravity IDE\User\globalStorage\redhat.java\1.56.0\config_win -data c:\Users\User\AppData\Roaming\Antigravity IDE\User\workspaceStorage\2d7ac5d3307a55c8985de7f30235a0eb\redhat.java\jdt_ws --stdio

Host: Intel(R) Core(TM) i5-10210U CPU @ 1.60GHz, 8 cores, 15G,  Windows 11 , 64 bit Build 26100 (10.0.26100.9444)
Time: Wed Sep 30 16:12:07 2026 India Standard Time elapsed time: 14.251937 seconds (0d 0h 0m 14s)

---------------  T H R E A D  ---------------

Current thread (0x000001f365cfa500):  JavaThread "C2 CompilerThread0" daemon [_thread_in_native, id=23760, stack(0x0000008127700000,0x0000008127800000) (1024K)]


Current CompileTask:
C2:14252 5791       4       java.lang.invoke.MethodType::makeImpl (109 bytes)

Stack: [0x0000008127700000,0x0000008127800000]
Native frames: (J=compiled Java code, j=interpreted, Vv=VM code, C=native code)
V  [jvm.dll+0x6d83e9]
V  [jvm.dll+0x8b5736]
V  [jvm.dll+0x8b7cee]
V  [jvm.dll+0x8b83d3]
V  [jvm.dll+0x284596]
V  [jvm.dll+0xc685d]
V  [jvm.dll+0xc6da1]
V  [jvm.dll+0xc6985]
V  [jvm.dll+0x72e45c]
V  [jvm.dll+0x609747]
V  [jvm.dll+0x606af0]
V  [jvm.dll+0x6018e4]
V  [jvm.dll+0x601984]
V  [jvm.dll+0x5ff084]
V  [jvm.dll+0x255d67]
V  [jvm.dll+0x24ddab]
V  [jvm.dll+0x24bbe6]
V  [jvm.dll+0x1cb4ae]
V  [jvm.dll+0x25baad]
V  [jvm.dll+0x25a03a]
V  [jvm.dll+0x3f8aae]
V  [jvm.dll+0x8600cd]
V  [jvm.dll+0x6d6c1d]
C  [ucrtbase.dll+0x2cd30]
C  [KERNEL32.DLL+0x2cd87]
C  [ntdll.dll+0xacaec]


---------------  P R O C E S S  ---------------

Threads class SMR info:
_java_thread_list=0x000001f365c0b6a0, length=30, elements={
0x000001f365d7cd60, 0x000001f365e3c7c0, 0x000001f365e3e360, 0x000001f365cf7850,
0x000001f365cf82b0, 0x000001f365cf8d10, 0x000001f365cf9770, 0x000001f365cfa500,
0x000001f365d064c0, 0x000001f37e1d08b0, 0x000001f37e220350, 0x000001f37ea85950,
0x000001f37eb719c0, 0x000001f37eb4a660, 0x000001f37e8e9fb0, 0x000001f37efd2af0,
0x000001f37eba17d0, 0x000001f37e34e5c0, 0x000001f37eb1fd90, 0x000001f37eb20420,
0x000001f37eb1f700, 0x000001f37eb1f070, 0x000001f37f7d6860, 0x000001f37f7d7580,
0x000001f37f7d82a0, 0x000001f37f7d6ef0, 0x000001f37f7d8930, 0x000001f37f7d8fc0,
0x000001f37f7d9650, 0x000001f37f7db720
}

Java Threads: ( => current thread )
  0x000001f365d7cd60 JavaThread "main"                              [_thread_blocked, id=22764, stack(0x0000008126d00000,0x0000008126e00000) (1024K)]
  0x000001f365e3c7c0 JavaThread "Reference Handler"          daemon [_thread_blocked, id=14692, stack(0x0000008127100000,0x0000008127200000) (1024K)]
  0x000001f365e3e360 JavaThread "Finalizer"                  daemon [_thread_blocked, id=21140, stack(0x0000008127200000,0x0000008127300000) (1024K)]
  0x000001f365cf7850 JavaThread "Signal Dispatcher"          daemon [_thread_blocked, id=28024, stack(0x0000008127300000,0x0000008127400000) (1024K)]
  0x000001f365cf82b0 JavaThread "Attach Listener"            daemon [_thread_blocked, id=21220, stack(0x0000008127400000,0x0000008127500000) (1024K)]
  0x000001f365cf8d10 JavaThread "Service Thread"             daemon [_thread_blocked, id=6844, stack(0x0000008127500000,0x0000008127600000) (1024K)]
  0x000001f365cf9770 JavaThread "Monitor Deflation Thread"   daemon [_thread_blocked, id=23472, stack(0x0000008127600000,0x0000008127700000) (1024K)]
=>0x000001f365cfa500 JavaThread "C2 CompilerThread0"         daemon [_thread_in_native, id=23760, stack(0x0000008127700000,0x0000008127800000) (1024K)]
  0x000001f365d064c0 JavaThread "C1 CompilerThread0"         daemon [_thread_in_vm, id=12584, stack(0x0000008127800000,0x0000008127900000) (1024K)]
  0x000001f37e1d08b0 JavaThread "Common-Cleaner"             daemon [_thread_blocked, id=21836, stack(0x0000008127900000,0x0000008127a00000) (1024K)]
  0x000001f37e220350 JavaThread "Notification Thread"        daemon [_thread_blocked, id=25840, stack(0x0000008127a00000,0x0000008127b00000) (1024K)]
  0x000001f37ea85950 JavaThread "Active Thread: Equinox Container: f7113420-c6ae-43d7-9488-055144082930"        [_thread_blocked, id=13608, stack(0x0000008128100000,0x0000008128200000) (1024K)]
  0x000001f37eb719c0 JavaThread "Refresh Thread: Equinox Container: f7113420-c6ae-43d7-9488-055144082930" daemon [_thread_blocked, id=15468, stack(0x0000008128300000,0x0000008128400000) (1024K)]
  0x000001f37eb4a660 JavaThread "Framework Event Dispatcher: Equinox Container: f7113420-c6ae-43d7-9488-055144082930" daemon [_thread_blocked, id=20980, stack(0x0000008128400000,0x0000008128500000) (1024K)]
  0x000001f37e8e9fb0 JavaThread "Start Level: Equinox Container: f7113420-c6ae-43d7-9488-055144082930" daemon [_thread_blocked, id=17656, stack(0x0000008128500000,0x0000008128600000) (1024K)]
  0x000001f37efd2af0 JavaThread "Bundle File Closer"         daemon [_thread_blocked, id=27076, stack(0x0000008128600000,0x0000008128700000) (1024K)]
  0x000001f37eba17d0 JavaThread "SCR Component Actor"        daemon [_thread_blocked, id=1832, stack(0x0000008128700000,0x0000008128800000) (1024K)]
  0x000001f37e34e5c0 JavaThread "Worker-JM"                         [_thread_blocked, id=23268, stack(0x0000008128800000,0x0000008128900000) (1024K)]
  0x000001f37eb1fd90 JavaThread "Worker-0"                          [_thread_blocked, id=2340, stack(0x0000008128900000,0x0000008128a00000) (1024K)]
  0x000001f37eb20420 JavaThread "Worker-1"                          [_thread_blocked, id=8172, stack(0x0000008128a00000,0x0000008128b00000) (1024K)]
  0x000001f37eb1f700 JavaThread "Worker-2: Initialize Workspace"        [_thread_in_native, id=19968, stack(0x0000008128b00000,0x0000008128c00000) (1024K)]
  0x000001f37eb1f070 JavaThread "Java indexing"              daemon [_thread_blocked, id=2924, stack(0x0000008128c00000,0x0000008128d00000) (1024K)]
  0x000001f37f7d6860 JavaThread "Worker-3"                          [_thread_blocked, id=8204, stack(0x0000008128d00000,0x0000008128e00000) (1024K)]
  0x000001f37f7d7580 JavaThread "JNA Cleaner"                daemon [_thread_blocked, id=28396, stack(0x0000008128e00000,0x0000008128f00000) (1024K)]
  0x000001f37f7d82a0 JavaThread "Worker-4"                          [_thread_blocked, id=24324, stack(0x0000008129100000,0x0000008129200000) (1024K)]
  0x000001f37f7d6ef0 JavaThread "Worker-5"                          [_thread_blocked, id=17724, stack(0x0000008129200000,0x0000008129300000) (1024K)]
  0x000001f37f7d8930 JavaThread "pool-2-thread-1"                   [_thread_blocked, id=28108, stack(0x0000008129300000,0x0000008129400000) (1024K)]
  0x000001f37f7d8fc0 JavaThread "WorkspaceEventsHandler"            [_thread_blocked, id=23216, stack(0x0000008129400000,0x0000008129500000) (1024K)]
  0x000001f37f7d9650 JavaThread "pool-1-thread-1"                   [_thread_blocked, id=20348, stack(0x0000008129500000,0x0000008129600000) (1024K)]
  0x000001f37f7db720 JavaThread "ProjectImportProgressReporter" daemon [_thread_blocked, id=22568, stack(0x0000008129600000,0x0000008129700000) (1024K)]
Total: 30

Other Threads:
  0x000001f365e21820 VMThread "VM Thread"                           [id=20628, stack(0x0000008127000000,0x0000008127100000) (1024K)]
  0x000001f3639fd440 WatcherThread "VM Periodic Task Thread"        [id=27304, stack(0x0000008126f00000,0x0000008127000000) (1024K)]
  0x000001f365d9b260 WorkerThread "GC Thread#0"                     [id=27884, stack(0x0000008126e00000,0x0000008126f00000) (1024K)]
  0x000001f37e763d80 WorkerThread "GC Thread#1"                     [id=26048, stack(0x0000008127b00000,0x0000008127c00000) (1024K)]
  0x000001f37e764530 WorkerThread "GC Thread#2"                     [id=8552, stack(0x0000008127c00000,0x0000008127d00000) (1024K)]
  0x000001f37ea722b0 WorkerThread "GC Thread#3"                     [id=12280, stack(0x0000008127d00000,0x0000008127e00000) (1024K)]
  0x000001f37ea72660 WorkerThread "GC Thread#4"                     [id=6620, stack(0x0000008127e00000,0x0000008127f00000) (1024K)]
  0x000001f37ea72a10 WorkerThread "GC Thread#5"                     [id=23380, stack(0x0000008127f00000,0x0000008128000000) (1024K)]
  0x000001f37e62abe0 WorkerThread "GC Thread#6"                     [id=16428, stack(0x0000008128000000,0x0000008128100000) (1024K)]
  0x000001f37e8537c0 WorkerThread "GC Thread#7"                     [id=12332, stack(0x0000008128200000,0x0000008128300000) (1024K)]
Total: 10

Threads with active compile tasks:
C2 CompilerThread0  14327 5791       4       java.lang.invoke.MethodType::makeImpl (109 bytes)
Total: 1

VM state: not at safepoint (normal execution)

VM Mutex/Monitor currently owned by a thread: None

Heap address: 0x0000000080000000, size: 2048 MB, Compressed Oops mode: 32-bit

CDS archive(s) mapped at: [0x000001f300000000-0x000001f300ba0000-0x000001f300ba0000), size 12189696, SharedBaseAddress: 0x000001f300000000, ArchiveRelocationMode: 1.
Compressed class space mapped at: 0x000001f301000000-0x000001f341000000, reserved size: 1073741824
Narrow klass base: 0x000001f300000000, Narrow klass shift: 0, Narrow klass range: 0x100000000

GC Precious Log:
 CardTable entry size: 512
 CPUs: 8 total, 8 available
 Memory: 15782M
 Large Page Support: Disabled
 NUMA Support: Disabled
 Compressed Oops: Enabled (32-bit)
 Alignments: Space 512K, Generation 512K, Heap 2M
 Heap Min Capacity: 100M
 Heap Initial Capacity: 100M
 Heap Max Capacity: 2G
 Pre-touch: Disabled
 Parallel Workers: 8

Heap:
 PSYoungGen      total 23552K, used 4416K [0x00000000d5580000, 0x00000000d7100000, 0x0000000100000000)
  eden space 22016K, 14% used [0x00000000d5580000,0x00000000d58991d8,0x00000000d6b00000)
  from space 1536K, 80% used [0x00000000d6f80000,0x00000000d70b6e98,0x00000000d7100000)
  to   space 1536K, 0% used [0x00000000d6e00000,0x00000000d6e00000,0x00000000d6f80000)
 ParOldGen       total 68608K, used 22680K [0x0000000080000000, 0x0000000084300000, 0x00000000d5580000)
  object space 68608K, 33% used [0x0000000080000000,0x0000000081626300,0x0000000084300000)
 Metaspace       used 45011K, committed 46144K, reserved 1114112K
  class space    used 4953K, committed 5504K, reserved 1048576K

Card table byte_map: [0x000001f365720000,0x000001f365b30000] _byte_map_base: 0x000001f365320000

Marking Bits: (ParMarkBitMap*) 0x00007ffc927444a0
 Begin Bits: [0x000001f378230000, 0x000001f37a230000)
 End Bits:   [0x000001f37a230000, 0x000001f37c230000)

Polling page: 0x000001f363c00000

Metaspace:

Usage:
  Non-class:     39.12 MB used.
      Class:      4.84 MB used.
       Both:     43.96 MB used.

Virtual space:
  Non-class space:       64.00 MB reserved,      39.69 MB ( 62%) committed,  1 nodes.
      Class space:        1.00 GB reserved,       5.38 MB ( <1%) committed,  1 nodes.
             Both:        1.06 GB reserved,      45.06 MB (  4%) committed. 

Chunk freelists:
   Non-Class:  7.69 MB
       Class:  10.61 MB
        Both:  18.30 MB

MaxMetaspaceSize: unlimited
CompressedClassSpaceSize: 1.00 GB
Initial GC threshold: 21.00 MB
Current GC threshold: 58.38 MB
CDS: on
 - commit_granule_bytes: 65536.
 - commit_granule_words: 8192.
 - virtual_space_node_default_size: 8388608.
 - enlarge_chunks_in_place: 1.
 - use_allocation_guard: 0.


Internal statistics:

num_allocs_failed_limit: 6.
num_arena_births: 808.
num_arena_deaths: 22.
num_vsnodes_births: 2.
num_vsnodes_deaths: 0.
num_space_committed: 721.
num_space_uncommitted: 0.
num_chunks_returned_to_freelist: 32.
num_chunks_taken_from_freelist: 2829.
num_chunk_merges: 12.
num_chunk_splits: 1740.
num_chunks_enlarged: 996.
num_inconsistent_stats: 0.

CodeHeap 'non-profiled nmethods': size=120000Kb used=1896Kb max_used=1896Kb free=118103Kb
 bounds [0x000001f370a50000, 0x000001f370cc0000, 0x000001f377f80000]
CodeHeap 'profiled nmethods': size=120000Kb used=10227Kb max_used=10227Kb free=109772Kb
 bounds [0x000001f368f80000, 0x000001f369980000, 0x000001f3704b0000]
CodeHeap 'non-nmethods': size=5760Kb used=1358Kb max_used=1434Kb free=4401Kb
 bounds [0x000001f3704b0000, 0x000001f370720000, 0x000001f370a50000]
CodeCache: size=245760Kb, used=13481Kb, max_used=13557Kb, free=232276Kb
 total_blobs=5956, nmethods=5303, adapters=559, full_count=0
Compilation: enabled, stopped_count=0, restarted_count=0

Compilation events (20 events):
Event: 14.201 Thread 0x000001f365d064c0 5800       2       org.eclipse.osgi.container.ModuleContainer::getWiring (9 bytes)
Event: 14.203 Thread 0x000001f365d064c0 nmethod 5800 0x000001f36996e010 code [0x000001f36996e220, 0x000001f36996e568]
Event: 14.213 Thread 0x000001f365d064c0 5801       2       java.lang.invoke.DelegatingMethodHandle::rebind (8 bytes)
Event: 14.213 Thread 0x000001f365d064c0 nmethod 5801 0x000001f36996e910 code [0x000001f36996eac0, 0x000001f36996ec20]
Event: 14.220 Thread 0x000001f365d064c0 5803       2       java.util.regex.Pattern::skip (23 bytes)
Event: 14.221 Thread 0x000001f365d064c0 nmethod 5803 0x000001f36996ed10 code [0x000001f36996eea0, 0x000001f36996efe0]
Event: 14.221 Thread 0x000001f365d064c0 5804       2       java.util.regex.Pattern$SliceU::match (99 bytes)
Event: 14.222 Thread 0x000001f365d064c0 nmethod 5804 0x000001f36996f110 code [0x000001f36996f320, 0x000001f36996f698]
Event: 14.224 Thread 0x000001f365d064c0 5806   !   2       java.util.regex.Pattern::<init> (144 bytes)
Event: 14.225 Thread 0x000001f365d064c0 nmethod 5806 0x000001f36996f890 code [0x000001f36996fae0, 0x000001f369970170]
Event: 14.225 Thread 0x000001f365d064c0 5807       3       java.util.regex.Pattern$$Lambda/0x000001f301069608::is (5 bytes)
Event: 14.225 Thread 0x000001f365d064c0 nmethod 5807 0x000001f369970510 code [0x000001f3699706c0, 0x000001f369970918]
Event: 14.226 Thread 0x000001f365d064c0 5808       2       java.util.regex.Pattern::qtype (39 bytes)
Event: 14.226 Thread 0x000001f365d064c0 nmethod 5808 0x000001f369970a10 code [0x000001f369970be0, 0x000001f369970db8]
Event: 14.231 Thread 0x000001f365d064c0 5809       2       sun.nio.fs.Globs::isRegexMeta (16 bytes)
Event: 14.231 Thread 0x000001f365d064c0 nmethod 5809 0x000001f369970e90 code [0x000001f369971040, 0x000001f369971168]
Event: 14.243 Thread 0x000001f365d064c0 5812       3       java.util.regex.Pattern$SliceU::match (99 bytes)
Event: 14.244 Thread 0x000001f365d064c0 nmethod 5812 0x000001f369971210 code [0x000001f369971440, 0x000001f369971bb8]
Event: 14.244 Thread 0x000001f365d064c0 5813       3       java.lang.Character::codePointBefore (48 bytes)
Event: 14.244 Thread 0x000001f365d064c0 nmethod 5813 0x000001f369971e90 code [0x000001f369972080, 0x000001f369972608]

GC Heap History (20 events):
Event: 10.780 GC heap before
{Heap before GC invocations=11 (full 1):
 PSYoungGen      total 24064K, used 23968K [0x00000000d5580000, 0x00000000d7500000, 0x0000000100000000)
  eden space 23552K, 100% used [0x00000000d5580000,0x00000000d6c80000,0x00000000d6c80000)
  from space 512K, 81% used [0x00000000d6e80000,0x00000000d6ee8000,0x00000000d6f00000)
  to   space 2048K, 0% used [0x00000000d7300000,0x00000000d7300000,0x00000000d7500000)
 ParOldGen       total 68608K, used 13561K [0x0000000080000000, 0x0000000084300000, 0x00000000d5580000)
  object space 68608K, 19% used [0x0000000080000000,0x0000000080d3e650,0x0000000084300000)
 Metaspace       used 25876K, committed 26688K, reserved 1114112K
  class space    used 2548K, committed 2880K, reserved 1048576K
}
Event: 10.784 GC heap after
{Heap after GC invocations=11 (full 1):
 PSYoungGen      total 25088K, used 1777K [0x00000000d5580000, 0x00000000d7500000, 0x0000000100000000)
  eden space 23040K, 0% used [0x00000000d5580000,0x00000000d5580000,0x00000000d6c00000)
  from space 2048K, 86% used [0x00000000d7300000,0x00000000d74bc6f8,0x00000000d7500000)
  to   space 2560K, 0% used [0x00000000d7000000,0x00000000d7000000,0x00000000d7280000)
 ParOldGen       total 68608K, used 14350K [0x0000000080000000, 0x0000000084300000, 0x00000000d5580000)
  object space 68608K, 20% used [0x0000000080000000,0x0000000080e03b60,0x0000000084300000)
 Metaspace       used 25876K, committed 26688K, reserved 1114112K
  class space    used 2548K, committed 2880K, reserved 1048576K
}
Event: 11.136 GC heap before
{Heap before GC invocations=12 (full 1):
 PSYoungGen      total 25088K, used 24809K [0x00000000d5580000, 0x00000000d7500000, 0x0000000100000000)
  eden space 23040K, 99% used [0x00000000d5580000,0x00000000d6bfde48,0x00000000d6c00000)
  from space 2048K, 86% used [0x00000000d7300000,0x00000000d74bc6f8,0x00000000d7500000)
  to   space 2560K, 0% used [0x00000000d7000000,0x00000000d7000000,0x00000000d7280000)
 ParOldGen       total 68608K, used 14350K [0x0000000080000000, 0x0000000084300000, 0x00000000d5580000)
  object space 68608K, 20% used [0x0000000080000000,0x0000000080e03b60,0x0000000084300000)
 Metaspace       used 29377K, committed 30272K, reserved 1114112K
  class space    used 2976K, committed 3328K, reserved 1048576K
}
Event: 11.139 GC heap after
{Heap after GC invocations=12 (full 1):
 PSYoungGen      total 24064K, used 1106K [0x00000000d5580000, 0x00000000d7380000, 0x0000000100000000)
  eden space 22528K, 0% used [0x00000000d5580000,0x00000000d5580000,0x00000000d6b80000)
  from space 1536K, 72% used [0x00000000d7000000,0x00000000d71149d8,0x00000000d7180000)
  to   space 1536K, 0% used [0x00000000d7200000,0x00000000d7200000,0x00000000d7380000)
 ParOldGen       total 68608K, used 15906K [0x0000000080000000, 0x0000000084300000, 0x00000000d5580000)
  object space 68608K, 23% used [0x0000000080000000,0x0000000080f88b08,0x0000000084300000)
 Metaspace       used 29377K, committed 30272K, reserved 1114112K
  class space    used 2976K, committed 3328K, reserved 1048576K
}
Event: 11.526 GC heap before
{Heap before GC invocations=13 (full 1):
 PSYoungGen      total 24064K, used 23634K [0x00000000d5580000, 0x00000000d7380000, 0x0000000100000000)
  eden space 22528K, 100% used [0x00000000d5580000,0x00000000d6b80000,0x00000000d6b80000)
  from space 1536K, 72% used [0x00000000d7000000,0x00000000d71149d8,0x00000000d7180000)
  to   space 1536K, 0% used [0x00000000d7200000,0x00000000d7200000,0x00000000d7380000)
 ParOldGen       total 68608K, used 15906K [0x0000000080000000, 0x0000000084300000, 0x00000000d5580000)
  object space 68608K, 23% used [0x0000000080000000,0x0000000080f88b08,0x0000000084300000)
 Metaspace       used 31516K, committed 32512K, reserved 1114112K
  class space    used 3252K, committed 3648K, reserved 1048576K
}
Event: 11.530 GC heap after
{Heap after GC invocations=13 (full 1):
 PSYoungGen      total 23040K, used 960K [0x00000000d5580000, 0x00000000d7300000, 0x0000000100000000)
  eden space 22016K, 0% used [0x00000000d5580000,0x00000000d5580000,0x00000000d6b00000)
  from space 1024K, 93% used [0x00000000d7200000,0x00000000d72f0000,0x00000000d7300000)
  to   space 1536K, 0% used [0x00000000d7000000,0x00000000d7000000,0x00000000d7180000)
 ParOldGen       total 68608K, used 16820K [0x0000000080000000, 0x0000000084300000, 0x00000000d5580000)
  object space 68608K, 24% used [0x0000000080000000,0x000000008106d3f8,0x0000000084300000)
 Metaspace       used 31516K, committed 32512K, reserved 1114112K
  class space    used 3252K, committed 3648K, reserved 1048576K
}
Event: 11.798 GC heap before
{Heap before GC invocations=14 (full 1):
 PSYoungGen      total 23040K, used 22976K [0x00000000d5580000, 0x00000000d7300000, 0x0000000100000000)
  eden space 22016K, 100% used [0x00000000d5580000,0x00000000d6b00000,0x00000000d6b00000)
  from space 1024K, 93% used [0x00000000d7200000,0x00000000d72f0000,0x00000000d7300000)
  to   space 1536K, 0% used [0x00000000d7000000,0x00000000d7000000,0x00000000d7180000)
 ParOldGen       total 68608K, used 16820K [0x0000000080000000, 0x0000000084300000, 0x00000000d5580000)
  object space 68608K, 24% used [0x0000000080000000,0x000000008106d3f8,0x0000000084300000)
 Metaspace       used 33575K, committed 34560K, reserved 1114112K
  class space    used 3514K, committed 3904K, reserved 1048576K
}
Event: 11.801 GC heap after
{Heap after GC invocations=14 (full 1):
 PSYoungGen      total 23552K, used 1389K [0x00000000d5580000, 0x00000000d7280000, 0x0000000100000000)
  eden space 22016K, 0% used [0x00000000d5580000,0x00000000d5580000,0x00000000d6b00000)
  from space 1536K, 90% used [0x00000000d7000000,0x00000000d715b500,0x00000000d7180000)
  to   space 1024K, 0% used [0x00000000d7180000,0x00000000d7180000,0x00000000d7280000)
 ParOldGen       total 68608K, used 17577K [0x0000000080000000, 0x0000000084300000, 0x00000000d5580000)
  object space 68608K, 25% used [0x0000000080000000,0x000000008112a6f0,0x0000000084300000)
 Metaspace       used 33575K, committed 34560K, reserved 1114112K
  class space    used 3514K, committed 3904K, reserved 1048576K
}
Event: 11.876 GC heap before
{Heap before GC invocations=15 (full 1):
 PSYoungGen      total 23552K, used 12378K [0x00000000d5580000, 0x00000000d7280000, 0x0000000100000000)
  eden space 22016K, 49% used [0x00000000d5580000,0x00000000d603b6d8,0x00000000d6b00000)
  from space 1536K, 90% used [0x00000000d7000000,0x00000000d715b500,0x00000000d7180000)
  to   space 1024K, 0% used [0x00000000d7180000,0x00000000d7180000,0x00000000d7280000)
 ParOldGen       total 68608K, used 17577K [0x0000000080000000, 0x0000000084300000, 0x00000000d5580000)
  object space 68608K, 25% used [0x0000000080000000,0x000000008112a6f0,0x0000000084300000)
 Metaspace       used 34754K, committed 35840K, reserved 1114112K
  class space    used 3660K, committed 4160K, reserved 1048576K
}
Event: 11.878 GC heap after
{Heap after GC invocations=15 (full 1):
 PSYoungGen      total 23040K, used 877K [0x00000000d5580000, 0x00000000d7280000, 0x0000000100000000)
  eden space 22016K, 0% used [0x00000000d5580000,0x00000000d5580000,0x00000000d6b00000)
  from space 1024K, 85% used [0x00000000d7180000,0x00000000d725b450,0x00000000d7280000)
  to   space 1536K, 0% used [0x00000000d6f80000,0x00000000d6f80000,0x00000000d7100000)
 ParOldGen       total 68608K, used 18744K [0x0000000080000000, 0x0000000084300000, 0x00000000d5580000)
  object space 68608K, 27% used [0x0000000080000000,0x000000008124e308,0x0000000084300000)
 Metaspace       used 34754K, committed 35840K, reserved 1114112K
  class space    used 3660K, committed 4160K, reserved 1048576K
}
Event: 11.878 GC heap before
{Heap before GC invocations=16 (full 2):
 PSYoungGen      total 23040K, used 877K [0x00000000d5580000, 0x00000000d7280000, 0x0000000100000000)
  eden space 22016K, 0% used [0x00000000d5580000,0x00000000d5580000,0x00000000d6b00000)
  from space 1024K, 85% used [0x00000000d7180000,0x00000000d725b450,0x00000000d7280000)
  to   space 1536K, 0% used [0x00000000d6f80000,0x00000000d6f80000,0x00000000d7100000)
 ParOldGen       total 68608K, used 18744K [0x0000000080000000, 0x0000000084300000, 0x00000000d5580000)
  object space 68608K, 27% used [0x0000000080000000,0x000000008124e308,0x0000000084300000)
 Metaspace       used 34754K, committed 35840K, reserved 1114112K
  class space    used 3660K, committed 4160K, reserved 1048576K
}
Event: 11.932 GC heap after
{Heap after GC invocations=16 (full 2):
 PSYoungGen      total 23040K, used 0K [0x00000000d5580000, 0x00000000d7280000, 0x0000000100000000)
  eden space 22016K, 0% used [0x00000000d5580000,0x00000000d5580000,0x00000000d6b00000)
  from space 1024K, 0% used [0x00000000d7180000,0x00000000d7180000,0x00000000d7280000)
  to   space 1536K, 0% used [0x00000000d6f80000,0x00000000d6f80000,0x00000000d7100000)
 ParOldGen       total 68608K, used 18121K [0x0000000080000000, 0x0000000084300000, 0x00000000d5580000)
  object space 68608K, 26% used [0x0000000080000000,0x00000000811b25b0,0x0000000084300000)
 Metaspace       used 34747K, committed 35840K, reserved 1114112K
  class space    used 3658K, committed 4160K, reserved 1048576K
}
Event: 12.211 GC heap before
{Heap before GC invocations=17 (full 2):
 PSYoungGen      total 23040K, used 22016K [0x00000000d5580000, 0x00000000d7280000, 0x0000000100000000)
  eden space 22016K, 100% used [0x00000000d5580000,0x00000000d6b00000,0x00000000d6b00000)
  from space 1024K, 0% used [0x00000000d7180000,0x00000000d7180000,0x00000000d7280000)
  to   space 1536K, 0% used [0x00000000d6f80000,0x00000000d6f80000,0x00000000d7100000)
 ParOldGen       total 68608K, used 18121K [0x0000000080000000, 0x0000000084300000, 0x00000000d5580000)
  object space 68608K, 26% used [0x0000000080000000,0x00000000811b25b0,0x0000000084300000)
 Metaspace       used 37189K, committed 38272K, reserved 1114112K
  class space    used 3974K, committed 4480K, reserved 1048576K
}
Event: 12.215 GC heap after
{Heap after GC invocations=17 (full 2):
 PSYoungGen      total 23552K, used 1536K [0x00000000d5580000, 0x00000000d7200000, 0x0000000100000000)
  eden space 22016K, 0% used [0x00000000d5580000,0x00000000d5580000,0x00000000d6b00000)
  from space 1536K, 100% used [0x00000000d6f80000,0x00000000d7100000,0x00000000d7100000)
  to   space 1024K, 0% used [0x00000000d7100000,0x00000000d7100000,0x00000000d7200000)
 ParOldGen       total 68608K, used 18833K [0x0000000080000000, 0x0000000084300000, 0x00000000d5580000)
  object space 68608K, 27% used [0x0000000080000000,0x00000000812645b0,0x0000000084300000)
 Metaspace       used 37189K, committed 38272K, reserved 1114112K
  class space    used 3974K, committed 4480K, reserved 1048576K
}
Event: 12.557 GC heap before
{Heap before GC invocations=18 (full 2):
 PSYoungGen      total 23552K, used 23552K [0x00000000d5580000, 0x00000000d7200000, 0x0000000100000000)
  eden space 22016K, 100% used [0x00000000d5580000,0x00000000d6b00000,0x00000000d6b00000)
  from space 1536K, 100% used [0x00000000d6f80000,0x00000000d7100000,0x00000000d7100000)
  to   space 1024K, 0% used [0x00000000d7100000,0x00000000d7100000,0x00000000d7200000)
 ParOldGen       total 68608K, used 18833K [0x0000000080000000, 0x0000000084300000, 0x00000000d5580000)
  object space 68608K, 27% used [0x0000000080000000,0x00000000812645b0,0x0000000084300000)
 Metaspace       used 39518K, committed 40640K, reserved 1114112K
  class space    used 4271K, committed 4800K, reserved 1048576K
}
Event: 12.561 GC heap after
{Heap after GC invocations=18 (full 2):
 PSYoungGen      total 23040K, used 1024K [0x00000000d5580000, 0x00000000d7200000, 0x0000000100000000)
  eden space 22016K, 0% used [0x00000000d5580000,0x00000000d5580000,0x00000000d6b00000)
  from space 1024K, 100% used [0x00000000d7100000,0x00000000d7200000,0x00000000d7200000)
  to   space 3072K, 0% used [0x00000000d6c00000,0x00000000d6c00000,0x00000000d6f00000)
 ParOldGen       total 68608K, used 20465K [0x0000000080000000, 0x0000000084300000, 0x00000000d5580000)
  object space 68608K, 29% used [0x0000000080000000,0x00000000813fc5c0,0x0000000084300000)
 Metaspace       used 39518K, committed 40640K, reserved 1114112K
  class space    used 4271K, committed 4800K, reserved 1048576K
}
Event: 13.285 GC heap before
{Heap before GC invocations=19 (full 2):
 PSYoungGen      total 23040K, used 23040K [0x00000000d5580000, 0x00000000d7200000, 0x0000000100000000)
  eden space 22016K, 100% used [0x00000000d5580000,0x00000000d6b00000,0x00000000d6b00000)
  from space 1024K, 100% used [0x00000000d7100000,0x00000000d7200000,0x00000000d7200000)
  to   space 3072K, 0% used [0x00000000d6c00000,0x00000000d6c00000,0x00000000d6f00000)
 ParOldGen       total 68608K, used 20465K [0x0000000080000000, 0x0000000084300000, 0x00000000d5580000)
  object space 68608K, 29% used [0x0000000080000000,0x00000000813fc5c0,0x0000000084300000)
 Metaspace       used 41994K, committed 43200K, reserved 1114112K
  class space    used 4615K, committed 5184K, reserved 1048576K
}
Event: 13.290 GC heap after
{Heap after GC invocations=19 (full 2):
 PSYoungGen      total 25088K, used 1376K [0x00000000d5580000, 0x00000000d7180000, 0x0000000100000000)
  eden space 22016K, 0% used [0x00000000d5580000,0x00000000d5580000,0x00000000d6b00000)
  from space 3072K, 44% used [0x00000000d6c00000,0x00000000d6d58000,0x00000000d6f00000)
  to   space 2048K, 0% used [0x00000000d6f80000,0x00000000d6f80000,0x00000000d7180000)
 ParOldGen       total 68608K, used 21464K [0x0000000080000000, 0x0000000084300000, 0x00000000d5580000)
  object space 68608K, 31% used [0x0000000080000000,0x00000000814f62e0,0x0000000084300000)
 Metaspace       used 41994K, committed 43200K, reserved 1114112K
  class space    used 4615K, committed 5184K, reserved 1048576K
}
Event: 14.111 GC heap before
{Heap before GC invocations=20 (full 2):
 PSYoungGen      total 25088K, used 23392K [0x00000000d5580000, 0x00000000d7180000, 0x0000000100000000)
  eden space 22016K, 100% used [0x00000000d5580000,0x00000000d6b00000,0x00000000d6b00000)
  from space 3072K, 44% used [0x00000000d6c00000,0x00000000d6d58000,0x00000000d6f00000)
  to   space 2048K, 0% used [0x00000000d6f80000,0x00000000d6f80000,0x00000000d7180000)
 ParOldGen       total 68608K, used 21464K [0x0000000080000000, 0x0000000084300000, 0x00000000d5580000)
  object space 68608K, 31% used [0x0000000080000000,0x00000000814f62e0,0x0000000084300000)
 Metaspace       used 44582K, committed 45696K, reserved 1114112K
  class space    used 4911K, committed 5376K, reserved 1048576K
}
Event: 14.116 GC heap after
{Heap after GC invocations=20 (full 2):
 PSYoungGen      total 23552K, used 1243K [0x00000000d5580000, 0x00000000d7100000, 0x0000000100000000)
  eden space 22016K, 0% used [0x00000000d5580000,0x00000000d5580000,0x00000000d6b00000)
  from space 1536K, 80% used [0x00000000d6f80000,0x00000000d70b6e98,0x00000000d7100000)
  to   space 1536K, 0% used [0x00000000d6e00000,0x00000000d6e00000,0x00000000d6f80000)
 ParOldGen       total 68608K, used 22680K [0x0000000080000000, 0x0000000084300000, 0x00000000d5580000)
  object space 68608K, 33% used [0x0000000080000000,0x0000000081626300,0x0000000084300000)
 Metaspace       used 44582K, committed 45696K, reserved 1114112K
  class space    used 4911K, committed 5376K, reserved 1048576K
}

Dll operation events (20 events):
Event: 0.021 Attempting to load shared library c:\Users\User\.antigravity-ide\extensions\redhat.java-1.56.0-win32-x64\jre\21.0.12.1-win32-x86_64\bin\java.dll
Event: 0.021 Loaded shared library c:\Users\User\.antigravity-ide\extensions\redhat.java-1.56.0-win32-x64\jre\21.0.12.1-win32-x86_64\bin\java.dll
Event: 0.207 Attempting to load shared library c:\Users\User\.antigravity-ide\extensions\redhat.java-1.56.0-win32-x64\jre\21.0.12.1-win32-x86_64\bin\zip.dll
Event: 0.208 Loaded shared library c:\Users\User\.antigravity-ide\extensions\redhat.java-1.56.0-win32-x64\jre\21.0.12.1-win32-x86_64\bin\zip.dll
Event: 0.266 Attempting to load shared library C:\Users\User\.antigravity-ide\extensions\redhat.java-1.56.0-win32-x64\jre\21.0.12.1-win32-x86_64\bin\instrument.dll
Event: 0.266 Loaded shared library C:\Users\User\.antigravity-ide\extensions\redhat.java-1.56.0-win32-x64\jre\21.0.12.1-win32-x86_64\bin\instrument.dll
Event: 0.274 Attempting to load shared library C:\Users\User\.antigravity-ide\extensions\redhat.java-1.56.0-win32-x64\jre\21.0.12.1-win32-x86_64\bin\net.dll
Event: 0.277 Loaded shared library C:\Users\User\.antigravity-ide\extensions\redhat.java-1.56.0-win32-x64\jre\21.0.12.1-win32-x86_64\bin\net.dll
Event: 0.282 Attempting to load shared library C:\Users\User\.antigravity-ide\extensions\redhat.java-1.56.0-win32-x64\jre\21.0.12.1-win32-x86_64\bin\nio.dll
Event: 0.282 Loaded shared library C:\Users\User\.antigravity-ide\extensions\redhat.java-1.56.0-win32-x64\jre\21.0.12.1-win32-x86_64\bin\nio.dll
Event: 0.289 Attempting to load shared library C:\Users\User\.antigravity-ide\extensions\redhat.java-1.56.0-win32-x64\jre\21.0.12.1-win32-x86_64\bin\zip.dll
Event: 0.289 Loaded shared library C:\Users\User\.antigravity-ide\extensions\redhat.java-1.56.0-win32-x64\jre\21.0.12.1-win32-x86_64\bin\zip.dll
Event: 0.341 Attempting to load shared library C:\Users\User\.antigravity-ide\extensions\redhat.java-1.56.0-win32-x64\jre\21.0.12.1-win32-x86_64\bin\jimage.dll
Event: 0.341 Loaded shared library C:\Users\User\.antigravity-ide\extensions\redhat.java-1.56.0-win32-x64\jre\21.0.12.1-win32-x86_64\bin\jimage.dll
Event: 0.510 Attempting to load shared library c:\Users\User\.antigravity-ide\extensions\redhat.java-1.56.0-win32-x64\jre\21.0.12.1-win32-x86_64\bin\verify.dll
Event: 0.512 Loaded shared library c:\Users\User\.antigravity-ide\extensions\redhat.java-1.56.0-win32-x64\jre\21.0.12.1-win32-x86_64\bin\verify.dll
Event: 4.052 Attempting to load shared library C:\Users\User\AppData\Roaming\Antigravity IDE\User\globalStorage\redhat.java\1.56.0\config_win\org.eclipse.equinox.launcher\org.eclipse.equinox.launcher.win32.win32.x86_64_1.3.100.v20260804-1928\eclipse_11924.dll
Event: 4.055 Loaded shared library C:\Users\User\AppData\Roaming\Antigravity IDE\User\globalStorage\redhat.java\1.56.0\config_win\org.eclipse.equinox.launcher\org.eclipse.equinox.launcher.win32.win32.x86_64_1.3.100.v20260804-1928\eclipse_11924.dll
Event: 11.410 Attempting to load shared library C:\Users\User\AppData\Local\Temp\jna--2083208642\jna18033066359371967874.dll
Event: 11.564 Loaded shared library C:\Users\User\AppData\Local\Temp\jna--2083208642\jna18033066359371967874.dll

Deoptimization events (20 events):
Event: 13.917 Thread 0x000001f37f7d9650 Uncommon trap: trap_request=0xffffff45 fr.pc=0x000001f370bbd21c relative=0x000000000000007c
Event: 13.917 Thread 0x000001f37f7d9650 Uncommon trap: reason=unstable_if action=reinterpret pc=0x000001f370bbd21c method=java.lang.StringConcatHelper.mix(JLjava/lang/String;)J @ 13 c2
Event: 13.917 Thread 0x000001f37f7d9650 DEOPT PACKING pc=0x000001f370bbd21c sp=0x00000081295fddb0
Event: 13.917 Thread 0x000001f37f7d9650 DEOPT UNPACKING pc=0x000001f370503aa2 sp=0x00000081295fdd30 mode 2
Event: 13.917 Thread 0x000001f37f7d9650 Uncommon trap: trap_request=0xffffff45 fr.pc=0x000001f370bacad8 relative=0x0000000000000138
Event: 13.917 Thread 0x000001f37f7d9650 Uncommon trap: reason=unstable_if action=reinterpret pc=0x000001f370bacad8 method=java.lang.StringConcatHelper.prepend(J[BLjava/lang/String;)J @ 13 c2
Event: 13.917 Thread 0x000001f37f7d9650 DEOPT PACKING pc=0x000001f370bacad8 sp=0x00000081295fdcc0
Event: 13.917 Thread 0x000001f37f7d9650 DEOPT UNPACKING pc=0x000001f370503aa2 sp=0x00000081295fdc70 mode 2
Event: 13.917 Thread 0x000001f37f7d9650 Uncommon trap: trap_request=0xffffff45 fr.pc=0x000001f370b3a570 relative=0x00000000000000d0
Event: 13.917 Thread 0x000001f37f7d9650 Uncommon trap: reason=unstable_if action=reinterpret pc=0x000001f370b3a570 method=java.lang.StringConcatHelper.newString([BJ)Ljava/lang/String; @ 3 c2
Event: 13.917 Thread 0x000001f37f7d9650 DEOPT PACKING pc=0x000001f370b3a570 sp=0x00000081295fde50
Event: 13.917 Thread 0x000001f37f7d9650 DEOPT UNPACKING pc=0x000001f370503aa2 sp=0x00000081295fddd8 mode 2
Event: 14.140 Thread 0x000001f37f7d9650 Uncommon trap: trap_request=0xffffff45 fr.pc=0x000001f370c2454c relative=0x00000000000000ac
Event: 14.140 Thread 0x000001f37f7d9650 Uncommon trap: reason=unstable_if action=reinterpret pc=0x000001f370c2454c method=com.google.gson.stream.JsonReader.peek()Lcom/google/gson/stream/JsonToken; @ 15 c2
Event: 14.141 Thread 0x000001f37f7d9650 DEOPT PACKING pc=0x000001f370c2454c sp=0x00000081295feb80
Event: 14.141 Thread 0x000001f37f7d9650 DEOPT UNPACKING pc=0x000001f370503aa2 sp=0x00000081295feb08 mode 2
Event: 14.192 Thread 0x000001f37eb1f700 Uncommon trap: trap_request=0xffffff45 fr.pc=0x000001f370c1e278 relative=0x0000000000000a18
Event: 14.192 Thread 0x000001f37eb1f700 Uncommon trap: reason=unstable_if action=reinterpret pc=0x000001f370c1e278 method=java.lang.StringConcatHelper.simpleConcat(Ljava/lang/Object;Ljava/lang/Object;)Ljava/lang/String; @ 30 c2
Event: 14.192 Thread 0x000001f37eb1f700 DEOPT PACKING pc=0x000001f370c1e278 sp=0x0000008128bfe050
Event: 14.192 Thread 0x000001f37eb1f700 DEOPT UNPACKING pc=0x000001f370503aa2 sp=0x0000008128bfdff8 mode 2

Classes loaded (20 events):
Event: 14.215 Loading class java/nio/file/FileTreeWalker$1
Event: 14.215 Loading class java/nio/file/FileTreeWalker$1 done
Event: 14.217 Loading class java/nio/file/FileTreeWalker$DirectoryNode
Event: 14.217 Loading class java/nio/file/FileTreeWalker$DirectoryNode done
Event: 14.217 Loading class java/nio/file/FileTreeWalker$Event
Event: 14.217 Loading class java/nio/file/FileTreeWalker$Event done
Event: 14.217 Loading class java/nio/file/FileTreeWalker$EventType
Event: 14.217 Loading class java/nio/file/FileTreeWalker$EventType done
Event: 14.217 Loading class java/nio/file/Files$3
Event: 14.218 Loading class java/nio/file/Files$3 done
Event: 14.218 Loading class sun/nio/fs/Globs
Event: 14.218 Loading class sun/nio/fs/Globs done
Event: 14.219 Loading class java/util/regex/Pattern$SliceU
Event: 14.219 Loading class java/util/regex/Pattern$SliceU done
Event: 14.219 Loading class sun/nio/fs/WindowsFileSystem$2
Event: 14.220 Loading class java/nio/file/PathMatcher
Event: 14.220 Loading class java/nio/file/PathMatcher done
Event: 14.220 Loading class sun/nio/fs/WindowsFileSystem$2 done
Event: 14.222 Loading class java/nio/file/FileVisitResult
Event: 14.222 Loading class java/nio/file/FileVisitResult done

Classes unloaded (11 events):
Event: 9.979 Thread 0x000001f365e21820 Unloading class 0x000001f3011a8c00 'java/lang/invoke/LambdaForm$MH+0x000001f3011a8c00'
Event: 9.979 Thread 0x000001f365e21820 Unloading class 0x000001f3011a8800 'java/lang/invoke/LambdaForm$MH+0x000001f3011a8800'
Event: 9.979 Thread 0x000001f365e21820 Unloading class 0x000001f3011a8400 'java/lang/invoke/LambdaForm$MH+0x000001f3011a8400'
Event: 9.979 Thread 0x000001f365e21820 Unloading class 0x000001f3011a8000 'java/lang/invoke/LambdaForm$MH+0x000001f3011a8000'
Event: 9.979 Thread 0x000001f365e21820 Unloading class 0x000001f3011a7c00 'java/lang/invoke/LambdaForm$BMH+0x000001f3011a7c00'
Event: 9.979 Thread 0x000001f365e21820 Unloading class 0x000001f3011a7800 'java/lang/invoke/LambdaForm$DMH+0x000001f3011a7800'
Event: 9.979 Thread 0x000001f365e21820 Unloading class 0x000001f3011a6400 'java/lang/invoke/LambdaForm$DMH+0x000001f3011a6400'
Event: 11.889 Thread 0x000001f365e21820 Unloading class 0x000001f3012f1c00 'java/lang/invoke/LambdaForm$MH+0x000001f3012f1c00'
Event: 11.889 Thread 0x000001f365e21820 Unloading class 0x000001f3012f1000 'java/lang/invoke/LambdaForm$MH+0x000001f3012f1000'
Event: 11.889 Thread 0x000001f365e21820 Unloading class 0x000001f3012f0800 'java/lang/invoke/LambdaForm$MH+0x000001f3012f0800'
Event: 11.889 Thread 0x000001f365e21820 Unloading class 0x000001f3012f0000 'java/lang/invoke/LambdaForm$MH+0x000001f3012f0000'

Classes redefined (0 events):
No events

Internal exceptions (20 events):
Event: 14.224 Thread 0x000001f37eb1f700 Exception <a 'sun/nio/fs/WindowsException'{0x00000000d582e0f8}> (0x00000000d582e0f8) 
thrown [s\src\hotspot\share\prims\jni.cpp, line 520]
Event: 14.224 Thread 0x000001f37eb1f700 Exception <a 'sun/nio/fs/WindowsException'{0x00000000d582e6f8}> (0x00000000d582e6f8) 
thrown [s\src\hotspot\share\prims\jni.cpp, line 520]
Event: 14.224 Thread 0x000001f37eb1f700 Exception <a 'sun/nio/fs/WindowsException'{0x00000000d582ecf8}> (0x00000000d582ecf8) 
thrown [s\src\hotspot\share\prims\jni.cpp, line 520]
Event: 14.224 Thread 0x000001f37eb1f700 Exception <a 'sun/nio/fs/WindowsException'{0x00000000d582f318}> (0x00000000d582f318) 
thrown [s\src\hotspot\share\prims\jni.cpp, line 520]
Event: 14.226 Thread 0x000001f37eb1f700 Exception <a 'sun/nio/fs/WindowsException'{0x00000000d5833638}> (0x00000000d5833638) 
thrown [s\src\hotspot\share\prims\jni.cpp, line 520]
Event: 14.227 Thread 0x000001f37eb1f700 Exception <a 'sun/nio/fs/WindowsException'{0x00000000d5833c60}> (0x00000000d5833c60) 
thrown [s\src\hotspot\share\prims\jni.cpp, line 520]
Event: 14.227 Thread 0x000001f37eb1f700 Exception <a 'sun/nio/fs/WindowsException'{0x00000000d5834290}> (0x00000000d5834290) 
thrown [s\src\hotspot\share\prims\jni.cpp, line 520]
Event: 14.227 Thread 0x000001f37eb1f700 Exception <a 'sun/nio/fs/WindowsException'{0x00000000d58348d0}> (0x00000000d58348d0) 
thrown [s\src\hotspot\share\prims\jni.cpp, line 520]
Event: 14.232 Thread 0x000001f37eb1f700 Exception <a 'sun/nio/fs/WindowsException'{0x00000000d583b210}> (0x00000000d583b210) 
thrown [s\src\hotspot\share\prims\jni.cpp, line 520]
Event: 14.232 Thread 0x000001f37eb1f700 Exception <a 'sun/nio/fs/WindowsException'{0x00000000d583b830}> (0x00000000d583b830) 
thrown [s\src\hotspot\share\prims\jni.cpp, line 520]
Event: 14.233 Thread 0x000001f37eb1f700 Exception <a 'sun/nio/fs/WindowsException'{0x00000000d583be50}> (0x00000000d583be50) 
thrown [s\src\hotspot\share\prims\jni.cpp, line 520]
Event: 14.233 Thread 0x000001f37eb1f700 Exception <a 'sun/nio/fs/WindowsException'{0x00000000d583c488}> (0x00000000d583c488) 
thrown [s\src\hotspot\share\prims\jni.cpp, line 520]
Event: 14.235 Thread 0x000001f37eb1f700 Exception <a 'sun/nio/fs/WindowsException'{0x00000000d583f9f8}> (0x00000000d583f9f8) 
thrown [s\src\hotspot\share\prims\jni.cpp, line 520]
Event: 14.238 Thread 0x000001f37eb1f700 Exception <a 'sun/nio/fs/WindowsException'{0x00000000d5840018}> (0x00000000d5840018) 
thrown [s\src\hotspot\share\prims\jni.cpp, line 520]
Event: 14.239 Thread 0x000001f37eb1f700 Exception <a 'sun/nio/fs/WindowsException'{0x00000000d5840638}> (0x00000000d5840638) 
thrown [s\src\hotspot\share\prims\jni.cpp, line 520]
Event: 14.239 Thread 0x000001f37eb1f700 Exception <a 'sun/nio/fs/WindowsException'{0x00000000d5840c70}> (0x00000000d5840c70) 
thrown [s\src\hotspot\share\prims\jni.cpp, line 520]
Event: 14.243 Thread 0x000001f37eb1f700 Exception <a 'sun/nio/fs/WindowsException'{0x00000000d5844420}> (0x00000000d5844420) 
thrown [s\src\hotspot\share\prims\jni.cpp, line 520]
Event: 14.243 Thread 0x000001f37eb1f700 Exception <a 'sun/nio/fs/WindowsException'{0x00000000d5844a58}> (0x00000000d5844a58) 
thrown [s\src\hotspot\share\prims\jni.cpp, line 520]
Event: 14.244 Thread 0x000001f37eb1f700 Exception <a 'sun/nio/fs/WindowsException'{0x00000000d5845328}> (0x00000000d5845328) 
thrown [s\src\hotspot\share\prims\jni.cpp, line 520]
Event: 14.244 Thread 0x000001f37eb1f700 Exception <a 'sun/nio/fs/WindowsException'{0x00000000d5845980}> (0x00000000d5845980) 
thrown [s\src\hotspot\share\prims\jni.cpp, line 520]

ZGC Phase Switch (0 events):
No events

VM Operations (20 events):
Event: 12.080 Executing non-safepoint VM operation: HandshakeAllThreads (Deoptimize)
Event: 12.080 Executing non-safepoint VM operation: HandshakeAllThreads (Deoptimize) done
Event: 12.211 Executing safepoint VM operation: ParallelGCFailedAllocation (Allocation Failure)
Event: 12.215 Executing safepoint VM operation: ParallelGCFailedAllocation (Allocation Failure) done
Event: 12.310 Executing non-safepoint VM operation: HandshakeAllThreads (Deoptimize)
Event: 12.310 Executing non-safepoint VM operation: HandshakeAllThreads (Deoptimize) done
Event: 12.556 Executing safepoint VM operation: ParallelGCFailedAllocation (Allocation Failure)
Event: 12.561 Executing safepoint VM operation: ParallelGCFailedAllocation (Allocation Failure) done
Event: 12.841 Executing non-safepoint VM operation: HandshakeAllThreads (Deoptimize)
Event: 12.841 Executing non-safepoint VM operation: HandshakeAllThreads (Deoptimize) done
Event: 13.285 Executing safepoint VM operation: ParallelGCFailedAllocation (Allocation Failure)
Event: 13.290 Executing safepoint VM operation: ParallelGCFailedAllocation (Allocation Failure) done
Event: 13.705 Executing non-safepoint VM operation: HandshakeAllThreads (Deoptimize)
Event: 13.705 Executing non-safepoint VM operation: HandshakeAllThreads (Deoptimize) done
Event: 13.962 Executing non-safepoint VM operation: HandshakeAllThreads (Deoptimize)
Event: 13.963 Executing non-safepoint VM operation: HandshakeAllThreads (Deoptimize) done
Event: 14.062 Executing safepoint VM operation: ICBufferFull
Event: 14.062 Executing safepoint VM operation: ICBufferFull done
Event: 14.111 Executing safepoint VM operation: ParallelGCFailedAllocation (Allocation Failure)
Event: 14.116 Executing safepoint VM operation: ParallelGCFailedAllocation (Allocation Failure) done

Memory protections (0 events):
No events

Nmethod flushes (20 events):
Event: 11.904 Thread 0x000001f365e21820 flushing  nmethod 0x000001f369443790
Event: 11.904 Thread 0x000001f365e21820 flushing  nmethod 0x000001f369443b10
Event: 11.904 Thread 0x000001f365e21820 flushing  nmethod 0x000001f3694b5b10
Event: 11.904 Thread 0x000001f365e21820 flushing  nmethod 0x000001f3694fa990
Event: 11.904 Thread 0x000001f365e21820 flushing  nmethod 0x000001f36957f390
Event: 11.904 Thread 0x000001f365e21820 flushing  nmethod 0x000001f36958ce10
Event: 11.904 Thread 0x000001f365e21820 flushing  nmethod 0x000001f36958d210
Event: 11.904 Thread 0x000001f365e21820 flushing  nmethod 0x000001f36958e890
Event: 11.904 Thread 0x000001f365e21820 flushing  nmethod 0x000001f36958f190
Event: 11.904 Thread 0x000001f365e21820 flushing  nmethod 0x000001f369590390
Event: 11.904 Thread 0x000001f365e21820 flushing  nmethod 0x000001f369591390
Event: 11.904 Thread 0x000001f365e21820 flushing  nmethod 0x000001f369593090
Event: 11.904 Thread 0x000001f365e21820 flushing  nmethod 0x000001f369595390
Event: 11.904 Thread 0x000001f365e21820 flushing  nmethod 0x000001f369596390
Event: 11.904 Thread 0x000001f365e21820 flushing  nmethod 0x000001f369597d90
Event: 11.904 Thread 0x000001f365e21820 flushing  nmethod 0x000001f3695bbe90
Event: 11.904 Thread 0x000001f365e21820 flushing  nmethod 0x000001f3695cae10
Event: 11.904 Thread 0x000001f365e21820 flushing  nmethod 0x000001f369620010
Event: 11.904 Thread 0x000001f365e21820 flushing  nmethod 0x000001f369623b90
Event: 11.904 Thread 0x000001f365e21820 flushing  nmethod 0x000001f369643310

Events (20 events):
Event: 0.807 Thread 0x000001f365d7cd60 Thread added: 0x000001f37e220350
Event: 3.267 Thread 0x000001f365d7cd60 Thread added: 0x000001f37ea85950
Event: 4.047 Thread 0x000001f365d7cd60 Thread added: 0x000001f37eb719c0
Event: 4.268 Thread 0x000001f37eb719c0 Thread added: 0x000001f37eb4a660
Event: 4.280 Thread 0x000001f365d7cd60 Thread added: 0x000001f37e8e9fb0
Event: 5.354 Thread 0x000001f37e8e9fb0 Thread added: 0x000001f37efd2af0
Event: 7.488 Thread 0x000001f37e8e9fb0 Thread added: 0x000001f37eba17d0
Event: 8.334 Thread 0x000001f37e8e9fb0 Thread added: 0x000001f37e34e5c0
Event: 8.720 Thread 0x000001f37e8e9fb0 Thread added: 0x000001f37eb1fd90
Event: 8.751 Thread 0x000001f37e8e9fb0 Thread added: 0x000001f37eb20420
Event: 10.732 Thread 0x000001f37eb1fd90 Thread added: 0x000001f37eb1f700
Event: 10.785 Thread 0x000001f37e8e9fb0 Thread added: 0x000001f37eb1f070
Event: 10.786 Thread 0x000001f37eb1f700 Thread added: 0x000001f37f7d6860
Event: 11.622 Thread 0x000001f37e8e9fb0 Thread added: 0x000001f37f7d7580
Event: 11.745 Thread 0x000001f37eb1f700 Thread added: 0x000001f37f7d82a0
Event: 11.831 Thread 0x000001f37f7d82a0 Thread added: 0x000001f37f7d6ef0
Event: 11.958 Thread 0x000001f365d7cd60 Thread added: 0x000001f37f7d8930
Event: 12.278 Thread 0x000001f365d7cd60 Thread added: 0x000001f37f7d8fc0
Event: 12.278 Thread 0x000001f365d7cd60 Thread added: 0x000001f37f7d9650
Event: 14.165 Thread 0x000001f37eb1f700 Thread added: 0x000001f37f7db720


Dynamic libraries:
0x00007ff7e0fa0000 - 0x00007ff7e0fae000 	c:\Users\User\.antigravity-ide\extensions\redhat.java-1.56.0-win32-x64\jre\21.0.12.1-win32-x86_64\bin\java.exe
0x00007ffd8d1a0000 - 0x00007ffd8d407000 	C:\WINDOWS\SYSTEM32\ntdll.dll
0x00007ffd8c180000 - 0x00007ffd8c24b000 	C:\WINDOWS\System32\KERNEL32.DLL
0x00007ffd8a8d0000 - 0x00007ffd8acd2000 	C:\WINDOWS\System32\KERNELBASE.dll
0x00007ffd8a770000 - 0x00007ffd8a8bc000 	C:\WINDOWS\System32\ucrtbase.dll
0x00007ffd66b10000 - 0x00007ffd66b28000 	c:\Users\User\.antigravity-ide\extensions\redhat.java-1.56.0-win32-x64\jre\21.0.12.1-win32-x86_64\bin\jli.dll
0x00007ffd65290000 - 0x00007ffd652ae000 	c:\Users\User\.antigravity-ide\extensions\redhat.java-1.56.0-win32-x64\jre\21.0.12.1-win32-x86_64\bin\VCRUNTIME140.dll
0x00007ffd8c5f0000 - 0x00007ffd8c7bf000 	C:\WINDOWS\System32\USER32.dll
0x00007ffd8a460000 - 0x00007ffd8a487000 	C:\WINDOWS\System32\win32u.dll
0x00007ffd8be10000 - 0x00007ffd8be3b000 	C:\WINDOWS\System32\GDI32.dll
0x00007ffd68580000 - 0x00007ffd68810000 	C:\WINDOWS\WinSxS\amd64_microsoft.windows.common-controls_6595b64144ccf1df_6.0.26100.9278_none_3e0d1ba8e3303201\COMCTL32.dll
0x00007ffd8ace0000 - 0x00007ffd8ae09000 	C:\WINDOWS\System32\gdi32full.dll
0x00007ffd8b310000 - 0x00007ffd8b3b9000 	C:\WINDOWS\System32\msvcrt.dll
0x00007ffd8ae10000 - 0x00007ffd8aeb3000 	C:\WINDOWS\System32\msvcp_win.dll
0x00007ffd8b250000 - 0x00007ffd8b281000 	C:\WINDOWS\System32\IMM32.DLL
0x00007ffd7c210000 - 0x00007ffd7c21c000 	c:\Users\User\.antigravity-ide\extensions\redhat.java-1.56.0-win32-x64\jre\21.0.12.1-win32-x86_64\bin\vcruntime140_1.dll
0x00007ffd3c4e0000 - 0x00007ffd3c56d000 	c:\Users\User\.antigravity-ide\extensions\redhat.java-1.56.0-win32-x64\jre\21.0.12.1-win32-x86_64\bin\msvcp140.dll
0x00007ffc91a80000 - 0x00007ffc92822000 	c:\Users\User\.antigravity-ide\extensions\redhat.java-1.56.0-win32-x64\jre\21.0.12.1-win32-x86_64\bin\server\jvm.dll
0x00007ffd8be40000 - 0x00007ffd8befc000 	C:\WINDOWS\System32\ADVAPI32.dll
0x00007ffd8b990000 - 0x00007ffd8ba39000 	C:\WINDOWS\System32\sechost.dll
0x00007ffd8b870000 - 0x00007ffd8b988000 	C:\WINDOWS\System32\RPCRT4.dll
0x00007ffd8bc10000 - 0x00007ffd8bc90000 	C:\WINDOWS\System32\WS2_32.dll
0x00007ffd8a200000 - 0x00007ffd8a25e000 	C:\WINDOWS\SYSTEM32\POWRPROF.dll
0x00007ffd73550000 - 0x00007ffd73586000 	C:\WINDOWS\SYSTEM32\WINMM.dll
0x00007ffd81240000 - 0x00007ffd8124b000 	C:\WINDOWS\SYSTEM32\VERSION.dll
0x00007ffd8a1e0000 - 0x00007ffd8a1f5000 	C:\WINDOWS\SYSTEM32\UMPDC.dll
0x00007ffd89030000 - 0x00007ffd8904b000 	C:\WINDOWS\SYSTEM32\kernel.appcore.dll
0x00007ffd66b00000 - 0x00007ffd66b0a000 	c:\Users\User\.antigravity-ide\extensions\redhat.java-1.56.0-win32-x64\jre\21.0.12.1-win32-x86_64\bin\jimage.dll
0x00007ffd87730000 - 0x00007ffd8797c000 	C:\WINDOWS\SYSTEM32\DBGHELP.DLL
0x00007ffd8aec0000 - 0x00007ffd8b245000 	C:\WINDOWS\System32\combase.dll
0x00007ffd8bd30000 - 0x00007ffd8be09000 	C:\WINDOWS\System32\OLEAUT32.dll
0x00007ffd6c7f0000 - 0x00007ffd6c82b000 	C:\WINDOWS\SYSTEM32\dbgcore.DLL
0x00007ffd8a3a0000 - 0x00007ffd8a44c000 	C:\WINDOWS\System32\bcryptPrimitives.dll
0x00007ffd65280000 - 0x00007ffd6528f000 	c:\Users\User\.antigravity-ide\extensions\redhat.java-1.56.0-win32-x64\jre\21.0.12.1-win32-x86_64\bin\instrument.dll
0x00007ffd3c760000 - 0x00007ffd3c780000 	c:\Users\User\.antigravity-ide\extensions\redhat.java-1.56.0-win32-x64\jre\21.0.12.1-win32-x86_64\bin\java.dll
0x00007ffd8c7d0000 - 0x00007ffd8cf68000 	C:\WINDOWS\System32\SHELL32.dll
0x00007ffd87de0000 - 0x00007ffd8868e000 	C:\WINDOWS\SYSTEM32\windows.storage.dll
0x00007ffd8cf70000 - 0x00007ffd8d06b000 	C:\WINDOWS\System32\SHCORE.dll
0x00007ffd8bba0000 - 0x00007ffd8bc06000 	C:\WINDOWS\System32\shlwapi.dll
0x00007ffd8a2c0000 - 0x00007ffd8a2e9000 	C:\WINDOWS\SYSTEM32\profapi.dll
0x00007ffd3c740000 - 0x00007ffd3c758000 	c:\Users\User\.antigravity-ide\extensions\redhat.java-1.56.0-win32-x64\jre\21.0.12.1-win32-x86_64\bin\zip.dll
0x00007ffd65270000 - 0x00007ffd65280000 	C:\Users\User\.antigravity-ide\extensions\redhat.java-1.56.0-win32-x64\jre\21.0.12.1-win32-x86_64\bin\net.dll
0x00007ffd80cc0000 - 0x00007ffd80dea000 	C:\WINDOWS\SYSTEM32\WINHTTP.dll
0x00007ffd895d0000 - 0x00007ffd8963c000 	C:\WINDOWS\system32\mswsock.dll
0x00007ffd3c630000 - 0x00007ffd3c646000 	C:\Users\User\.antigravity-ide\extensions\redhat.java-1.56.0-win32-x64\jre\21.0.12.1-win32-x86_64\bin\nio.dll
0x00007ffd4e320000 - 0x00007ffd4e330000 	c:\Users\User\.antigravity-ide\extensions\redhat.java-1.56.0-win32-x64\jre\21.0.12.1-win32-x86_64\bin\verify.dll
0x00007ffd3c440000 - 0x00007ffd3c485000 	C:\Users\User\AppData\Roaming\Antigravity IDE\User\globalStorage\redhat.java\1.56.0\config_win\org.eclipse.equinox.launcher\org.eclipse.equinox.launcher.win32.win32.x86_64_1.3.100.v20260804-1928\eclipse_11924.dll
0x00007ffd8c450000 - 0x00007ffd8c5ea000 	C:\WINDOWS\System32\ole32.dll
0x00007ffd899f0000 - 0x00007ffd89a0b000 	C:\WINDOWS\SYSTEM32\CRYPTSP.dll
0x00007ffd88f90000 - 0x00007ffd88fc9000 	C:\WINDOWS\system32\rsaenh.dll
0x00007ffd89680000 - 0x00007ffd896b4000 	C:\WINDOWS\SYSTEM32\USERENV.dll
0x00007ffd8a290000 - 0x00007ffd8a2ba000 	C:\WINDOWS\SYSTEM32\bcrypt.dll
0x00007ffd89830000 - 0x00007ffd8983c000 	C:\WINDOWS\SYSTEM32\CRYPTBASE.dll
0x00007ffd889e0000 - 0x00007ffd88a13000 	C:\WINDOWS\SYSTEM32\IPHLPAPI.DLL
0x00007ffd8b860000 - 0x00007ffd8b86a000 	C:\WINDOWS\System32\NSI.dll
0x00007ffd211d0000 - 0x00007ffd21219000 	C:\Users\User\AppData\Local\Temp\jna--2083208642\jna18033066359371967874.dll
0x00007ffd8d090000 - 0x00007ffd8d098000 	C:\WINDOWS\System32\PSAPI.DLL
0x00007ffd809a0000 - 0x00007ffd809bd000 	C:\WINDOWS\SYSTEM32\dhcpcsvc6.DLL
0x00007ffd80a80000 - 0x00007ffd80aa5000 	C:\WINDOWS\SYSTEM32\dhcpcsvc.DLL

JVMTI agents:
c:\Users\User\.antigravity-ide\extensions\redhat.java-1.56.0-win32-x64\lombok\lombok-1.18.39-4050.jar path:c:\Users\User\.antigravity-ide\extensions\redhat.java-1.56.0-win32-x64\jre\21.0.12.1-win32-x86_64\bin\instrument.dll, loaded, initialized, instrumentlib options:none

dbghelp: loaded successfully - version: 4.0.5 - missing functions: none
symbol engine: initialized successfully - sym options: 0x614 - pdb path: .;c:\Users\User\.antigravity-ide\extensions\redhat.java-1.56.0-win32-x64\jre\21.0.12.1-win32-x86_64\bin;C:\WINDOWS\SYSTEM32;C:\WINDOWS\WinSxS\amd64_microsoft.windows.common-controls_6595b64144ccf1df_6.0.26100.9278_none_3e0d1ba8e3303201;c:\Users\User\.antigravity-ide\extensions\redhat.java-1.56.0-win32-x64\jre\21.0.12.1-win32-x86_64\bin\server;C:\Users\User\AppData\Roaming\Antigravity IDE\User\globalStorage\redhat.java\1.56.0\config_win\org.eclipse.equinox.launcher\org.eclipse.equinox.launcher.win32.win32.x86_64_1.3.100.v20260804-1928;C:\Users\User\AppData\Local\Temp\jna--2083208642

VM Arguments:
jvm_args: --add-modules=ALL-SYSTEM --add-opens=java.base/java.util=ALL-UNNAMED --add-opens=java.base/java.lang=ALL-UNNAMED --add-opens=java.base/sun.nio.fs=ALL-UNNAMED -Declipse.application=org.eclipse.jdt.ls.core.id1 -Dosgi.bundles.defaultStartLevel=4 -Declipse.product=org.eclipse.jdt.ls.core.product -Djava.import.generatesMetadataFilesAtProjectRoot=false -Dm2e.project.cache.size=50 -DDetectVMInstallationsJob.disabled=true -Dfile.encoding=utf8 -XX:+UseParallelGC -XX:GCTimeRatio=4 -XX:AdaptiveSizePolicyWeight=90 -Dsun.zip.disableMemoryMapping=true -Xmx2G -Xms100m -Xlog:disable -javaagent:c:\Users\User\.antigravity-ide\extensions\redhat.java-1.56.0-win32-x64\lombok\lombok-1.18.39-4050.jar -XX:+HeapDumpOnOutOfMemoryError -XX:HeapDumpPath=c:\Users\User\AppData\Roaming\Antigravity IDE\User\workspaceStorage\2d7ac5d3307a55c8985de7f30235a0eb\redhat.java -Daether.dependencyCollector.impl=bf 
java_command: c:\Users\User\.antigravity-ide\extensions\redhat.java-1.56.0-win32-x64\server\plugins\org.eclipse.equinox.launcher_1.8.0.v20260804-1928.jar -configuration c:\Users\User\AppData\Roaming\Antigravity IDE\User\globalStorage\redhat.java\1.56.0\config_win -data c:\Users\User\AppData\Roaming\Antigravity IDE\User\workspaceStorage\2d7ac5d3307a55c8985de7f30235a0eb\redhat.java\jdt_ws --stdio
java_class_path (initial): c:\Users\User\.antigravity-ide\extensions\redhat.java-1.56.0-win32-x64\server\plugins\org.eclipse.equinox.launcher_1.8.0.v20260804-1928.jar
Launcher Type: SUN_STANDARD

[Global flags]
    uintx AdaptiveSizePolicyWeight                 = 90                                        {product} {command line}
     intx CICompilerCount                          = 4                                         {product} {ergonomic}
    uintx GCTimeRatio                              = 4                                         {product} {command line}
     bool HeapDumpOnOutOfMemoryError               = true                                   {manageable} {command line}
    ccstr HeapDumpPath                             = c:\Users\User\AppData\Roaming\Antigravity IDE\User\workspaceStorage\2d7ac5d3307a55c8985de7f30235a0eb\redhat.java         {manageable} {command line}
   size_t InitialHeapSize                          = 104857600                                 {product} {command line}
   size_t MaxHeapSize                              = 2147483648                                {product} {command line}
   size_t MaxNewSize                               = 715653120                                 {product} {ergonomic}
   size_t MinHeapDeltaBytes                        = 524288                                    {product} {ergonomic}
   size_t MinHeapSize                              = 104857600                                 {product} {command line}
   size_t NewSize                                  = 34603008                                  {product} {ergonomic}
    uintx NonNMethodCodeHeapSize                   = 5839372                                {pd product} {ergonomic}
    uintx NonProfiledCodeHeapSize                  = 122909434                              {pd product} {ergonomic}
   size_t OldSize                                  = 70254592                                  {product} {ergonomic}
    uintx ProfiledCodeHeapSize                     = 122909434                              {pd product} {ergonomic}
    uintx ReservedCodeCacheSize                    = 251658240                              {pd product} {ergonomic}
     bool SegmentedCodeCache                       = true                                      {product} {ergonomic}
   size_t SoftMaxHeapSize                          = 2147483648                             {manageable} {ergonomic}
     bool UseCompressedOops                        = true                           {product lp64_product} {ergonomic}
     bool UseLargePagesIndividualAllocation        = false                                  {pd product} {ergonomic}
     bool UseParallelGC                            = true                                      {product} {command line}

Logging:
Log output configuration:
 #0: stdout all=off uptime,level,tags foldmultilines=false
 #1: stderr all=off uptime,level,tags foldmultilines=false

Release file:
JAVA_VERSION="21.0.12.1" 
MODULES="java.base java.compiler java.datatransfer java.xml java.prefs java.desktop java.instrument java.logging java.management java.security.sasl java.naming java.rmi java.management.rmi java.net.http java.scripting java.security.jgss java.transaction.xa java.sql java.sql.rowset java.xml.crypto java.se java.smartcardio jdk.accessibility jdk.internal.jvmstat jdk.attach jdk.charsets jdk.internal.opt jdk.zipfs jdk.compiler jdk.crypto.ec jdk.crypto.cryptoki jdk.crypto.mscapi jdk.dynalink jdk.internal.ed jdk.editpad jdk.hotspot.agent jdk.httpserver jdk.internal.le jdk.internal.vm.ci jdk.internal.vm.compiler jdk.internal.vm.compiler.management jdk.jartool jdk.javadoc jdk.jcmd jdk.management jdk.management.agent jdk.jconsole jdk.jdeps jdk.jdwp.agent jdk.jdi jdk.jfr jdk.jshell jdk.jsobject jdk.jstatd jdk.localedata jdk.management.jfr jdk.naming.dns jdk.naming.rmi jdk.net jdk.nio.mapmode jdk.random jdk.sctp jdk.security.auth jdk.security.jgss jdk.unsupported jdk.unsupported.desktop jdk.xml.dom" 

Environment Variables:
PATH=C:\Program Files\Eclipse Adoptium\jdk-17.0.18.8-hotspot\bin;C:\WINDOWS\system32;C:\WINDOWS;C:\WINDOWS\System32\Wbem;C:\WINDOWS\System32\WindowsPowerShell\v1.0\;C:\WINDOWS\System32\OpenSSH\;C:\Program Files\nodejs\;C:\Program Files\Git\cmd;C:\Program Files\GitHub CLI\;C:\Program Files\Docker\Docker\resources\bin;C:\Program Files (x86)\Microsoft SQL Server\160\Tools\Binn\;C:\Program Files\Microsoft SQL Server\160\Tools\Binn\;C:\Program Files\Microsoft SQL Server\Client SDK\ODBC\170\Tools\Binn\;C:\Program Files\Microsoft SQL Server\160\DTS\Binn\;C:\Users\User\AppData\Local\Android\Sdk\platform-tools;C:\Program Files\MySQL\MySQL Shell 8.0\bin\;C:\Users\User\AppData\Local\Microsoft\WindowsApps;C:\Users\User\AppData\Local\Programs\Microsoft VS Code\bin;C:\Users\User\AppData\Roaming\npm;C:\Users\User\AppData\Local\Programs\Antigravity\bin;C:\Users\User\AppData\Local\Programs\cursor\resources\app\bin;C:\Users\User\AppData\Local\Programs\Antigravity IDE\bin
USERNAME=Javith
OS=Windows_NT
PROCESSOR_IDENTIFIER=Intel64 Family 6 Model 142 Stepping 12, GenuineIntel
TMP=C:\Users\User\AppData\Local\Temp
TEMP=C:\Users\User\AppData\Local\Temp




Periodic native trim disabled

---------------  S Y S T E M  ---------------

OS:
 Windows 11 , 64 bit Build 26100 (10.0.26100.9444)
OS uptime: 0 days 6:20 hours
Hyper-V role detected

CPU: total 8 (initial active 8) (4 cores per cpu, 2 threads per core) family 6 model 142 stepping 12 microcode 0x100, cx8, cmov, fxsr, ht, mmx, 3dnowpref, sse, sse2, sse3, ssse3, sse4.1, sse4.2, popcnt, lzcnt, tsc, tscinvbit, avx, avx2, aes, erms, clmul, bmi1, bmi2, adx, fma, vzeroupper, clflush, clflushopt, hv, rdtscp, f16c
Processor Information for processor 0
  Max Mhz: 2112, Current Mhz: 1508, Mhz Limit: 1605
Processor Information for processor 1
  Max Mhz: 2112, Current Mhz: 1609, Mhz Limit: 1605
Processor Information for processor 2
  Max Mhz: 2112, Current Mhz: 1609, Mhz Limit: 1605
Processor Information for processor 3
  Max Mhz: 2112, Current Mhz: 1609, Mhz Limit: 1605
Processor Information for processor 4
  Max Mhz: 2112, Current Mhz: 1609, Mhz Limit: 1605
Processor Information for processor 5
  Max Mhz: 2112, Current Mhz: 1508, Mhz Limit: 1605
Processor Information for processor 6
  Max Mhz: 2112, Current Mhz: 1609, Mhz Limit: 1605
Processor Information for processor 7
  Max Mhz: 2112, Current Mhz: 1508, Mhz Limit: 1605

Memory: 4k page, system-wide physical 15782M (42M free)
TotalPageFile size 24210M (AvailPageFile size 3M)
current process WorkingSet (physical memory assigned to process): 204M, peak: 206M
current process commit charge ("private bytes"): 323M, peak: 326M

vm_info: OpenJDK 64-Bit Server VM (21.0.12.1+1-LTS) for windows-amd64 JRE (21.0.12.1+1-LTS), built on 2026-08-18T00:00:00Z by "admin" with MS VC++ 17.12 (VS2022)

END.
