#
# There is insufficient memory for the Java Runtime Environment to continue.
# Native memory allocation (malloc) failed to allocate 33536 bytes. Error detail: Chunk::new
# Possible reasons:
#   The system is out of physical RAM or swap space
#   This process is running with CompressedOops enabled, and the Java Heap may be blocking the growth of the native heap
# Possible solutions:
#   Reduce memory load on the system
#   Increase physical memory or swap space
#   Check if swap backing store is full
#   Decrease Java heap size (-Xmx/-Xms)
#   Decrease number of Java threads
#   Decrease Java thread stack sizes (-Xss)
#   Set larger code cache with -XX:ReservedCodeCacheSize=
#   JVM is running with Unscaled Compressed Oops mode in which the Java heap is
#     placed in the first 4GB address space. The Java Heap base address is the
#     maximum limit for the native heap growth. Please use -XX:HeapBaseMinAddress
#     to set the Java Heap base and to place the Java Heap above 4GB virtual address.
# This output file may be truncated or incomplete.
#
#  Out of Memory Error (arena.cpp:168), pid=6188, tid=18584
#
# JRE version: OpenJDK Runtime Environment Temurin-21.0.12.1+1 (21.0.12.1+1) (build 21.0.12.1+1-LTS)
# Java VM: OpenJDK 64-Bit Server VM Temurin-21.0.12.1+1 (21.0.12.1+1-LTS, mixed mode, sharing, tiered, compressed oops, compressed class ptrs, parallel gc, windows-amd64)
# No core dump will be written. Minidumps are not enabled by default on client versions of Windows
#

---------------  S U M M A R Y ------------

Command Line: --add-modules=ALL-SYSTEM --add-opens=java.base/java.util=ALL-UNNAMED --add-opens=java.base/java.lang=ALL-UNNAMED --add-opens=java.base/sun.nio.fs=ALL-UNNAMED -Declipse.application=org.eclipse.jdt.ls.core.id1 -Dosgi.bundles.defaultStartLevel=4 -Declipse.product=org.eclipse.jdt.ls.core.product -Djava.import.generatesMetadataFilesAtProjectRoot=false -Dm2e.project.cache.size=50 -DDetectVMInstallationsJob.disabled=true -Dfile.encoding=utf8 -XX:+UseParallelGC -XX:GCTimeRatio=4 -XX:AdaptiveSizePolicyWeight=90 -Dsun.zip.disableMemoryMapping=true -Xmx2G -Xms100m -Xlog:disable -javaagent:c:\Users\User\.antigravity-ide\extensions\redhat.java-1.56.0-win32-x64\lombok\lombok-1.18.39-4050.jar c:\Users\User\.antigravity-ide\extensions\redhat.java-1.56.0-win32-x64\server\plugins\org.eclipse.equinox.launcher_1.8.0.v20260804-1928.jar -configuration c:\Users\User\AppData\Roaming\Antigravity IDE\User\globalStorage\redhat.java\1.56.0\config_ss_win -data c:\Users\User\AppData\Roaming\Antigravity IDE\User\workspaceStorage\2d7ac5d3307a55c8985de7f30235a0eb\redhat.java\ss_ws --pipe=\\.\pipe\lsp-d55d93d176bddd0012792ae5974f478d-sock

Host: Intel(R) Core(TM) i5-10210U CPU @ 1.60GHz, 8 cores, 15G,  Windows 11 , 64 bit Build 26100 (10.0.26100.9444)
Time: Tue Oct  6 14:10:24 2026 India Standard Time elapsed time: 23.523181 seconds (0d 0h 0m 23s)

---------------  T H R E A D  ---------------

Current thread (0x00000201e4a73820):  JavaThread "C2 CompilerThread0" daemon [_thread_in_native, id=18584, stack(0x0000002688400000,0x0000002688500000) (1024K)]


Current CompileTask:
C2:23523 3387       4       org.osgi.framework.Version::toString0 (102 bytes)

Stack: [0x0000002688400000,0x0000002688500000]
Native frames: (J=compiled Java code, j=interpreted, Vv=VM code, C=native code)
V  [jvm.dll+0x6d83e9]
V  [jvm.dll+0x8b5736]
V  [jvm.dll+0x8b7cee]
V  [jvm.dll+0x8b83d3]
V  [jvm.dll+0x284596]
V  [jvm.dll+0xc685d]
V  [jvm.dll+0xc6da1]
V  [jvm.dll+0x2fbded]
V  [jvm.dll+0x38aaee]
V  [jvm.dll+0x24c700]
V  [jvm.dll+0x24bce0]
V  [jvm.dll+0x1cb4ae]
V  [jvm.dll+0x25baad]
V  [jvm.dll+0x25a03a]
V  [jvm.dll+0x3f8aae]
V  [jvm.dll+0x8600cd]
V  [jvm.dll+0x6d6c1d]
C  [ucrtbase.dll+0x2cd30]
C  [KERNEL32.DLL+0x2cd87]
C  [ntdll.dll+0xacaec]


---------------  P R O C E S S  ---------------

Threads class SMR info:
_java_thread_list=0x00000201fe719d60, length=32, elements={
0x00000201e4aec500, 0x00000201e4a5c760, 0x00000201e4a5fb50, 0x00000201e4a635a0,
0x00000201e4a64000, 0x00000201e4a6fb70, 0x00000201e4a705d0, 0x00000201e4a73820,
0x00000201e4a9cf60, 0x00000201fceed120, 0x00000201fcf5f270, 0x00000201fd917fd0,
0x00000201fcd90790, 0x00000201fd1f90a0, 0x00000201fd2ee090, 0x00000201fdaf00d0,
0x00000201fdbf9330, 0x00000201fdb27fe0, 0x00000201fdec8390, 0x00000201fdec6fe0,
0x00000201fdec7d00, 0x00000201fdec55a0, 0x00000201fdec5c30, 0x00000201fdec4f10,
0x00000201fdec62c0, 0x00000201fdec6950, 0x00000201fdec7670, 0x00000201fe31d2c0,
0x00000201fe31d950, 0x00000201fe31e670, 0x00000201fe31fa20, 0x00000201fec7ec20
}

Java Threads: ( => current thread )
  0x00000201e4aec500 JavaThread "main"                              [_thread_blocked, id=25148, stack(0x0000002687a00000,0x0000002687b00000) (1024K)]
  0x00000201e4a5c760 JavaThread "Reference Handler"          daemon [_thread_blocked, id=23624, stack(0x0000002687e00000,0x0000002687f00000) (1024K)]
  0x00000201e4a5fb50 JavaThread "Finalizer"                  daemon [_thread_blocked, id=14388, stack(0x0000002687f00000,0x0000002688000000) (1024K)]
  0x00000201e4a635a0 JavaThread "Signal Dispatcher"          daemon [_thread_blocked, id=2996, stack(0x0000002688000000,0x0000002688100000) (1024K)]
  0x00000201e4a64000 JavaThread "Attach Listener"            daemon [_thread_blocked, id=27340, stack(0x0000002688100000,0x0000002688200000) (1024K)]
  0x00000201e4a6fb70 JavaThread "Service Thread"             daemon [_thread_blocked, id=6380, stack(0x0000002688200000,0x0000002688300000) (1024K)]
  0x00000201e4a705d0 JavaThread "Monitor Deflation Thread"   daemon [_thread_blocked, id=21152, stack(0x0000002688300000,0x0000002688400000) (1024K)]
=>0x00000201e4a73820 JavaThread "C2 CompilerThread0"         daemon [_thread_in_native, id=18584, stack(0x0000002688400000,0x0000002688500000) (1024K)]
  0x00000201e4a9cf60 JavaThread "C1 CompilerThread0"         daemon [_thread_blocked, id=12708, stack(0x0000002688500000,0x0000002688600000) (1024K)]
  0x00000201fceed120 JavaThread "Common-Cleaner"             daemon [_thread_blocked, id=2872, stack(0x0000002688600000,0x0000002688700000) (1024K)]
  0x00000201fcf5f270 JavaThread "Notification Thread"        daemon [_thread_blocked, id=23792, stack(0x0000002688700000,0x0000002688800000) (1024K)]
  0x00000201fd917fd0 JavaThread "Active Thread: Equinox Container: 4c1654fc-1091-476e-99d3-68121417e775"        [_thread_blocked, id=3528, stack(0x0000002688e00000,0x0000002688f00000) (1024K)]
  0x00000201fcd90790 JavaThread "Framework Event Dispatcher: Equinox Container: 4c1654fc-1091-476e-99d3-68121417e775" daemon [_thread_blocked, id=19764, stack(0x0000002688f00000,0x0000002689000000) (1024K)]
  0x00000201fd1f90a0 JavaThread "Start Level: Equinox Container: 4c1654fc-1091-476e-99d3-68121417e775" daemon [_thread_blocked, id=26084, stack(0x0000002689000000,0x0000002689100000) (1024K)]
  0x00000201fd2ee090 JavaThread "SCR Component Actor"        daemon [_thread_blocked, id=25212, stack(0x0000002689200000,0x0000002689300000) (1024K)]
  0x00000201fdaf00d0 JavaThread "Worker-JM"                         [_thread_blocked, id=1732, stack(0x0000002689400000,0x0000002689500000) (1024K)]
  0x00000201fdbf9330 JavaThread "Worker-0"                          [_thread_blocked, id=19620, stack(0x0000002689300000,0x0000002689400000) (1024K)]
  0x00000201fdb27fe0 JavaThread "Worker-1"                          [_thread_blocked, id=26868, stack(0x0000002689500000,0x0000002689600000) (1024K)]
  0x00000201fdec8390 JavaThread "JNA Cleaner"                daemon [_thread_blocked, id=23420, stack(0x0000002689600000,0x0000002689700000) (1024K)]
  0x00000201fdec6fe0 JavaThread "Thread-1"                   daemon [_thread_in_native, id=13284, stack(0x0000002689900000,0x0000002689a00000) (1024K)]
  0x00000201fdec7d00 JavaThread "Thread-2"                   daemon [_thread_in_native, id=6004, stack(0x0000002689a00000,0x0000002689b00000) (1024K)]
  0x00000201fdec55a0 JavaThread "Thread-3"                   daemon [_thread_in_native, id=19420, stack(0x0000002689b00000,0x0000002689c00000) (1024K)]
  0x00000201fdec5c30 JavaThread "Thread-4"                   daemon [_thread_in_native, id=23104, stack(0x0000002689c00000,0x0000002689d00000) (1024K)]
  0x00000201fdec4f10 JavaThread "Thread-5"                   daemon [_thread_in_native, id=25476, stack(0x0000002689d00000,0x0000002689e00000) (1024K)]
  0x00000201fdec62c0 JavaThread "Thread-6"                   daemon [_thread_in_native, id=7864, stack(0x0000002689e00000,0x0000002689f00000) (1024K)]
  0x00000201fdec6950 JavaThread "Thread-7"                   daemon [_thread_in_native, id=14896, stack(0x0000002689f00000,0x000000268a000000) (1024K)]
  0x00000201fdec7670 JavaThread "Thread-8"                   daemon [_thread_in_native, id=20412, stack(0x000000268a000000,0x000000268a100000) (1024K)]
  0x00000201fe31d2c0 JavaThread "Thread-9"                   daemon [_thread_in_native, id=10160, stack(0x000000268a100000,0x000000268a200000) (1024K)]
  0x00000201fe31d950 JavaThread "pool-2-thread-1"                   [_thread_blocked, id=1228, stack(0x000000268a200000,0x000000268a300000) (1024K)]
  0x00000201fe31e670 JavaThread "WorkspaceEventsHandler"            [_thread_blocked, id=13740, stack(0x000000268a300000,0x000000268a400000) (1024K)]
  0x00000201fe31fa20 JavaThread "pool-1-thread-1"                   [_thread_in_Java, id=10176, stack(0x000000268a400000,0x000000268a500000) (1024K)]
  0x00000201fec7ec20 JavaThread "C2 CompilerThread1"         daemon [_thread_blocked, id=14076, stack(0x000000268a500000,0x000000268a600000) (1024K)]
Total: 32

Other Threads:
  0x00000201e4a3fde0 VMThread "VM Thread"                           [id=10260, stack(0x0000002687d00000,0x0000002687e00000) (1024K)]
  0x00000201e4b58f70 WatcherThread "VM Periodic Task Thread"        [id=14272, stack(0x0000002687c00000,0x0000002687d00000) (1024K)]
  0x00000201e4b0abf0 WorkerThread "GC Thread#0"                     [id=18704, stack(0x0000002687b00000,0x0000002687c00000) (1024K)]
  0x00000201fd40af00 WorkerThread "GC Thread#1"                     [id=13184, stack(0x0000002688800000,0x0000002688900000) (1024K)]
  0x00000201fd40b2b0 WorkerThread "GC Thread#2"                     [id=26296, stack(0x0000002688900000,0x0000002688a00000) (1024K)]
  0x00000201fd40b660 WorkerThread "GC Thread#3"                     [id=29608, stack(0x0000002688a00000,0x0000002688b00000) (1024K)]
  0x00000201fd8b7d10 WorkerThread "GC Thread#4"                     [id=28372, stack(0x0000002688b00000,0x0000002688c00000) (1024K)]
  0x00000201fd8b80c0 WorkerThread "GC Thread#5"                     [id=29020, stack(0x0000002688c00000,0x0000002688d00000) (1024K)]
  0x00000201fd8b8470 WorkerThread "GC Thread#6"                     [id=920, stack(0x0000002688d00000,0x0000002688e00000) (1024K)]
  0x00000201fd583000 WorkerThread "GC Thread#7"                     [id=16940, stack(0x0000002689100000,0x0000002689200000) (1024K)]
Total: 10

Threads with active compile tasks:
C2 CompilerThread0  23578 3387       4       org.osgi.framework.Version::toString0 (102 bytes)
Total: 1

VM state: not at safepoint (normal execution)

VM Mutex/Monitor currently owned by a thread: None

Heap address: 0x0000000080000000, size: 2048 MB, Compressed Oops mode: 32-bit

CDS archive(s) mapped at: [0x0000020180000000-0x0000020180ba0000-0x0000020180ba0000), size 12189696, SharedBaseAddress: 0x0000020180000000, ArchiveRelocationMode: 1.
Compressed class space mapped at: 0x0000020181000000-0x00000201c1000000, reserved size: 1073741824
Narrow klass base: 0x0000020180000000, Narrow klass shift: 0, Narrow klass range: 0x100000000

GC Precious Log:
 CardTable entry size: 512
 CPUs: 8 total, 8 available
 Memory: 15782M
 Large Page Support: Disabled
 NUMA Support: Disabled
 Compressed Oops: Enabled (32-bit)
 Alignments: Space 512K, Generation 512K, Heap 2M
 Heap Min Capacity: 100M
 Heap Initial Capacity: 100M
 Heap Max Capacity: 2G
 Pre-touch: Disabled
 Parallel Workers: 8

Heap:
 PSYoungGen      total 27136K, used 26646K [0x00000000d5580000, 0x00000000d7480000, 0x0000000100000000)
  eden space 24576K, 98% used [0x00000000d5580000,0x00000000d6d09e30,0x00000000d6d80000)
  from space 2560K, 99% used [0x00000000d6e00000,0x00000000d707bbc8,0x00000000d7080000)
  to   space 3584K, 0% used [0x00000000d7100000,0x00000000d7100000,0x00000000d7480000)
 ParOldGen       total 68608K, used 9913K [0x0000000080000000, 0x0000000084300000, 0x00000000d5580000)
  object space 68608K, 14% used [0x0000000080000000,0x00000000809ae530,0x0000000084300000)
 Metaspace       used 28512K, committed 29248K, reserved 1114112K
  class space    used 2855K, committed 3200K, reserved 1048576K

Card table byte_map: [0x00000201e4490000,0x00000201e48a0000] _byte_map_base: 0x00000201e4090000

Marking Bits: (ParMarkBitMap*) 0x00007ffb9c8644a0
 Begin Bits: [0x00000201f6fa0000, 0x00000201f8fa0000)
 End Bits:   [0x00000201f8fa0000, 0x00000201fafa0000)

Polling page: 0x00000201e2940000

Metaspace:

Usage:
  Non-class:     25.06 MB used.
      Class:      2.79 MB used.
       Both:     27.84 MB used.

Virtual space:
  Non-class space:       64.00 MB reserved,      25.44 MB ( 40%) committed,  1 nodes.
      Class space:        1.00 GB reserved,       3.12 MB ( <1%) committed,  1 nodes.
             Both:        1.06 GB reserved,      28.56 MB (  3%) committed. 

Chunk freelists:
   Non-Class:  6.06 MB
       Class:  12.91 MB
        Both:  18.97 MB

MaxMetaspaceSize: unlimited
CompressedClassSpaceSize: 1.00 GB
Initial GC threshold: 21.00 MB
Current GC threshold: 35.00 MB
CDS: on
 - commit_granule_bytes: 65536.
 - commit_granule_words: 8192.
 - virtual_space_node_default_size: 8388608.
 - enlarge_chunks_in_place: 1.
 - use_allocation_guard: 0.


Internal statistics:

num_allocs_failed_limit: 3.
num_arena_births: 546.
num_arena_deaths: 14.
num_vsnodes_births: 2.
num_vsnodes_deaths: 0.
num_space_committed: 457.
num_space_uncommitted: 0.
num_chunks_returned_to_freelist: 17.
num_chunks_taken_from_freelist: 1611.
num_chunk_merges: 9.
num_chunk_splits: 1059.
num_chunks_enlarged: 685.
num_inconsistent_stats: 0.

CodeHeap 'non-profiled nmethods': size=120000Kb used=1647Kb max_used=1647Kb free=118352Kb
 bounds [0x00000201ef7c0000, 0x00000201efa30000, 0x00000201f6cf0000]
CodeHeap 'profiled nmethods': size=120000Kb used=6820Kb max_used=6820Kb free=113179Kb
 bounds [0x00000201e7cf0000, 0x00000201e83a0000, 0x00000201ef220000]
CodeHeap 'non-nmethods': size=5760Kb used=1336Kb max_used=1406Kb free=4423Kb
 bounds [0x00000201ef220000, 0x00000201ef490000, 0x00000201ef7c0000]
CodeCache: size=245760Kb, used=9803Kb, max_used=9873Kb, free=235954Kb
 total_blobs=4059, nmethods=3435, adapters=530, full_count=0
Compilation: enabled, stopped_count=0, restarted_count=0

Compilation events (20 events):
Event: 23.498 Thread 0x00000201e4a9cf60 3401       3       java.lang.invoke.DirectMethodHandle$Holder::invokeStatic (22 bytes)
Event: 23.498 Thread 0x00000201e4a9cf60 nmethod 3401 0x00000201e8386810 code [0x00000201e83869e0, 0x00000201e8386f30]
Event: 23.498 Thread 0x00000201e4a9cf60 3403       3       com.google.gson.stream.JsonReader::nextQuotedValue (296 bytes)
Event: 23.500 Thread 0x00000201e4a9cf60 nmethod 3403 0x00000201e8387090 code [0x00000201e83873a0, 0x00000201e8388278]
Event: 23.500 Thread 0x00000201e4a9cf60 3402       3       com.google.gson.stream.JsonReader::hasNext (36 bytes)
Event: 23.500 Thread 0x00000201e4a9cf60 nmethod 3402 0x00000201e8388990 code [0x00000201e8388b40, 0x00000201e8388de0]
Event: 23.500 Thread 0x00000201e4a9cf60 3404       3       java.lang.reflect.Constructor::getParameterCount (6 bytes)
Event: 23.500 Thread 0x00000201e4a9cf60 nmethod 3404 0x00000201e8388e90 code [0x00000201e8389020, 0x00000201e8389138]
Event: 23.500 Thread 0x00000201e4a9cf60 3406       3       com.google.gson.stream.JsonReader::peek (144 bytes)
Event: 23.501 Thread 0x00000201e4a9cf60 nmethod 3406 0x00000201e8389210 code [0x00000201e8389440, 0x00000201e8389aa8]
Event: 23.501 Thread 0x00000201e4a9cf60 3407       3       java.lang.reflect.Field::setOverrideFieldAccessor (20 bytes)
Event: 23.501 Thread 0x00000201e4a9cf60 nmethod 3407 0x00000201e8389c10 code [0x00000201e8389dc0, 0x00000201e838a000]
Event: 23.501 Thread 0x00000201e4a9cf60 3405       3       java.lang.reflect.Constructor::setConstructorAccessor (20 bytes)
Event: 23.501 Thread 0x00000201e4a9cf60 nmethod 3405 0x00000201e838a110 code [0x00000201e838a2c0, 0x00000201e838a500]
Event: 23.501 Thread 0x00000201e4a9cf60 3409       3       java.lang.invoke.DirectMethodHandle$Accessor::checkCast (9 bytes)
Event: 23.502 Thread 0x00000201e4a9cf60 nmethod 3409 0x00000201e838a610 code [0x00000201e838a7e0, 0x00000201e838aae8]
Event: 23.508 Thread 0x00000201e4a9cf60 3410       3       java.lang.AbstractStringBuilder::append (37 bytes)
Event: 23.508 Thread 0x00000201e4a9cf60 nmethod 3410 0x00000201e838ac10 code [0x00000201e838ade0, 0x00000201e838b0e0]
Event: 23.508 Thread 0x00000201e4a9cf60 3411       3       java.nio.ByteBuffer::arrayOffset (35 bytes)
Event: 23.509 Thread 0x00000201e4a9cf60 nmethod 3411 0x00000201e838b290 code [0x00000201e838b460, 0x00000201e838b718]

GC Heap History (16 events):
Event: 4.225 GC heap before
{Heap before GC invocations=1 (full 0):
 PSYoungGen      total 29696K, used 25600K [0x00000000d5580000, 0x00000000d7680000, 0x0000000100000000)
  eden space 25600K, 100% used [0x00000000d5580000,0x00000000d6e80000,0x00000000d6e80000)
  from space 4096K, 0% used [0x00000000d7280000,0x00000000d7280000,0x00000000d7680000)
  to   space 4096K, 0% used [0x00000000d6e80000,0x00000000d6e80000,0x00000000d7280000)
 ParOldGen       total 68608K, used 0K [0x0000000080000000, 0x0000000084300000, 0x00000000d5580000)
  object space 68608K, 0% used [0x0000000080000000,0x0000000080000000,0x0000000084300000)
 Metaspace       used 4359K, committed 4608K, reserved 1114112K
  class space    used 476K, committed 576K, reserved 1048576K
}
Event: 4.259 GC heap after
{Heap after GC invocations=1 (full 0):
 PSYoungGen      total 29696K, used 3280K [0x00000000d5580000, 0x00000000d7680000, 0x0000000100000000)
  eden space 25600K, 0% used [0x00000000d5580000,0x00000000d5580000,0x00000000d6e80000)
  from space 4096K, 80% used [0x00000000d6e80000,0x00000000d71b4148,0x00000000d7280000)
  to   space 4096K, 0% used [0x00000000d7280000,0x00000000d7280000,0x00000000d7680000)
 ParOldGen       total 68608K, used 0K [0x0000000080000000, 0x0000000084300000, 0x00000000d5580000)
  object space 68608K, 0% used [0x0000000080000000,0x0000000080000000,0x0000000084300000)
 Metaspace       used 4359K, committed 4608K, reserved 1114112K
  class space    used 476K, committed 576K, reserved 1048576K
}
Event: 18.693 GC heap before
{Heap before GC invocations=2 (full 0):
 PSYoungGen      total 29696K, used 28880K [0x00000000d5580000, 0x00000000d7680000, 0x0000000100000000)
  eden space 25600K, 100% used [0x00000000d5580000,0x00000000d6e80000,0x00000000d6e80000)
  from space 4096K, 80% used [0x00000000d6e80000,0x00000000d71b4148,0x00000000d7280000)
  to   space 4096K, 0% used [0x00000000d7280000,0x00000000d7280000,0x00000000d7680000)
 ParOldGen       total 68608K, used 0K [0x0000000080000000, 0x0000000084300000, 0x00000000d5580000)
  object space 68608K, 0% used [0x0000000080000000,0x0000000080000000,0x0000000084300000)
 Metaspace       used 8199K, committed 8448K, reserved 1114112K
  class space    used 866K, committed 960K, reserved 1048576K
}
Event: 18.701 GC heap after
{Heap after GC invocations=2 (full 0):
 PSYoungGen      total 29696K, used 4070K [0x00000000d5580000, 0x00000000d7680000, 0x0000000100000000)
  eden space 25600K, 0% used [0x00000000d5580000,0x00000000d5580000,0x00000000d6e80000)
  from space 4096K, 99% used [0x00000000d7280000,0x00000000d7679820,0x00000000d7680000)
  to   space 4096K, 0% used [0x00000000d6e80000,0x00000000d6e80000,0x00000000d7280000)
 ParOldGen       total 68608K, used 1087K [0x0000000080000000, 0x0000000084300000, 0x00000000d5580000)
  object space 68608K, 1% used [0x0000000080000000,0x000000008010fea8,0x0000000084300000)
 Metaspace       used 8199K, committed 8448K, reserved 1114112K
  class space    used 866K, committed 960K, reserved 1048576K
}
Event: 19.634 GC heap before
{Heap before GC invocations=3 (full 0):
 PSYoungGen      total 29696K, used 29670K [0x00000000d5580000, 0x00000000d7680000, 0x0000000100000000)
  eden space 25600K, 100% used [0x00000000d5580000,0x00000000d6e80000,0x00000000d6e80000)
  from space 4096K, 99% used [0x00000000d7280000,0x00000000d7679820,0x00000000d7680000)
  to   space 4096K, 0% used [0x00000000d6e80000,0x00000000d6e80000,0x00000000d7280000)
 ParOldGen       total 68608K, used 1087K [0x0000000080000000, 0x0000000084300000, 0x00000000d5580000)
  object space 68608K, 1% used [0x0000000080000000,0x000000008010fea8,0x0000000084300000)
 Metaspace       used 13055K, committed 13568K, reserved 1114112K
  class space    used 1377K, committed 1600K, reserved 1048576K
}
Event: 19.643 GC heap after
{Heap after GC invocations=3 (full 0):
 PSYoungGen      total 29696K, used 4093K [0x00000000d5580000, 0x00000000d7680000, 0x0000000100000000)
  eden space 25600K, 0% used [0x00000000d5580000,0x00000000d5580000,0x00000000d6e80000)
  from space 4096K, 99% used [0x00000000d6e80000,0x00000000d727f4a0,0x00000000d7280000)
  to   space 4096K, 0% used [0x00000000d7280000,0x00000000d7280000,0x00000000d7680000)
 ParOldGen       total 68608K, used 2807K [0x0000000080000000, 0x0000000084300000, 0x00000000d5580000)
  object space 68608K, 4% used [0x0000000080000000,0x00000000802bdfa0,0x0000000084300000)
 Metaspace       used 13055K, committed 13568K, reserved 1114112K
  class space    used 1377K, committed 1600K, reserved 1048576K
}
Event: 20.346 GC heap before
{Heap before GC invocations=4 (full 0):
 PSYoungGen      total 29696K, used 29693K [0x00000000d5580000, 0x00000000d7680000, 0x0000000100000000)
  eden space 25600K, 100% used [0x00000000d5580000,0x00000000d6e80000,0x00000000d6e80000)
  from space 4096K, 99% used [0x00000000d6e80000,0x00000000d727f4a0,0x00000000d7280000)
  to   space 4096K, 0% used [0x00000000d7280000,0x00000000d7280000,0x00000000d7680000)
 ParOldGen       total 68608K, used 2807K [0x0000000080000000, 0x0000000084300000, 0x00000000d5580000)
  object space 68608K, 4% used [0x0000000080000000,0x00000000802bdfa0,0x0000000084300000)
 Metaspace       used 16114K, committed 16704K, reserved 1114112K
  class space    used 1670K, committed 1920K, reserved 1048576K
}
Event: 20.353 GC heap after
{Heap after GC invocations=4 (full 0):
 PSYoungGen      total 29696K, used 4082K [0x00000000d5580000, 0x00000000d7680000, 0x0000000100000000)
  eden space 25600K, 0% used [0x00000000d5580000,0x00000000d5580000,0x00000000d6e80000)
  from space 4096K, 99% used [0x00000000d7280000,0x00000000d767c890,0x00000000d7680000)
  to   space 4096K, 0% used [0x00000000d6e80000,0x00000000d6e80000,0x00000000d7280000)
 ParOldGen       total 68608K, used 5118K [0x0000000080000000, 0x0000000084300000, 0x00000000d5580000)
  object space 68608K, 7% used [0x0000000080000000,0x00000000804ffb20,0x0000000084300000)
 Metaspace       used 16114K, committed 16704K, reserved 1114112K
  class space    used 1670K, committed 1920K, reserved 1048576K
}
Event: 20.928 GC heap before
{Heap before GC invocations=5 (full 0):
 PSYoungGen      total 29696K, used 29682K [0x00000000d5580000, 0x00000000d7680000, 0x0000000100000000)
  eden space 25600K, 100% used [0x00000000d5580000,0x00000000d6e80000,0x00000000d6e80000)
  from space 4096K, 99% used [0x00000000d7280000,0x00000000d767c890,0x00000000d7680000)
  to   space 4096K, 0% used [0x00000000d6e80000,0x00000000d6e80000,0x00000000d7280000)
 ParOldGen       total 68608K, used 5118K [0x0000000080000000, 0x0000000084300000, 0x00000000d5580000)
  object space 68608K, 7% used [0x0000000080000000,0x00000000804ffb20,0x0000000084300000)
 Metaspace       used 20228K, committed 20864K, reserved 1114112K
  class space    used 1971K, committed 2240K, reserved 1048576K
}
Event: 20.934 GC heap after
{Heap after GC invocations=5 (full 0):
 PSYoungGen      total 29184K, used 4090K [0x00000000d5580000, 0x00000000d7900000, 0x0000000100000000)
  eden space 25088K, 0% used [0x00000000d5580000,0x00000000d5580000,0x00000000d6e00000)
  from space 4096K, 99% used [0x00000000d6e80000,0x00000000d727e900,0x00000000d7280000)
  to   space 5632K, 0% used [0x00000000d7380000,0x00000000d7380000,0x00000000d7900000)
 ParOldGen       total 68608K, used 6144K [0x0000000080000000, 0x0000000084300000, 0x00000000d5580000)
  object space 68608K, 8% used [0x0000000080000000,0x0000000080600168,0x0000000084300000)
 Metaspace       used 20228K, committed 20864K, reserved 1114112K
  class space    used 1971K, committed 2240K, reserved 1048576K
}
Event: 21.298 GC heap before
{Heap before GC invocations=6 (full 0):
 PSYoungGen      total 29184K, used 21657K [0x00000000d5580000, 0x00000000d7900000, 0x0000000100000000)
  eden space 25088K, 70% used [0x00000000d5580000,0x00000000d66a7bd8,0x00000000d6e00000)
  from space 4096K, 99% used [0x00000000d6e80000,0x00000000d727e900,0x00000000d7280000)
  to   space 5632K, 0% used [0x00000000d7380000,0x00000000d7380000,0x00000000d7900000)
 ParOldGen       total 68608K, used 6144K [0x0000000080000000, 0x0000000084300000, 0x00000000d5580000)
  object space 68608K, 8% used [0x0000000080000000,0x0000000080600168,0x0000000084300000)
 Metaspace       used 20905K, committed 21504K, reserved 1114112K
  class space    used 2006K, committed 2240K, reserved 1048576K
}
Event: 21.306 GC heap after
{Heap after GC invocations=6 (full 0):
 PSYoungGen      total 30720K, used 5241K [0x00000000d5580000, 0x00000000d7900000, 0x0000000100000000)
  eden space 25088K, 0% used [0x00000000d5580000,0x00000000d5580000,0x00000000d6e00000)
  from space 5632K, 93% used [0x00000000d7380000,0x00000000d789e788,0x00000000d7900000)
  to   space 5632K, 0% used [0x00000000d6e00000,0x00000000d6e00000,0x00000000d7380000)
 ParOldGen       total 68608K, used 6933K [0x0000000080000000, 0x0000000084300000, 0x00000000d5580000)
  object space 68608K, 10% used [0x0000000080000000,0x00000000806c5678,0x0000000084300000)
 Metaspace       used 20905K, committed 21504K, reserved 1114112K
  class space    used 2006K, committed 2240K, reserved 1048576K
}
Event: 21.306 GC heap before
{Heap before GC invocations=7 (full 1):
 PSYoungGen      total 30720K, used 5241K [0x00000000d5580000, 0x00000000d7900000, 0x0000000100000000)
  eden space 25088K, 0% used [0x00000000d5580000,0x00000000d5580000,0x00000000d6e00000)
  from space 5632K, 93% used [0x00000000d7380000,0x00000000d789e788,0x00000000d7900000)
  to   space 5632K, 0% used [0x00000000d6e00000,0x00000000d6e00000,0x00000000d7380000)
 ParOldGen       total 68608K, used 6933K [0x0000000080000000, 0x0000000084300000, 0x00000000d5580000)
  object space 68608K, 10% used [0x0000000080000000,0x00000000806c5678,0x0000000084300000)
 Metaspace       used 20905K, committed 21504K, reserved 1114112K
  class space    used 2006K, committed 2240K, reserved 1048576K
}
Event: 21.345 GC heap after
{Heap after GC invocations=7 (full 1):
 PSYoungGen      total 30720K, used 0K [0x00000000d5580000, 0x00000000d7900000, 0x0000000100000000)
  eden space 25088K, 0% used [0x00000000d5580000,0x00000000d5580000,0x00000000d6e00000)
  from space 5632K, 0% used [0x00000000d7380000,0x00000000d7380000,0x00000000d7900000)
  to   space 5632K, 0% used [0x00000000d6e00000,0x00000000d6e00000,0x00000000d7380000)
 ParOldGen       total 68608K, used 9905K [0x0000000080000000, 0x0000000084300000, 0x00000000d5580000)
  object space 68608K, 14% used [0x0000000080000000,0x00000000809ac530,0x0000000084300000)
 Metaspace       used 20892K, committed 21504K, reserved 1114112K
  class space    used 2002K, committed 2240K, reserved 1048576K
}
Event: 22.816 GC heap before
{Heap before GC invocations=8 (full 1):
 PSYoungGen      total 30720K, used 25084K [0x00000000d5580000, 0x00000000d7900000, 0x0000000100000000)
  eden space 25088K, 99% used [0x00000000d5580000,0x00000000d6dff148,0x00000000d6e00000)
  from space 5632K, 0% used [0x00000000d7380000,0x00000000d7380000,0x00000000d7900000)
  to   space 5632K, 0% used [0x00000000d6e00000,0x00000000d6e00000,0x00000000d7380000)
 ParOldGen       total 68608K, used 9905K [0x0000000080000000, 0x0000000084300000, 0x00000000d5580000)
  object space 68608K, 14% used [0x0000000080000000,0x00000000809ac530,0x0000000084300000)
 Metaspace       used 25038K, committed 25792K, reserved 1114112K
  class space    used 2441K, committed 2752K, reserved 1048576K
}
Event: 22.822 GC heap after
{Heap after GC invocations=8 (full 1):
 PSYoungGen      total 27136K, used 2542K [0x00000000d5580000, 0x00000000d7480000, 0x0000000100000000)
  eden space 24576K, 0% used [0x00000000d5580000,0x00000000d5580000,0x00000000d6d80000)
  from space 2560K, 99% used [0x00000000d6e00000,0x00000000d707bbc8,0x00000000d7080000)
  to   space 3584K, 0% used [0x00000000d7100000,0x00000000d7100000,0x00000000d7480000)
 ParOldGen       total 68608K, used 9913K [0x0000000080000000, 0x0000000084300000, 0x00000000d5580000)
  object space 68608K, 14% used [0x0000000080000000,0x00000000809ae530,0x0000000084300000)
 Metaspace       used 25038K, committed 25792K, reserved 1114112K
  class space    used 2441K, committed 2752K, reserved 1048576K
}

Dll operation events (20 events):
Event: 0.029 Attempting to load shared library c:\Users\User\.antigravity-ide\extensions\redhat.java-1.56.0-win32-x64\jre\21.0.12.1-win32-x86_64\bin\java.dll
Event: 0.029 Loaded shared library c:\Users\User\.antigravity-ide\extensions\redhat.java-1.56.0-win32-x64\jre\21.0.12.1-win32-x86_64\bin\java.dll
Event: 0.268 Attempting to load shared library c:\Users\User\.antigravity-ide\extensions\redhat.java-1.56.0-win32-x64\jre\21.0.12.1-win32-x86_64\bin\zip.dll
Event: 0.268 Loaded shared library c:\Users\User\.antigravity-ide\extensions\redhat.java-1.56.0-win32-x64\jre\21.0.12.1-win32-x86_64\bin\zip.dll
Event: 0.322 Attempting to load shared library C:\Users\User\.antigravity-ide\extensions\redhat.java-1.56.0-win32-x64\jre\21.0.12.1-win32-x86_64\bin\instrument.dll
Event: 0.322 Loaded shared library C:\Users\User\.antigravity-ide\extensions\redhat.java-1.56.0-win32-x64\jre\21.0.12.1-win32-x86_64\bin\instrument.dll
Event: 0.340 Attempting to load shared library C:\Users\User\.antigravity-ide\extensions\redhat.java-1.56.0-win32-x64\jre\21.0.12.1-win32-x86_64\bin\net.dll
Event: 0.342 Loaded shared library C:\Users\User\.antigravity-ide\extensions\redhat.java-1.56.0-win32-x64\jre\21.0.12.1-win32-x86_64\bin\net.dll
Event: 0.353 Attempting to load shared library C:\Users\User\.antigravity-ide\extensions\redhat.java-1.56.0-win32-x64\jre\21.0.12.1-win32-x86_64\bin\nio.dll
Event: 0.354 Loaded shared library C:\Users\User\.antigravity-ide\extensions\redhat.java-1.56.0-win32-x64\jre\21.0.12.1-win32-x86_64\bin\nio.dll
Event: 0.359 Attempting to load shared library C:\Users\User\.antigravity-ide\extensions\redhat.java-1.56.0-win32-x64\jre\21.0.12.1-win32-x86_64\bin\zip.dll
Event: 0.359 Loaded shared library C:\Users\User\.antigravity-ide\extensions\redhat.java-1.56.0-win32-x64\jre\21.0.12.1-win32-x86_64\bin\zip.dll
Event: 0.640 Attempting to load shared library C:\Users\User\.antigravity-ide\extensions\redhat.java-1.56.0-win32-x64\jre\21.0.12.1-win32-x86_64\bin\jimage.dll
Event: 0.640 Loaded shared library C:\Users\User\.antigravity-ide\extensions\redhat.java-1.56.0-win32-x64\jre\21.0.12.1-win32-x86_64\bin\jimage.dll
Event: 1.259 Attempting to load shared library c:\Users\User\.antigravity-ide\extensions\redhat.java-1.56.0-win32-x64\jre\21.0.12.1-win32-x86_64\bin\verify.dll
Event: 1.259 Loaded shared library c:\Users\User\.antigravity-ide\extensions\redhat.java-1.56.0-win32-x64\jre\21.0.12.1-win32-x86_64\bin\verify.dll
Event: 18.486 Attempting to load shared library C:\Users\User\AppData\Roaming\Antigravity IDE\User\globalStorage\redhat.java\1.56.0\config_ss_win\org.eclipse.equinox.launcher\org.eclipse.equinox.launcher.win32.win32.x86_64_1.3.100.v20260804-1928\eclipse_11924.dll
Event: 18.654 Loaded shared library C:\Users\User\AppData\Roaming\Antigravity IDE\User\globalStorage\redhat.java\1.56.0\config_ss_win\org.eclipse.equinox.launcher\org.eclipse.equinox.launcher.win32.win32.x86_64_1.3.100.v20260804-1928\eclipse_11924.dll
Event: 22.445 Attempting to load shared library C:\Users\User\AppData\Local\Temp\jna--2083208642\jna4079986931288141475.dll
Event: 22.643 Loaded shared library C:\Users\User\AppData\Local\Temp\jna--2083208642\jna4079986931288141475.dll

Deoptimization events (20 events):
Event: 23.292 Thread 0x00000201e4aec500 Uncommon trap: trap_request=0xffffff45 fr.pc=0x00000201ef8fafc4 relative=0x0000000000000104
Event: 23.292 Thread 0x00000201e4aec500 Uncommon trap: reason=unstable_if action=reinterpret pc=0x00000201ef8fafc4 method=java.lang.CharacterDataLatin1.digit(II)I @ 7 c2
Event: 23.292 Thread 0x00000201e4aec500 DEOPT PACKING pc=0x00000201ef8fafc4 sp=0x0000002687afe300
Event: 23.292 Thread 0x00000201e4aec500 DEOPT UNPACKING pc=0x00000201ef273aa2 sp=0x0000002687afe1c0 mode 2
Event: 23.292 Thread 0x00000201e4aec500 Uncommon trap: trap_request=0xffffff45 fr.pc=0x00000201ef8fb4c4 relative=0x0000000000000104
Event: 23.292 Thread 0x00000201e4aec500 Uncommon trap: reason=unstable_if action=reinterpret pc=0x00000201ef8fb4c4 method=java.lang.CharacterDataLatin1.digit(II)I @ 7 c2
Event: 23.292 Thread 0x00000201e4aec500 DEOPT PACKING pc=0x00000201ef8fb4c4 sp=0x0000002687afe2a0
Event: 23.292 Thread 0x00000201e4aec500 DEOPT UNPACKING pc=0x00000201ef273aa2 sp=0x0000002687afe1c8 mode 2
Event: 23.292 Thread 0x00000201e4aec500 Uncommon trap: trap_request=0xffffff45 fr.pc=0x00000201ef7fbdd0 relative=0x00000000000000b0
Event: 23.292 Thread 0x00000201e4aec500 Uncommon trap: reason=unstable_if action=reinterpret pc=0x00000201ef7fbdd0 method=java.lang.CharacterDataLatin1.digit(II)I @ 7 c2
Event: 23.292 Thread 0x00000201e4aec500 DEOPT PACKING pc=0x00000201ef7fbdd0 sp=0x0000002687afe230
Event: 23.292 Thread 0x00000201e4aec500 DEOPT UNPACKING pc=0x00000201ef273aa2 sp=0x0000002687afe1c8 mode 2
Event: 23.296 Thread 0x00000201e4aec500 Uncommon trap: trap_request=0xffffff76 fr.pc=0x00000201ef92a628 relative=0x00000000000009e8
Event: 23.296 Thread 0x00000201e4aec500 Uncommon trap: reason=predicate action=maybe_recompile pc=0x00000201ef92a628 method=java.util.TreeMap.put(Ljava/lang/Object;Ljava/lang/Object;Z)Ljava/lang/Object; @ 27 c2
Event: 23.296 Thread 0x00000201e4aec500 DEOPT PACKING pc=0x00000201ef92a628 sp=0x0000002687afdf30
Event: 23.296 Thread 0x00000201e4aec500 DEOPT UNPACKING pc=0x00000201ef273aa2 sp=0x0000002687afdef0 mode 2
Event: 23.324 Thread 0x00000201e4aec500 Uncommon trap: trap_request=0xffffff45 fr.pc=0x00000201ef7f4a74 relative=0x00000000000002d4
Event: 23.324 Thread 0x00000201e4aec500 Uncommon trap: reason=unstable_if action=reinterpret pc=0x00000201ef7f4a74 method=java.util.HashMap$HashIterator.<init>(Ljava/util/HashMap;)V @ 45 c2
Event: 23.324 Thread 0x00000201e4aec500 DEOPT PACKING pc=0x00000201ef7f4a74 sp=0x0000002687afe3f0
Event: 23.324 Thread 0x00000201e4aec500 DEOPT UNPACKING pc=0x00000201ef273aa2 sp=0x0000002687afe388 mode 2

Classes loaded (20 events):
Event: 23.306 Loading class sun/nio/ch/WindowsAsynchronousFileChannelImpl$ReadTask
Event: 23.306 Loading class sun/nio/ch/Iocp$ResultHandler
Event: 23.306 Loading class sun/nio/ch/Iocp$ResultHandler done
Event: 23.306 Loading class sun/nio/ch/WindowsAsynchronousFileChannelImpl$ReadTask done
Event: 23.315 Loading class java/io/PrintWriter$1
Event: 23.315 Loading class jdk/internal/access/JavaIOPrintWriterAccess
Event: 23.315 Loading class jdk/internal/access/JavaIOPrintWriterAccess done
Event: 23.315 Loading class java/io/PrintWriter$1 done
Event: 23.317 Loading class java/time/format/DateTimeParseContext
Event: 23.318 Loading class java/time/format/DateTimeParseContext done
Event: 23.318 Loading class java/time/format/Parsed
Event: 23.322 Loading class java/time/format/Parsed done
Event: 23.397 Loading class sun/reflect/generics/repository/FieldRepository
Event: 23.397 Loading class sun/reflect/generics/repository/FieldRepository done
Event: 23.404 Loading class jdk/internal/reflect/MethodHandleIntegerFieldAccessorImpl
Event: 23.404 Loading class jdk/internal/reflect/MethodHandleIntegerFieldAccessorImpl done
Event: 23.505 Loading class java/io/InvalidObjectException
Event: 23.506 Loading class java/io/ObjectStreamException
Event: 23.506 Loading class java/io/ObjectStreamException done
Event: 23.506 Loading class java/io/InvalidObjectException done

Classes unloaded (7 events):
Event: 21.312 Thread 0x00000201e4a3fde0 Unloading class 0x0000020181190c00 'java/lang/invoke/LambdaForm$MH+0x0000020181190c00'
Event: 21.312 Thread 0x00000201e4a3fde0 Unloading class 0x0000020181190800 'java/lang/invoke/LambdaForm$MH+0x0000020181190800'
Event: 21.312 Thread 0x00000201e4a3fde0 Unloading class 0x0000020181190400 'java/lang/invoke/LambdaForm$MH+0x0000020181190400'
Event: 21.312 Thread 0x00000201e4a3fde0 Unloading class 0x0000020181190000 'java/lang/invoke/LambdaForm$MH+0x0000020181190000'
Event: 21.312 Thread 0x00000201e4a3fde0 Unloading class 0x000002018118fc00 'java/lang/invoke/LambdaForm$BMH+0x000002018118fc00'
Event: 21.312 Thread 0x00000201e4a3fde0 Unloading class 0x000002018118f800 'java/lang/invoke/LambdaForm$DMH+0x000002018118f800'
Event: 21.312 Thread 0x00000201e4a3fde0 Unloading class 0x000002018118e400 'java/lang/invoke/LambdaForm$DMH+0x000002018118e400'

Classes redefined (0 events):
No events

Internal exceptions (20 events):
Event: 22.696 Thread 0x00000201fd1f90a0 Exception <a 'java/lang/UnsatisfiedLinkError'{0x00000000d6a35a90}: The specified procedure could not be found.
> (0x00000000d6a35a90) 
thrown [s\src\hotspot\share\prims\jni.cpp, line 539]
Event: 22.704 Thread 0x00000201fd1f90a0 Exception <a 'java/io/FileNotFoundException'{0x00000000d6a5b858}> (0x00000000d6a5b858) 
thrown [s\src\hotspot\share\prims\jni.cpp, line 520]
Event: 22.726 Thread 0x00000201fd1f90a0 Exception <a 'java/io/FileNotFoundException'{0x00000000d6ad55d8}> (0x00000000d6ad55d8) 
thrown [s\src\hotspot\share\prims\jni.cpp, line 520]
Event: 22.755 Thread 0x00000201fd1f90a0 Exception <a 'java/lang/NoSuchMethodError'{0x00000000d6b6b938}: 'void java.lang.invoke.DirectMethodHandle$Holder.invokeSpecial(java.lang.Object, java.lang.Object, java.lang.Object, int)'> (0x00000000d6b6b938) 
thrown [s\src\hotspot\share\interpreter\linkResolver.cpp, line 773]
Event: 22.756 Thread 0x00000201fd1f90a0 Exception <a 'java/lang/NoSuchMethodError'{0x00000000d6b6f008}: 'void java.lang.invoke.DelegatingMethodHandle$Holder.reinvoke_L(java.lang.Object, java.lang.Object, int)'> (0x00000000d6b6f008) 
thrown [s\src\hotspot\share\interpreter\linkResolver.cpp, line 773]
Event: 22.757 Thread 0x00000201fd1f90a0 Exception <a 'java/lang/NoSuchMethodError'{0x00000000d6b759a0}: 'int java.lang.invoke.Invokers$Holder.invokeExact_MT(java.lang.Object, java.lang.Object, java.lang.Object)'> (0x00000000d6b759a0) 
thrown [s\src\hotspot\share\interpreter\linkResolver.cpp, line 773]
Event: 22.760 Thread 0x00000201fd1f90a0 Exception <a 'java/lang/UnsatisfiedLinkError'{0x00000000d6b89368}: The specified procedure could not be found.
> (0x00000000d6b89368) 
thrown [s\src\hotspot\share\prims\jni.cpp, line 539]
Event: 22.770 Thread 0x00000201fd1f90a0 Exception <a 'java/lang/NoSuchMethodError'{0x00000000d6b955c0}: 'void java.lang.invoke.Invokers$Holder.invokeExact_MT(java.lang.Object, java.lang.Object, int, java.lang.Object)'> (0x00000000d6b955c0) 
thrown [s\src\hotspot\share\interpreter\linkResolver.cpp, line 773]
Event: 22.844 Thread 0x00000201e4aec500 Exception <a 'java/lang/NoSuchMethodError'{0x00000000d56c0da0}: 'java.lang.Object java.lang.invoke.DirectMethodHandle$Holder.invokeStatic(java.lang.Object, long, java.lang.Object)'> (0x00000000d56c0da0) 
thrown [s\src\hotspot\share\interpreter\linkResolver.cpp, line 773]
Event: 22.845 Thread 0x00000201e4aec500 Exception <a 'java/lang/NoSuchMethodError'{0x00000000d56c4468}: 'java.lang.Object java.lang.invoke.DirectMethodHandle$Holder.invokeStaticInit(java.lang.Object, long, java.lang.Object)'> (0x00000000d56c4468) 
thrown [s\src\hotspot\share\interpreter\linkResolver.cpp, line 773]
Event: 22.845 Thread 0x00000201e4aec500 Exception <a 'java/lang/NoSuchMethodError'{0x00000000d56c9b28}: 'java.lang.Object java.lang.invoke.DirectMethodHandle$Holder.newInvokeSpecial(java.lang.Object, long)'> (0x00000000d56c9b28) 
thrown [s\src\hotspot\share\interpreter\linkResolver.cpp, line 773]
Event: 22.900 Thread 0x00000201fdb27fe0 Exception <a 'java/io/FileNotFoundException'{0x00000000d5950248}> (0x00000000d5950248) 
thrown [s\src\hotspot\share\prims\jni.cpp, line 520]
Event: 22.901 Thread 0x00000201fdb27fe0 Exception <a 'java/io/FileNotFoundException'{0x00000000d5951840}> (0x00000000d5951840) 
thrown [s\src\hotspot\share\prims\jni.cpp, line 520]
Event: 22.905 Thread 0x00000201fdb27fe0 Exception <a 'java/lang/NoSuchMethodError'{0x00000000d595fa80}: 'java.lang.Object java.lang.invoke.DirectMethodHandle$Holder.newInvokeSpecial(java.lang.Object, java.lang.Object, java.lang.Object, int)'> (0x00000000d595fa80) 
thrown [s\src\hotspot\share\interpreter\linkResolver.cpp, line 773]
Event: 22.907 Thread 0x00000201fdb27fe0 Exception <a 'java/lang/NoSuchMethodError'{0x00000000d5963658}: 'java.lang.Object java.lang.invoke.DirectMethodHandle$Holder.invokeSpecial(java.lang.Object, java.lang.Object, java.lang.Object, java.lang.Object, int)'> (0x00000000d5963658) 
thrown [s\src\hotspot\share\interpreter\linkResolver.cpp, line 773]
Event: 22.907 Thread 0x00000201fdb27fe0 Exception <a 'java/lang/NoSuchMethodError'{0x00000000d5966d48}: 'java.lang.Object java.lang.invoke.Invokers$Holder.linkToTargetMethod(java.lang.Object, java.lang.Object, int, java.lang.Object)'> (0x00000000d5966d48) 
thrown [s\src\hotspot\share\interpreter\linkResolver.cpp, line 773]
Event: 22.909 Thread 0x00000201fdb27fe0 Exception <a 'java/lang/NoSuchMethodError'{0x00000000d59725d8}: 'void java.lang.invoke.DirectMethodHandle$Holder.invokeStaticInit(java.lang.Object, java.lang.Object, java.lang.Object)'> (0x00000000d59725d8) 
thrown [s\src\hotspot\share\interpreter\linkResolver.cpp, line 773]
Event: 23.245 Thread 0x00000201e4aec500 Exception <a 'java/lang/NoSuchMethodError'{0x00000000d647ee88}: 'void java.lang.invoke.DirectMethodHandle$Holder.invokeSpecial(java.lang.Object, java.lang.Object, java.lang.Object, java.lang.Object, java.lang.Object, java.lang.Object)'> (0x00000000d647ee88) 
thrown [s\src\hotspot\share\interpreter\linkResolver.cpp, line 773]
Event: 23.247 Thread 0x00000201e4aec500 Exception <a 'java/lang/IncompatibleClassChangeError'{0x00000000d64871a8}: Found class java.lang.Object, but interface was expected> (0x00000000d64871a8) 
thrown [s\src\hotspot\share\interpreter\linkResolver.cpp, line 840]
Event: 23.247 Thread 0x00000201e4aec500 Exception <a 'java/lang/IncompatibleClassChangeError'{0x00000000d6488320}: Found class java.lang.Object, but interface was expected> (0x00000000d6488320) 
thrown [s\src\hotspot\share\interpreter\linkResolver.cpp, line 840]

ZGC Phase Switch (0 events):
No events

VM Operations (20 events):
Event: 20.346 Executing safepoint VM operation: ParallelGCFailedAllocation (Allocation Failure)
Event: 20.353 Executing safepoint VM operation: ParallelGCFailedAllocation (Allocation Failure) done
Event: 20.928 Executing safepoint VM operation: ParallelGCFailedAllocation (Allocation Failure)
Event: 20.934 Executing safepoint VM operation: ParallelGCFailedAllocation (Allocation Failure) done
Event: 21.298 Executing safepoint VM operation: CollectForMetadataAllocation (Metadata GC Threshold)
Event: 21.345 Executing safepoint VM operation: CollectForMetadataAllocation (Metadata GC Threshold) done
Event: 21.635 Executing non-safepoint VM operation: HandshakeAllThreads (Deoptimize)
Event: 21.635 Executing non-safepoint VM operation: HandshakeAllThreads (Deoptimize) done
Event: 21.742 Executing non-safepoint VM operation: HandshakeAllThreads (Deoptimize)
Event: 21.742 Executing non-safepoint VM operation: HandshakeAllThreads (Deoptimize) done
Event: 22.247 Executing non-safepoint VM operation: HandshakeAllThreads (Deoptimize)
Event: 22.247 Executing non-safepoint VM operation: HandshakeAllThreads (Deoptimize) done
Event: 22.318 Executing non-safepoint VM operation: HandshakeAllThreads (Deoptimize)
Event: 22.318 Executing non-safepoint VM operation: HandshakeAllThreads (Deoptimize) done
Event: 22.667 Executing non-safepoint VM operation: HandshakeAllThreads (Deoptimize)
Event: 22.667 Executing non-safepoint VM operation: HandshakeAllThreads (Deoptimize) done
Event: 22.667 Executing safepoint VM operation: Cleanup
Event: 22.667 Executing safepoint VM operation: Cleanup done
Event: 22.816 Executing safepoint VM operation: ParallelGCFailedAllocation (Allocation Failure)
Event: 22.822 Executing safepoint VM operation: ParallelGCFailedAllocation (Allocation Failure) done

Memory protections (0 events):
No events

Nmethod flushes (0 events):
No events

Events (20 events):
Event: 19.491 Thread 0x00000201fd4e6190 Thread exited: 0x00000201fd4e6190
Event: 20.060 Thread 0x00000201fd1f90a0 Thread added: 0x00000201fdbf9330
Event: 20.099 Thread 0x00000201fd1f90a0 Thread added: 0x00000201fdb27fe0
Event: 20.332 Thread 0x00000201e4a73820 Thread added: 0x00000201fdb0f0a0
Event: 21.513 Thread 0x00000201fd1f90a0 Thread added: 0x00000201fdec62c0
Event: 21.708 Thread 0x00000201fdec62c0 Thread exited: 0x00000201fdec62c0
Event: 22.415 Thread 0x00000201fdb0f0a0 Thread exited: 0x00000201fdb0f0a0
Event: 22.677 Thread 0x00000201fd1f90a0 Thread added: 0x00000201fdec8390
Event: 22.885 Thread 0x00000201e4aec500 Thread added: 0x00000201fdec6fe0
Event: 22.887 Thread 0x00000201e4aec500 Thread added: 0x00000201fdec7d00
Event: 22.887 Thread 0x00000201e4aec500 Thread added: 0x00000201fdec55a0
Event: 22.887 Thread 0x00000201e4aec500 Thread added: 0x00000201fdec5c30
Event: 22.887 Thread 0x00000201e4aec500 Thread added: 0x00000201fdec4f10
Event: 22.888 Thread 0x00000201e4aec500 Thread added: 0x00000201fdec62c0
Event: 22.889 Thread 0x00000201e4aec500 Thread added: 0x00000201fdec6950
Event: 22.889 Thread 0x00000201e4aec500 Thread added: 0x00000201fdec7670
Event: 22.889 Thread 0x00000201e4aec500 Thread added: 0x00000201fe31d2c0
Event: 22.931 Thread 0x00000201e4aec500 Thread added: 0x00000201fe31d950
Event: 23.288 Thread 0x00000201e4aec500 Thread added: 0x00000201fe31e670
Event: 23.289 Thread 0x00000201e4aec500 Thread added: 0x00000201fe31fa20


Dynamic libraries:
0x00007ff70c440000 - 0x00007ff70c44e000 	c:\Users\User\.antigravity-ide\extensions\redhat.java-1.56.0-win32-x64\jre\21.0.12.1-win32-x86_64\bin\java.exe
0x00007ffc6c520000 - 0x00007ffc6c787000 	C:\WINDOWS\SYSTEM32\ntdll.dll
0x00007ffc6bcf0000 - 0x00007ffc6bdbb000 	C:\WINDOWS\System32\KERNEL32.DLL
0x00007ffc69a00000 - 0x00007ffc69e02000 	C:\WINDOWS\System32\KERNELBASE.dll
0x00007ffc698a0000 - 0x00007ffc699ec000 	C:\WINDOWS\System32\ucrtbase.dll
0x00007ffc61b80000 - 0x00007ffc61b98000 	c:\Users\User\.antigravity-ide\extensions\redhat.java-1.56.0-win32-x64\jre\21.0.12.1-win32-x86_64\bin\jli.dll
0x00007ffc61be0000 - 0x00007ffc61bfe000 	c:\Users\User\.antigravity-ide\extensions\redhat.java-1.56.0-win32-x64\jre\21.0.12.1-win32-x86_64\bin\VCRUNTIME140.dll
0x00007ffc6b290000 - 0x00007ffc6b45f000 	C:\WINDOWS\System32\USER32.dll
0x00007ffc69720000 - 0x00007ffc69747000 	C:\WINDOWS\System32\win32u.dll
0x00007ffc6a730000 - 0x00007ffc6a75b000 	C:\WINDOWS\System32\GDI32.dll
0x00007ffc47b50000 - 0x00007ffc47de0000 	C:\WINDOWS\WinSxS\amd64_microsoft.windows.common-controls_6595b64144ccf1df_6.0.26100.9278_none_3e0d1ba8e3303201\COMCTL32.dll
0x00007ffc69e10000 - 0x00007ffc69f39000 	C:\WINDOWS\System32\gdi32full.dll
0x00007ffc6c430000 - 0x00007ffc6c4d9000 	C:\WINDOWS\System32\msvcrt.dll
0x00007ffc6a000000 - 0x00007ffc6a0a3000 	C:\WINDOWS\System32\msvcp_win.dll
0x00007ffc6b470000 - 0x00007ffc6b4a1000 	C:\WINDOWS\System32\IMM32.DLL
0x00007ffc63d80000 - 0x00007ffc63d8c000 	c:\Users\User\.antigravity-ide\extensions\redhat.java-1.56.0-win32-x64\jre\21.0.12.1-win32-x86_64\bin\vcruntime140_1.dll
0x00007ffc38ab0000 - 0x00007ffc38b3d000 	c:\Users\User\.antigravity-ide\extensions\redhat.java-1.56.0-win32-x64\jre\21.0.12.1-win32-x86_64\bin\msvcp140.dll
0x00007ffb9bba0000 - 0x00007ffb9c942000 	c:\Users\User\.antigravity-ide\extensions\redhat.java-1.56.0-win32-x64\jre\21.0.12.1-win32-x86_64\bin\server\jvm.dll
0x00007ffc6a240000 - 0x00007ffc6a2fc000 	C:\WINDOWS\System32\ADVAPI32.dll
0x00007ffc6c1c0000 - 0x00007ffc6c269000 	C:\WINDOWS\System32\sechost.dll
0x00007ffc6bf40000 - 0x00007ffc6c058000 	C:\WINDOWS\System32\RPCRT4.dll
0x00007ffc6bdc0000 - 0x00007ffc6be40000 	C:\WINDOWS\System32\WS2_32.dll
0x00007ffc69580000 - 0x00007ffc695de000 	C:\WINDOWS\SYSTEM32\POWRPROF.dll
0x00007ffc52840000 - 0x00007ffc52876000 	C:\WINDOWS\SYSTEM32\WINMM.dll
0x00007ffc60a20000 - 0x00007ffc60a2b000 	C:\WINDOWS\SYSTEM32\VERSION.dll
0x00007ffc69560000 - 0x00007ffc69575000 	C:\WINDOWS\SYSTEM32\UMPDC.dll
0x00007ffc683b0000 - 0x00007ffc683cb000 	C:\WINDOWS\SYSTEM32\kernel.appcore.dll
0x00007ffc61bd0000 - 0x00007ffc61bda000 	c:\Users\User\.antigravity-ide\extensions\redhat.java-1.56.0-win32-x64\jre\21.0.12.1-win32-x86_64\bin\jimage.dll
0x00007ffc66930000 - 0x00007ffc66b7c000 	C:\WINDOWS\SYSTEM32\DBGHELP.DLL
0x00007ffc6af00000 - 0x00007ffc6b285000 	C:\WINDOWS\System32\combase.dll
0x00007ffc6c0e0000 - 0x00007ffc6c1b9000 	C:\WINDOWS\System32\OLEAUT32.dll
0x00007ffc4a050000 - 0x00007ffc4a08b000 	C:\WINDOWS\SYSTEM32\dbgcore.DLL
0x00007ffc697e0000 - 0x00007ffc6988c000 	C:\WINDOWS\System32\bcryptPrimitives.dll
0x00007ffc619f0000 - 0x00007ffc619ff000 	c:\Users\User\.antigravity-ide\extensions\redhat.java-1.56.0-win32-x64\jre\21.0.12.1-win32-x86_64\bin\instrument.dll
0x00007ffc61500000 - 0x00007ffc61520000 	c:\Users\User\.antigravity-ide\extensions\redhat.java-1.56.0-win32-x64\jre\21.0.12.1-win32-x86_64\bin\java.dll
0x00007ffc6a760000 - 0x00007ffc6aef8000 	C:\WINDOWS\System32\SHELL32.dll
0x00007ffc67160000 - 0x00007ffc67a0e000 	C:\WINDOWS\SYSTEM32\windows.storage.dll
0x00007ffc6b500000 - 0x00007ffc6b5fb000 	C:\WINDOWS\System32\SHCORE.dll
0x00007ffc6a500000 - 0x00007ffc6a566000 	C:\WINDOWS\System32\shlwapi.dll
0x00007ffc69640000 - 0x00007ffc69669000 	C:\WINDOWS\SYSTEM32\profapi.dll
0x00007ffc5c160000 - 0x00007ffc5c178000 	c:\Users\User\.antigravity-ide\extensions\redhat.java-1.56.0-win32-x64\jre\21.0.12.1-win32-x86_64\bin\zip.dll
0x00007ffc5c150000 - 0x00007ffc5c160000 	C:\Users\User\.antigravity-ide\extensions\redhat.java-1.56.0-win32-x64\jre\21.0.12.1-win32-x86_64\bin\net.dll
0x00007ffc5fd00000 - 0x00007ffc5fe2a000 	C:\WINDOWS\SYSTEM32\WINHTTP.dll
0x00007ffc68950000 - 0x00007ffc689bc000 	C:\WINDOWS\system32\mswsock.dll
0x00007ffc5bc00000 - 0x00007ffc5bc16000 	C:\Users\User\.antigravity-ide\extensions\redhat.java-1.56.0-win32-x64\jre\21.0.12.1-win32-x86_64\bin\nio.dll
0x00007ffc5ae40000 - 0x00007ffc5ae50000 	c:\Users\User\.antigravity-ide\extensions\redhat.java-1.56.0-win32-x64\jre\21.0.12.1-win32-x86_64\bin\verify.dll
0x00007ffc35240000 - 0x00007ffc35285000 	C:\Users\User\AppData\Roaming\Antigravity IDE\User\globalStorage\redhat.java\1.56.0\config_ss_win\org.eclipse.equinox.launcher\org.eclipse.equinox.launcher.win32.win32.x86_64_1.3.100.v20260804-1928\eclipse_11924.dll
0x00007ffc6a570000 - 0x00007ffc6a70a000 	C:\WINDOWS\System32\ole32.dll
0x00007ffc68d70000 - 0x00007ffc68d8b000 	C:\WINDOWS\SYSTEM32\CRYPTSP.dll
0x00007ffc68310000 - 0x00007ffc68349000 	C:\WINDOWS\system32\rsaenh.dll
0x00007ffc68a00000 - 0x00007ffc68a34000 	C:\WINDOWS\SYSTEM32\USERENV.dll
0x00007ffc69610000 - 0x00007ffc6963a000 	C:\WINDOWS\SYSTEM32\bcrypt.dll
0x00007ffc68bb0000 - 0x00007ffc68bbc000 	C:\WINDOWS\SYSTEM32\CRYPTBASE.dll
0x00007ffc67d60000 - 0x00007ffc67d93000 	C:\WINDOWS\SYSTEM32\IPHLPAPI.DLL
0x00007ffc6c0d0000 - 0x00007ffc6c0da000 	C:\WINDOWS\System32\NSI.dll
0x00007ffc2adf0000 - 0x00007ffc2ae39000 	C:\Users\User\AppData\Local\Temp\jna--2083208642\jna4079986931288141475.dll
0x00007ffc6c0c0000 - 0x00007ffc6c0c8000 	C:\WINDOWS\System32\PSAPI.DLL
0x00007ffc600d0000 - 0x00007ffc600ed000 	C:\WINDOWS\SYSTEM32\dhcpcsvc6.DLL
0x00007ffc600a0000 - 0x00007ffc600c5000 	C:\WINDOWS\SYSTEM32\dhcpcsvc.DLL

JVMTI agents:
c:\Users\User\.antigravity-ide\extensions\redhat.java-1.56.0-win32-x64\lombok\lombok-1.18.39-4050.jar path:c:\Users\User\.antigravity-ide\extensions\redhat.java-1.56.0-win32-x64\jre\21.0.12.1-win32-x86_64\bin\instrument.dll, loaded, initialized, instrumentlib options:none

dbghelp: loaded successfully - version: 4.0.5 - missing functions: none
symbol engine: initialized successfully - sym options: 0x614 - pdb path: .;c:\Users\User\.antigravity-ide\extensions\redhat.java-1.56.0-win32-x64\jre\21.0.12.1-win32-x86_64\bin;C:\WINDOWS\SYSTEM32;C:\WINDOWS\WinSxS\amd64_microsoft.windows.common-controls_6595b64144ccf1df_6.0.26100.9278_none_3e0d1ba8e3303201;c:\Users\User\.antigravity-ide\extensions\redhat.java-1.56.0-win32-x64\jre\21.0.12.1-win32-x86_64\bin\server;C:\Users\User\AppData\Roaming\Antigravity IDE\User\globalStorage\redhat.java\1.56.0\config_ss_win\org.eclipse.equinox.launcher\org.eclipse.equinox.launcher.win32.win32.x86_64_1.3.100.v20260804-1928;C:\Users\User\AppData\Local\Temp\jna--2083208642

VM Arguments:
jvm_args: --add-modules=ALL-SYSTEM --add-opens=java.base/java.util=ALL-UNNAMED --add-opens=java.base/java.lang=ALL-UNNAMED --add-opens=java.base/sun.nio.fs=ALL-UNNAMED -Declipse.application=org.eclipse.jdt.ls.core.id1 -Dosgi.bundles.defaultStartLevel=4 -Declipse.product=org.eclipse.jdt.ls.core.product -Djava.import.generatesMetadataFilesAtProjectRoot=false -Dm2e.project.cache.size=50 -DDetectVMInstallationsJob.disabled=true -Dfile.encoding=utf8 -XX:+UseParallelGC -XX:GCTimeRatio=4 -XX:AdaptiveSizePolicyWeight=90 -Dsun.zip.disableMemoryMapping=true -Xmx2G -Xms100m -Xlog:disable -javaagent:c:\Users\User\.antigravity-ide\extensions\redhat.java-1.56.0-win32-x64\lombok\lombok-1.18.39-4050.jar 
java_command: c:\Users\User\.antigravity-ide\extensions\redhat.java-1.56.0-win32-x64\server\plugins\org.eclipse.equinox.launcher_1.8.0.v20260804-1928.jar -configuration c:\Users\User\AppData\Roaming\Antigravity IDE\User\globalStorage\redhat.java\1.56.0\config_ss_win -data c:\Users\User\AppData\Roaming\Antigravity IDE\User\workspaceStorage\2d7ac5d3307a55c8985de7f30235a0eb\redhat.java\ss_ws --pipe=\\.\pipe\lsp-d55d93d176bddd0012792ae5974f478d-sock
java_class_path (initial): c:\Users\User\.antigravity-ide\extensions\redhat.java-1.56.0-win32-x64\server\plugins\org.eclipse.equinox.launcher_1.8.0.v20260804-1928.jar
Launcher Type: SUN_STANDARD

[Global flags]
    uintx AdaptiveSizePolicyWeight                 = 90                                        {product} {command line}
     intx CICompilerCount                          = 4                                         {product} {ergonomic}
    uintx GCTimeRatio                              = 4                                         {product} {command line}
   size_t InitialHeapSize                          = 104857600                                 {product} {command line}
   size_t MaxHeapSize                              = 2147483648                                {product} {command line}
   size_t MaxNewSize                               = 715653120                                 {product} {ergonomic}
   size_t MinHeapDeltaBytes                        = 524288                                    {product} {ergonomic}
   size_t MinHeapSize                              = 104857600                                 {product} {command line}
   size_t NewSize                                  = 34603008                                  {product} {ergonomic}
    uintx NonNMethodCodeHeapSize                   = 5839372                                {pd product} {ergonomic}
    uintx NonProfiledCodeHeapSize                  = 122909434                              {pd product} {ergonomic}
   size_t OldSize                                  = 70254592                                  {product} {ergonomic}
    uintx ProfiledCodeHeapSize                     = 122909434                              {pd product} {ergonomic}
    uintx ReservedCodeCacheSize                    = 251658240                              {pd product} {ergonomic}
     bool SegmentedCodeCache                       = true                                      {product} {ergonomic}
   size_t SoftMaxHeapSize                          = 2147483648                             {manageable} {ergonomic}
     bool UseCompressedOops                        = true                           {product lp64_product} {ergonomic}
     bool UseLargePagesIndividualAllocation        = false                                  {pd product} {ergonomic}
     bool UseParallelGC                            = true                                      {product} {command line}

Logging:
Log output configuration:
 #0: stdout all=off uptime,level,tags foldmultilines=false
 #1: stderr all=off uptime,level,tags foldmultilines=false

Release file:
JAVA_VERSION="21.0.12.1" 
MODULES="java.base java.compiler java.datatransfer java.xml java.prefs java.desktop java.instrument java.logging java.management java.security.sasl java.naming java.rmi java.management.rmi java.net.http java.scripting java.security.jgss java.transaction.xa java.sql java.sql.rowset java.xml.crypto java.se java.smartcardio jdk.accessibility jdk.internal.jvmstat jdk.attach jdk.charsets jdk.internal.opt jdk.zipfs jdk.compiler jdk.crypto.ec jdk.crypto.cryptoki jdk.crypto.mscapi jdk.dynalink jdk.internal.ed jdk.editpad jdk.hotspot.agent jdk.httpserver jdk.internal.le jdk.internal.vm.ci jdk.internal.vm.compiler jdk.internal.vm.compiler.management jdk.jartool jdk.javadoc jdk.jcmd jdk.management jdk.management.agent jdk.jconsole jdk.jdeps jdk.jdwp.agent jdk.jdi jdk.jfr jdk.jshell jdk.jsobject jdk.jstatd jdk.localedata jdk.management.jfr jdk.naming.dns jdk.naming.rmi jdk.net jdk.nio.mapmode jdk.random jdk.sctp jdk.security.auth jdk.security.jgss jdk.unsupported jdk.unsupported.desktop jdk.xml.dom" 

Environment Variables:
PATH=C:\Program Files\Eclipse Adoptium\jdk-17.0.18.8-hotspot\bin;C:\WINDOWS\system32;C:\WINDOWS;C:\WINDOWS\System32\Wbem;C:\WINDOWS\System32\WindowsPowerShell\v1.0\;C:\WINDOWS\System32\OpenSSH\;C:\Program Files\nodejs\;C:\Program Files\Git\cmd;C:\Program Files\GitHub CLI\;C:\Program Files\Docker\Docker\resources\bin;C:\Program Files (x86)\Microsoft SQL Server\160\Tools\Binn\;C:\Program Files\Microsoft SQL Server\160\Tools\Binn\;C:\Program Files\Microsoft SQL Server\Client SDK\ODBC\170\Tools\Binn\;C:\Program Files\Microsoft SQL Server\160\DTS\Binn\;C:\Users\User\AppData\Local\Android\Sdk\platform-tools;C:\Program Files\MySQL\MySQL Shell 8.0\bin\;C:\Users\User\AppData\Local\Microsoft\WindowsApps;C:\Users\User\AppData\Local\Programs\Microsoft VS Code\bin;C:\Users\User\AppData\Roaming\npm;C:\Users\User\AppData\Local\Programs\Antigravity\bin;C:\Users\User\AppData\Local\Programs\cursor\resources\app\bin;C:\Users\User\AppData\Local\Programs\Antigravity IDE\bin
USERNAME=Javith
OS=Windows_NT
PROCESSOR_IDENTIFIER=Intel64 Family 6 Model 142 Stepping 12, GenuineIntel
TMP=C:\Users\User\AppData\Local\Temp
TEMP=C:\Users\User\AppData\Local\Temp




Periodic native trim disabled

---------------  S Y S T E M  ---------------

OS:
 Windows 11 , 64 bit Build 26100 (10.0.26100.9444)
OS uptime: 0 days 4:53 hours
Hyper-V role detected

CPU: total 8 (initial active 8) (4 cores per cpu, 2 threads per core) family 6 model 142 stepping 12 microcode 0x100, cx8, cmov, fxsr, ht, mmx, 3dnowpref, sse, sse2, sse3, ssse3, sse4.1, sse4.2, popcnt, lzcnt, tsc, tscinvbit, avx, avx2, aes, erms, clmul, bmi1, bmi2, adx, fma, vzeroupper, clflush, clflushopt, hv, rdtscp, f16c
Processor Information for processor 0
  Max Mhz: 2112, Current Mhz: 1609, Mhz Limit: 1605
Processor Information for processor 1
  Max Mhz: 2112, Current Mhz: 1609, Mhz Limit: 1605
Processor Information for processor 2
  Max Mhz: 2112, Current Mhz: 1609, Mhz Limit: 1605
Processor Information for processor 3
  Max Mhz: 2112, Current Mhz: 1508, Mhz Limit: 1605
Processor Information for processor 4
  Max Mhz: 2112, Current Mhz: 1609, Mhz Limit: 1605
Processor Information for processor 5
  Max Mhz: 2112, Current Mhz: 1609, Mhz Limit: 1605
Processor Information for processor 6
  Max Mhz: 2112, Current Mhz: 1609, Mhz Limit: 1605
Processor Information for processor 7
  Max Mhz: 2112, Current Mhz: 1609, Mhz Limit: 1605

Memory: 4k page, system-wide physical 15782M (580M free)
TotalPageFile size 26736M (AvailPageFile size 3M)
current process WorkingSet (physical memory assigned to process): 158M, peak: 159M
current process commit charge ("private bytes"): 289M, peak: 293M

vm_info: OpenJDK 64-Bit Server VM (21.0.12.1+1-LTS) for windows-amd64 JRE (21.0.12.1+1-LTS), built on 2026-08-18T00:00:00Z by "admin" with MS VC++ 17.12 (VS2022)

END.
